<?xml version="1.0"?>
<link_info>
   <banner>MSP430 Linker PC v16.9.4.LTS</banner>
   <copyright>Copyright (c) 2003-2017 Texas Instruments Incorporated</copyright>
   <link_time>0x5b17369e</link_time>
   <link_errors>0x0</link_errors>
   <output_file>PC3.out</output_file>
   <entry_point>
      <name>_c_int00_noargs_noexit</name>
      <address>0xf6ec</address>
   </entry_point>
   <input_file_list>
      <input_file id="fl-2">
         <path>.\</path>
         <kind>object</kind>
         <file>main.obj</file>
         <name>main.obj</name>
      </input_file>
      <input_file id="fl-8">
         <kind>object</kind>
         <file>&lt;internal&gt;</file>
         <name>&lt;internal&gt;</name>
      </input_file>
      <input_file id="fl-23">
         <path>C:\ti\ccsv7\tools\compiler\ti-cgt-msp430_16.9.4.LTS\lib\</path>
         <kind>archive</kind>
         <file>rts430x_lc_sd_eabi.lib</file>
         <name>addd.obj</name>
      </input_file>
      <input_file id="fl-24">
         <path>C:\ti\ccsv7\tools\compiler\ti-cgt-msp430_16.9.4.LTS\lib\</path>
         <kind>archive</kind>
         <file>rts430x_lc_sd_eabi.lib</file>
         <name>boot.obj</name>
      </input_file>
      <input_file id="fl-25">
         <path>C:\ti\ccsv7\tools\compiler\ti-cgt-msp430_16.9.4.LTS\lib\</path>
         <kind>archive</kind>
         <file>rts430x_lc_sd_eabi.lib</file>
         <name>boot_special.obj</name>
      </input_file>
      <input_file id="fl-26">
         <path>C:\ti\ccsv7\tools\compiler\ti-cgt-msp430_16.9.4.LTS\lib\</path>
         <kind>archive</kind>
         <file>rts430x_lc_sd_eabi.lib</file>
         <name>copy_decompress_lzss.obj</name>
      </input_file>
      <input_file id="fl-27">
         <path>C:\ti\ccsv7\tools\compiler\ti-cgt-msp430_16.9.4.LTS\lib\</path>
         <kind>archive</kind>
         <file>rts430x_lc_sd_eabi.lib</file>
         <name>copy_decompress_none.obj</name>
      </input_file>
      <input_file id="fl-28">
         <path>C:\ti\ccsv7\tools\compiler\ti-cgt-msp430_16.9.4.LTS\lib\</path>
         <kind>archive</kind>
         <file>rts430x_lc_sd_eabi.lib</file>
         <name>copy_zero_init.obj</name>
      </input_file>
      <input_file id="fl-29">
         <path>C:\ti\ccsv7\tools\compiler\ti-cgt-msp430_16.9.4.LTS\lib\</path>
         <kind>archive</kind>
         <file>rts430x_lc_sd_eabi.lib</file>
         <name>cpy_util.obj</name>
      </input_file>
      <input_file id="fl-2a">
         <path>C:\ti\ccsv7\tools\compiler\ti-cgt-msp430_16.9.4.LTS\lib\</path>
         <kind>archive</kind>
         <file>rts430x_lc_sd_eabi.lib</file>
         <name>cvtdf.obj</name>
      </input_file>
      <input_file id="fl-2b">
         <path>C:\ti\ccsv7\tools\compiler\ti-cgt-msp430_16.9.4.LTS\lib\</path>
         <kind>archive</kind>
         <file>rts430x_lc_sd_eabi.lib</file>
         <name>cvtfd.obj</name>
      </input_file>
      <input_file id="fl-2c">
         <path>C:\ti\ccsv7\tools\compiler\ti-cgt-msp430_16.9.4.LTS\lib\</path>
         <kind>archive</kind>
         <file>rts430x_lc_sd_eabi.lib</file>
         <name>div16s.obj</name>
      </input_file>
      <input_file id="fl-2d">
         <path>C:\ti\ccsv7\tools\compiler\ti-cgt-msp430_16.9.4.LTS\lib\</path>
         <kind>archive</kind>
         <file>rts430x_lc_sd_eabi.lib</file>
         <name>div16u.obj</name>
      </input_file>
      <input_file id="fl-2e">
         <path>C:\ti\ccsv7\tools\compiler\ti-cgt-msp430_16.9.4.LTS\lib\</path>
         <kind>archive</kind>
         <file>rts430x_lc_sd_eabi.lib</file>
         <name>divd.obj</name>
      </input_file>
      <input_file id="fl-2f">
         <path>C:\ti\ccsv7\tools\compiler\ti-cgt-msp430_16.9.4.LTS\lib\</path>
         <kind>archive</kind>
         <file>rts430x_lc_sd_eabi.lib</file>
         <name>e_log.obj</name>
      </input_file>
      <input_file id="fl-30">
         <path>C:\ti\ccsv7\tools\compiler\ti-cgt-msp430_16.9.4.LTS\lib\</path>
         <kind>archive</kind>
         <file>rts430x_lc_sd_eabi.lib</file>
         <name>errno.obj</name>
      </input_file>
      <input_file id="fl-31">
         <path>C:\ti\ccsv7\tools\compiler\ti-cgt-msp430_16.9.4.LTS\lib\</path>
         <kind>archive</kind>
         <file>rts430x_lc_sd_eabi.lib</file>
         <name>exit.obj</name>
      </input_file>
      <input_file id="fl-32">
         <path>C:\ti\ccsv7\tools\compiler\ti-cgt-msp430_16.9.4.LTS\lib\</path>
         <kind>archive</kind>
         <file>rts430x_lc_sd_eabi.lib</file>
         <name>exit_gvars.obj</name>
      </input_file>
      <input_file id="fl-33">
         <path>C:\ti\ccsv7\tools\compiler\ti-cgt-msp430_16.9.4.LTS\lib\</path>
         <kind>archive</kind>
         <file>rts430x_lc_sd_eabi.lib</file>
         <name>fltid.obj</name>
      </input_file>
      <input_file id="fl-34">
         <path>C:\ti\ccsv7\tools\compiler\ti-cgt-msp430_16.9.4.LTS\lib\</path>
         <kind>archive</kind>
         <file>rts430x_lc_sd_eabi.lib</file>
         <name>fltlid.obj</name>
      </input_file>
      <input_file id="fl-35">
         <path>C:\ti\ccsv7\tools\compiler\ti-cgt-msp430_16.9.4.LTS\lib\</path>
         <kind>archive</kind>
         <file>rts430x_lc_sd_eabi.lib</file>
         <name>fltuld.obj</name>
      </input_file>
      <input_file id="fl-36">
         <path>C:\ti\ccsv7\tools\compiler\ti-cgt-msp430_16.9.4.LTS\lib\</path>
         <kind>archive</kind>
         <file>rts430x_lc_sd_eabi.lib</file>
         <name>frcaddd.obj</name>
      </input_file>
      <input_file id="fl-37">
         <path>C:\ti\ccsv7\tools\compiler\ti-cgt-msp430_16.9.4.LTS\lib\</path>
         <kind>archive</kind>
         <file>rts430x_lc_sd_eabi.lib</file>
         <name>frcdivd.obj</name>
      </input_file>
      <input_file id="fl-38">
         <path>C:\ti\ccsv7\tools\compiler\ti-cgt-msp430_16.9.4.LTS\lib\</path>
         <kind>archive</kind>
         <file>rts430x_lc_sd_eabi.lib</file>
         <name>fs_add.obj</name>
      </input_file>
      <input_file id="fl-39">
         <path>C:\ti\ccsv7\tools\compiler\ti-cgt-msp430_16.9.4.LTS\lib\</path>
         <kind>archive</kind>
         <file>rts430x_lc_sd_eabi.lib</file>
         <name>fs_cmp.obj</name>
      </input_file>
      <input_file id="fl-3a">
         <path>C:\ti\ccsv7\tools\compiler\ti-cgt-msp430_16.9.4.LTS\lib\</path>
         <kind>archive</kind>
         <file>rts430x_lc_sd_eabi.lib</file>
         <name>fs_div.obj</name>
      </input_file>
      <input_file id="fl-3b">
         <path>C:\ti\ccsv7\tools\compiler\ti-cgt-msp430_16.9.4.LTS\lib\</path>
         <kind>archive</kind>
         <file>rts430x_lc_sd_eabi.lib</file>
         <name>fs_itof.obj</name>
      </input_file>
      <input_file id="fl-3c">
         <path>C:\ti\ccsv7\tools\compiler\ti-cgt-msp430_16.9.4.LTS\lib\</path>
         <kind>archive</kind>
         <file>rts430x_lc_sd_eabi.lib</file>
         <name>fs_mpy.obj</name>
      </input_file>
      <input_file id="fl-3d">
         <path>C:\ti\ccsv7\tools\compiler\ti-cgt-msp430_16.9.4.LTS\lib\</path>
         <kind>archive</kind>
         <file>rts430x_lc_sd_eabi.lib</file>
         <name>fs_neg.obj</name>
      </input_file>
      <input_file id="fl-3e">
         <path>C:\ti\ccsv7\tools\compiler\ti-cgt-msp430_16.9.4.LTS\lib\</path>
         <kind>archive</kind>
         <file>rts430x_lc_sd_eabi.lib</file>
         <name>fs_toi.obj</name>
      </input_file>
      <input_file id="fl-3f">
         <path>C:\ti\ccsv7\tools\compiler\ti-cgt-msp430_16.9.4.LTS\lib\</path>
         <kind>archive</kind>
         <file>rts430x_lc_sd_eabi.lib</file>
         <name>fs_ultof.obj</name>
      </input_file>
      <input_file id="fl-40">
         <path>C:\ti\ccsv7\tools\compiler\ti-cgt-msp430_16.9.4.LTS\lib\</path>
         <kind>archive</kind>
         <file>rts430x_lc_sd_eabi.lib</file>
         <name>fs_utof.obj</name>
      </input_file>
      <input_file id="fl-41">
         <path>C:\ti\ccsv7\tools\compiler\ti-cgt-msp430_16.9.4.LTS\lib\</path>
         <kind>archive</kind>
         <file>rts430x_lc_sd_eabi.lib</file>
         <name>int41.obj</name>
      </input_file>
      <input_file id="fl-42">
         <path>C:\ti\ccsv7\tools\compiler\ti-cgt-msp430_16.9.4.LTS\lib\</path>
         <kind>archive</kind>
         <file>rts430x_lc_sd_eabi.lib</file>
         <name>int42.obj</name>
      </input_file>
      <input_file id="fl-43">
         <path>C:\ti\ccsv7\tools\compiler\ti-cgt-msp430_16.9.4.LTS\lib\</path>
         <kind>archive</kind>
         <file>rts430x_lc_sd_eabi.lib</file>
         <name>int43.obj</name>
      </input_file>
      <input_file id="fl-44">
         <path>C:\ti\ccsv7\tools\compiler\ti-cgt-msp430_16.9.4.LTS\lib\</path>
         <kind>archive</kind>
         <file>rts430x_lc_sd_eabi.lib</file>
         <name>int45.obj</name>
      </input_file>
      <input_file id="fl-45">
         <path>C:\ti\ccsv7\tools\compiler\ti-cgt-msp430_16.9.4.LTS\lib\</path>
         <kind>archive</kind>
         <file>rts430x_lc_sd_eabi.lib</file>
         <name>int46.obj</name>
      </input_file>
      <input_file id="fl-46">
         <path>C:\ti\ccsv7\tools\compiler\ti-cgt-msp430_16.9.4.LTS\lib\</path>
         <kind>archive</kind>
         <file>rts430x_lc_sd_eabi.lib</file>
         <name>int48.obj</name>
      </input_file>
      <input_file id="fl-47">
         <path>C:\ti\ccsv7\tools\compiler\ti-cgt-msp430_16.9.4.LTS\lib\</path>
         <kind>archive</kind>
         <file>rts430x_lc_sd_eabi.lib</file>
         <name>int49.obj</name>
      </input_file>
      <input_file id="fl-48">
         <path>C:\ti\ccsv7\tools\compiler\ti-cgt-msp430_16.9.4.LTS\lib\</path>
         <kind>archive</kind>
         <file>rts430x_lc_sd_eabi.lib</file>
         <name>int50.obj</name>
      </input_file>
      <input_file id="fl-49">
         <path>C:\ti\ccsv7\tools\compiler\ti-cgt-msp430_16.9.4.LTS\lib\</path>
         <kind>archive</kind>
         <file>rts430x_lc_sd_eabi.lib</file>
         <name>int51.obj</name>
      </input_file>
      <input_file id="fl-4a">
         <path>C:\ti\ccsv7\tools\compiler\ti-cgt-msp430_16.9.4.LTS\lib\</path>
         <kind>archive</kind>
         <file>rts430x_lc_sd_eabi.lib</file>
         <name>int52.obj</name>
      </input_file>
      <input_file id="fl-4b">
         <path>C:\ti\ccsv7\tools\compiler\ti-cgt-msp430_16.9.4.LTS\lib\</path>
         <kind>archive</kind>
         <file>rts430x_lc_sd_eabi.lib</file>
         <name>int53.obj</name>
      </input_file>
      <input_file id="fl-4c">
         <path>C:\ti\ccsv7\tools\compiler\ti-cgt-msp430_16.9.4.LTS\lib\</path>
         <kind>archive</kind>
         <file>rts430x_lc_sd_eabi.lib</file>
         <name>int54.obj</name>
      </input_file>
      <input_file id="fl-4d">
         <path>C:\ti\ccsv7\tools\compiler\ti-cgt-msp430_16.9.4.LTS\lib\</path>
         <kind>archive</kind>
         <file>rts430x_lc_sd_eabi.lib</file>
         <name>int55.obj</name>
      </input_file>
      <input_file id="fl-4e">
         <path>C:\ti\ccsv7\tools\compiler\ti-cgt-msp430_16.9.4.LTS\lib\</path>
         <kind>archive</kind>
         <file>rts430x_lc_sd_eabi.lib</file>
         <name>int56.obj</name>
      </input_file>
      <input_file id="fl-4f">
         <path>C:\ti\ccsv7\tools\compiler\ti-cgt-msp430_16.9.4.LTS\lib\</path>
         <kind>archive</kind>
         <file>rts430x_lc_sd_eabi.lib</file>
         <name>int57.obj</name>
      </input_file>
      <input_file id="fl-50">
         <path>C:\ti\ccsv7\tools\compiler\ti-cgt-msp430_16.9.4.LTS\lib\</path>
         <kind>archive</kind>
         <file>rts430x_lc_sd_eabi.lib</file>
         <name>int58.obj</name>
      </input_file>
      <input_file id="fl-51">
         <path>C:\ti\ccsv7\tools\compiler\ti-cgt-msp430_16.9.4.LTS\lib\</path>
         <kind>archive</kind>
         <file>rts430x_lc_sd_eabi.lib</file>
         <name>isr_trap.obj</name>
      </input_file>
      <input_file id="fl-52">
         <path>C:\ti\ccsv7\tools\compiler\ti-cgt-msp430_16.9.4.LTS\lib\</path>
         <kind>archive</kind>
         <file>rts430x_lc_sd_eabi.lib</file>
         <name>lsl32.obj</name>
      </input_file>
      <input_file id="fl-53">
         <path>C:\ti\ccsv7\tools\compiler\ti-cgt-msp430_16.9.4.LTS\lib\</path>
         <kind>archive</kind>
         <file>rts430x_lc_sd_eabi.lib</file>
         <name>lsr32.obj</name>
      </input_file>
      <input_file id="fl-54">
         <path>C:\ti\ccsv7\tools\compiler\ti-cgt-msp430_16.9.4.LTS\lib\</path>
         <kind>archive</kind>
         <file>rts430x_lc_sd_eabi.lib</file>
         <name>lsr64.obj</name>
      </input_file>
      <input_file id="fl-55">
         <path>C:\ti\ccsv7\tools\compiler\ti-cgt-msp430_16.9.4.LTS\lib\</path>
         <kind>archive</kind>
         <file>rts430x_lc_sd_eabi.lib</file>
         <name>memcpy.obj</name>
      </input_file>
      <input_file id="fl-56">
         <path>C:\ti\ccsv7\tools\compiler\ti-cgt-msp430_16.9.4.LTS\lib\</path>
         <kind>archive</kind>
         <file>rts430x_lc_sd_eabi.lib</file>
         <name>memory.obj</name>
      </input_file>
      <input_file id="fl-57">
         <path>C:\ti\ccsv7\tools\compiler\ti-cgt-msp430_16.9.4.LTS\lib\</path>
         <kind>archive</kind>
         <file>rts430x_lc_sd_eabi.lib</file>
         <name>memset.obj</name>
      </input_file>
      <input_file id="fl-58">
         <path>C:\ti\ccsv7\tools\compiler\ti-cgt-msp430_16.9.4.LTS\lib\</path>
         <kind>archive</kind>
         <file>rts430x_lc_sd_eabi.lib</file>
         <name>mpu_init.obj</name>
      </input_file>
      <input_file id="fl-59">
         <path>C:\ti\ccsv7\tools\compiler\ti-cgt-msp430_16.9.4.LTS\lib\</path>
         <kind>archive</kind>
         <file>rts430x_lc_sd_eabi.lib</file>
         <name>mpyd.obj</name>
      </input_file>
      <input_file id="fl-5a">
         <path>C:\ti\ccsv7\tools\compiler\ti-cgt-msp430_16.9.4.LTS\lib\</path>
         <kind>archive</kind>
         <file>rts430x_lc_sd_eabi.lib</file>
         <name>mult16.obj</name>
      </input_file>
      <input_file id="fl-5b">
         <path>C:\ti\ccsv7\tools\compiler\ti-cgt-msp430_16.9.4.LTS\lib\</path>
         <kind>archive</kind>
         <file>rts430x_lc_sd_eabi.lib</file>
         <name>mult1632_f5hw.obj</name>
      </input_file>
      <input_file id="fl-5c">
         <path>C:\ti\ccsv7\tools\compiler\ti-cgt-msp430_16.9.4.LTS\lib\</path>
         <kind>archive</kind>
         <file>rts430x_lc_sd_eabi.lib</file>
         <name>mult16_f5hw.obj</name>
      </input_file>
      <input_file id="fl-5d">
         <path>C:\ti\ccsv7\tools\compiler\ti-cgt-msp430_16.9.4.LTS\lib\</path>
         <kind>archive</kind>
         <file>rts430x_lc_sd_eabi.lib</file>
         <name>mult32.obj</name>
      </input_file>
      <input_file id="fl-5e">
         <path>C:\ti\ccsv7\tools\compiler\ti-cgt-msp430_16.9.4.LTS\lib\</path>
         <kind>archive</kind>
         <file>rts430x_lc_sd_eabi.lib</file>
         <name>mult3264_f5hw.obj</name>
      </input_file>
      <input_file id="fl-5f">
         <path>C:\ti\ccsv7\tools\compiler\ti-cgt-msp430_16.9.4.LTS\lib\</path>
         <kind>archive</kind>
         <file>rts430x_lc_sd_eabi.lib</file>
         <name>mult32_f5hw.obj</name>
      </input_file>
      <input_file id="fl-60">
         <path>C:\ti\ccsv7\tools\compiler\ti-cgt-msp430_16.9.4.LTS\lib\</path>
         <kind>archive</kind>
         <file>rts430x_lc_sd_eabi.lib</file>
         <name>mult64_f5hw.obj</name>
      </input_file>
      <input_file id="fl-61">
         <path>C:\ti\ccsv7\tools\compiler\ti-cgt-msp430_16.9.4.LTS\lib\</path>
         <kind>archive</kind>
         <file>rts430x_lc_sd_eabi.lib</file>
         <name>pre_init.obj</name>
      </input_file>
      <input_file id="fl-62">
         <path>C:\ti\ccsv7\tools\compiler\ti-cgt-msp430_16.9.4.LTS\lib\</path>
         <kind>archive</kind>
         <file>rts430x_lc_sd_eabi.lib</file>
         <name>renormd.obj</name>
      </input_file>
      <input_file id="fl-63">
         <path>C:\ti\ccsv7\tools\compiler\ti-cgt-msp430_16.9.4.LTS\lib\</path>
         <kind>archive</kind>
         <file>rts430x_lc_sd_eabi.lib</file>
         <name>subd.obj</name>
      </input_file>
      <input_file id="fl-64">
         <path>C:\ti\ccsv7\tools\compiler\ti-cgt-msp430_16.9.4.LTS\lib\</path>
         <kind>archive</kind>
         <file>rts430x_lc_sd_eabi.lib</file>
         <name>_lock.obj</name>
      </input_file>
      <input_file id="fl-65">
         <path>C:\ti\ccsv7\tools\compiler\ti-cgt-msp430_16.9.4.LTS\lib\</path>
         <kind>archive</kind>
         <file>rts430x_lc_sd_eabi.lib</file>
         <name>args_main.obj</name>
      </input_file>
      <input_file id="fl-66">
         <path>C:\ti\ccsv7\tools\compiler\ti-cgt-msp430_16.9.4.LTS\lib\</path>
         <kind>archive</kind>
         <file>rts430x_lc_sd_eabi.lib</file>
         <name>asr32.obj</name>
      </input_file>
      <input_file id="fl-67">
         <path>C:\ti\ccsv7\tools\compiler\ti-cgt-msp430_16.9.4.LTS\lib\</path>
         <kind>archive</kind>
         <file>rts430x_lc_sd_eabi.lib</file>
         <name>autoinit_wdt.obj</name>
      </input_file>
      <input_file id="fl-68">
         <path>C:\ti\ccsv7\tools\compiler\ti-cgt-msp430_16.9.4.LTS\lib\</path>
         <kind>archive</kind>
         <file>rts430x_lc_sd_eabi.lib</file>
         <name>cmpd.obj</name>
      </input_file>
      <input_file id="fl-69">
         <path>C:\ti\ccsv7\tools\compiler\ti-cgt-msp430_16.9.4.LTS\lib\</path>
         <kind>archive</kind>
         <file>rts430x_lc_sd_eabi.lib</file>
         <name>cpy_tbl.obj</name>
      </input_file>
      <input_file id="fl-6a">
         <path>C:\ti\ccsv7\tools\compiler\ti-cgt-msp430_16.9.4.LTS\lib\</path>
         <kind>archive</kind>
         <file>rts430x_lc_sd_eabi.lib</file>
         <name>frcmpyd.obj</name>
      </input_file>
      <input_file id="fl-6b">
         <path>C:\ti\ccsv7\tools\compiler\ti-cgt-msp430_16.9.4.LTS\lib\</path>
         <kind>archive</kind>
         <file>rts430x_lc_sd_eabi.lib</file>
         <name>startup.obj</name>
      </input_file>
   </input_file_list>
   <object_component_list>
      <object_component id="oc-67e">
         <name>.cinit..data.load</name>
         <load_address>0xc400</load_address>
         <run_address>0xc400</run_address>
         <size>0xde</size>
      </object_component>
      <object_component id="oc-67b">
         <name>__TI_handler_table</name>
         <load_address>0xc4e0</load_address>
         <run_address>0xc4e0</run_address>
         <size>0xc</size>
      </object_component>
      <object_component id="oc-67d">
         <name>.cinit..bss.load</name>
         <load_address>0xc4ec</load_address>
         <run_address>0xc4ec</run_address>
         <size>0x6</size>
      </object_component>
      <object_component id="oc-67c">
         <name>__TI_cinit_table</name>
         <load_address>0xc4f2</load_address>
         <run_address>0xc4f2</run_address>
         <size>0x10</size>
      </object_component>
      <object_component id="oc-61b">
         <name>.binit</name>
         <load_address>0xc502</load_address>
         <run_address>0xc502</run_address>
         <size>0x0</size>
      </object_component>
      <object_component id="oc-36c">
         <name>.const:.string</name>
         <load_address>0xc502</load_address>
         <run_address>0xc502</run_address>
         <size>0x6c</size>
         <input_file_ref idref="fl-2"/>
      </object_component>
      <object_component id="oc-556">
         <name>.const:.string:spO2LUT</name>
         <load_address>0xc56e</load_address>
         <run_address>0xc56e</run_address>
         <size>0x2b</size>
         <input_file_ref idref="fl-2"/>
      </object_component>
      <object_component id="oc-55c">
         <name>.const:$P$T0$1</name>
         <load_address>0xc59a</load_address>
         <run_address>0xc59a</run_address>
         <size>0xa</size>
         <input_file_ref idref="fl-2"/>
      </object_component>
      <object_component id="oc-54b">
         <name>.text:log</name>
         <load_address>0xc5a4</load_address>
         <run_address>0xc5a4</run_address>
         <size>0x63a</size>
         <input_file_ref idref="fl-2f"/>
      </object_component>
      <object_component id="oc-5ad">
         <name>.text:__TI_frcdivd</name>
         <load_address>0xcbde</load_address>
         <run_address>0xcbde</run_address>
         <size>0x478</size>
         <input_file_ref idref="fl-37"/>
      </object_component>
      <object_component id="oc-513">
         <name>.text:__mspabi_addd</name>
         <load_address>0xd056</load_address>
         <run_address>0xd056</run_address>
         <size>0x2d6</size>
         <input_file_ref idref="fl-23"/>
      </object_component>
      <object_component id="oc-581">
         <name>.text:__TI_frcmpyd</name>
         <load_address>0xd32c</load_address>
         <run_address>0xd32c</run_address>
         <size>0x286</size>
         <input_file_ref idref="fl-6a"/>
      </object_component>
      <object_component id="oc-50d">
         <name>.text:__mspabi_mpyd</name>
         <load_address>0xd5b2</load_address>
         <run_address>0xd5b2</run_address>
         <size>0x280</size>
         <input_file_ref idref="fl-59"/>
      </object_component>
      <object_component id="oc-58e">
         <name>.text:__TI_frcaddd</name>
         <load_address>0xd832</load_address>
         <run_address>0xd832</run_address>
         <size>0x252</size>
         <input_file_ref idref="fl-36"/>
      </object_component>
      <object_component id="oc-538">
         <name>.text:__mspabi_divd</name>
         <load_address>0xda84</load_address>
         <run_address>0xda84</run_address>
         <size>0x220</size>
         <input_file_ref idref="fl-2e"/>
      </object_component>
      <object_component id="oc-493">
         <name>.text:beatDetectorCheckForBeat</name>
         <load_address>0xdca4</load_address>
         <run_address>0xdca4</run_address>
         <size>0x1ca</size>
         <input_file_ref idref="fl-2"/>
      </object_component>
      <object_component id="oc-40f">
         <name>.text:pulseOxCheckSample</name>
         <load_address>0xde6e</load_address>
         <run_address>0xde6e</run_address>
         <size>0x158</size>
         <input_file_ref idref="fl-2"/>
      </object_component>
      <object_component id="oc-4fe">
         <name>.text</name>
         <load_address>0xdfc6</load_address>
         <run_address>0xdfc6</run_address>
         <size>0x132</size>
         <input_file_ref idref="fl-38"/>
      </object_component>
      <object_component id="oc-4aa">
         <name>.text:spO2CalcUpdate</name>
         <load_address>0xe0f8</load_address>
         <run_address>0xe0f8</run_address>
         <size>0x126</size>
         <input_file_ref idref="fl-2"/>
      </object_component>
      <object_component id="oc-409">
         <name>.text:readFifoData</name>
         <load_address>0xe21e</load_address>
         <run_address>0xe21e</run_address>
         <size>0x11a</size>
         <input_file_ref idref="fl-2"/>
      </object_component>
      <object_component id="oc-526">
         <name>.text:beatDetectorDecreaseThreshold</name>
         <load_address>0xe338</load_address>
         <run_address>0xe338</run_address>
         <size>0xfe</size>
         <input_file_ref idref="fl-2"/>
      </object_component>
      <object_component id="oc-68">
         <name>.text:decompress:lzss:__TI_decompress_lzss</name>
         <load_address>0xe436</load_address>
         <run_address>0xe436</run_address>
         <size>0xee</size>
         <input_file_ref idref="fl-26"/>
      </object_component>
      <object_component id="oc-2c2">
         <name>.text:_isr:USCI_B0_ISR</name>
         <load_address>0xe524</load_address>
         <run_address>0xe524</run_address>
         <size>0xe6</size>
         <input_file_ref idref="fl-2"/>
      </object_component>
      <object_component id="oc-5c0">
         <name>.text:__mspabi_cmpd</name>
         <load_address>0xe60a</load_address>
         <run_address>0xe60a</run_address>
         <size>0xd8</size>
         <input_file_ref idref="fl-68"/>
      </object_component>
      <object_component id="oc-4f9">
         <name>.text</name>
         <load_address>0xe6e2</load_address>
         <run_address>0xe6e2</run_address>
         <size>0xb8</size>
         <input_file_ref idref="fl-3c"/>
      </object_component>
      <object_component id="oc-5f1">
         <name>.text:__TI_renormd</name>
         <load_address>0xe79a</load_address>
         <run_address>0xe79a</run_address>
         <size>0xb2</size>
         <input_file_ref idref="fl-62"/>
      </object_component>
      <object_component id="oc-327">
         <name>.text:copy_in</name>
         <load_address>0xe84c</load_address>
         <run_address>0xe84c</run_address>
         <size>0xb2</size>
         <input_file_ref idref="fl-69"/>
      </object_component>
      <object_component id="oc-4d0">
         <name>.text:malloc</name>
         <load_address>0xe8fe</load_address>
         <run_address>0xe8fe</run_address>
         <size>0xae</size>
         <input_file_ref idref="fl-56"/>
      </object_component>
      <object_component id="oc-5ba">
         <name>.text:__mspabi_fltlid</name>
         <load_address>0xe9ac</load_address>
         <run_address>0xe9ac</run_address>
         <size>0x9e</size>
         <input_file_ref idref="fl-34"/>
      </object_component>
      <object_component id="oc-2da">
         <name>.text:_auto_init_hold_wdt</name>
         <load_address>0xea4a</load_address>
         <run_address>0xea4a</run_address>
         <size>0x96</size>
         <input_file_ref idref="fl-67"/>
      </object_component>
      <object_component id="oc-546">
         <name>.text</name>
         <load_address>0xeae0</load_address>
         <run_address>0xeae0</run_address>
         <size>0x90</size>
         <input_file_ref idref="fl-3a"/>
      </object_component>
      <object_component id="oc-519">
         <name>.text:__mspabi_cvtdf</name>
         <load_address>0xeb70</load_address>
         <run_address>0xeb70</run_address>
         <size>0x8c</size>
         <input_file_ref idref="fl-2a"/>
      </object_component>
      <object_component id="oc-48d">
         <name>.text:butterworthStep</name>
         <load_address>0xebfc</load_address>
         <run_address>0xebfc</run_address>
         <size>0x8c</size>
         <input_file_ref idref="fl-2"/>
      </object_component>
      <object_component id="oc-52c">
         <name>.text:__mspabi_fltuld</name>
         <load_address>0xec88</load_address>
         <run_address>0xec88</run_address>
         <size>0x80</size>
         <input_file_ref idref="fl-35"/>
      </object_component>
      <object_component id="oc-3f0">
         <name>.text:begin</name>
         <load_address>0xed08</load_address>
         <run_address>0xed08</run_address>
         <size>0x80</size>
         <input_file_ref idref="fl-2"/>
      </object_component>
      <object_component id="oc-4bc">
         <name>.text:sendInt</name>
         <load_address>0xed88</load_address>
         <run_address>0xed88</run_address>
         <size>0x7c</size>
         <input_file_ref idref="fl-2"/>
      </object_component>
      <object_component id="oc-4c3">
         <name>.text:getRawValues</name>
         <load_address>0xee04</load_address>
         <run_address>0xee04</run_address>
         <size>0x7a</size>
         <input_file_ref idref="fl-2"/>
      </object_component>
      <object_component id="oc-507">
         <name>.text:__mspabi_cvtfd</name>
         <load_address>0xee7e</load_address>
         <run_address>0xee7e</run_address>
         <size>0x6e</size>
         <input_file_ref idref="fl-2b"/>
      </object_component>
      <object_component id="oc-499">
         <name>.text:beatDetectorGetRate</name>
         <load_address>0xeeec</load_address>
         <run_address>0xeeec</run_address>
         <size>0x6c</size>
         <input_file_ref idref="fl-2"/>
      </object_component>
      <object_component id="oc-551">
         <name>.text</name>
         <load_address>0xef58</load_address>
         <run_address>0xef58</run_address>
         <size>0x68</size>
         <input_file_ref idref="fl-3e"/>
      </object_component>
      <object_component id="oc-4b0">
         <name>.text:sendFloat</name>
         <load_address>0xefc0</load_address>
         <run_address>0xefc0</run_address>
         <size>0x68</size>
         <input_file_ref idref="fl-2"/>
      </object_component>
      <object_component id="oc-4dd">
         <name>.text:I2C_Master_WriteReg</name>
         <load_address>0xf028</load_address>
         <run_address>0xf028</run_address>
         <size>0x54</size>
         <input_file_ref idref="fl-2"/>
      </object_component>
      <object_component id="oc-2f4">
         <name>.text:main</name>
         <load_address>0xf07c</load_address>
         <run_address>0xf07c</run_address>
         <size>0x52</size>
         <input_file_ref idref="fl-2"/>
      </object_component>
      <object_component id="oc-373">
         <name>.text:pulseOxBegin</name>
         <load_address>0xf0ce</load_address>
         <run_address>0xf0ce</run_address>
         <size>0x52</size>
         <input_file_ref idref="fl-2"/>
      </object_component>
      <object_component id="oc-49f">
         <name>.text</name>
         <load_address>0xf120</load_address>
         <run_address>0xf120</run_address>
         <size>0x4a</size>
         <input_file_ref idref="fl-39"/>
      </object_component>
      <object_component id="oc-4e4">
         <name>.text:I2C_Master_ReadReg</name>
         <load_address>0xf16a</load_address>
         <run_address>0xf16a</run_address>
         <size>0x40</size>
         <input_file_ref idref="fl-2"/>
      </object_component>
      <object_component id="oc-2b1">
         <name>.text:__memcpy_far</name>
         <load_address>0xf1aa</load_address>
         <run_address>0xf1aa</run_address>
         <size>0x40</size>
         <input_file_ref idref="fl-29"/>
      </object_component>
      <object_component id="oc-47c">
         <name>.text:dcStepIr</name>
         <load_address>0xf1ea</load_address>
         <run_address>0xf1ea</run_address>
         <size>0x3e</size>
         <input_file_ref idref="fl-2"/>
      </object_component>
      <object_component id="oc-482">
         <name>.text:dcStepRed</name>
         <load_address>0xf228</load_address>
         <run_address>0xf228</run_address>
         <size>0x3e</size>
         <input_file_ref idref="fl-2"/>
      </object_component>
      <object_component id="oc-86">
         <name>.text:decompress:ZI:__TI_zero_init</name>
         <load_address>0xf266</load_address>
         <run_address>0xf266</run_address>
         <size>0x3e</size>
         <input_file_ref idref="fl-28"/>
      </object_component>
      <object_component id="oc-576">
         <name>.text:l_asr_const</name>
         <load_address>0xf2a4</load_address>
         <run_address>0xf2a4</run_address>
         <size>0x3e</size>
         <input_file_ref idref="fl-66"/>
      </object_component>
      <object_component id="oc-596">
         <name>.text:l_lsl_const</name>
         <load_address>0xf2e2</load_address>
         <run_address>0xf2e2</run_address>
         <size>0x3e</size>
         <input_file_ref idref="fl-52"/>
      </object_component>
      <object_component id="oc-5a5">
         <name>.text:l_lsr_const</name>
         <load_address>0xf320</load_address>
         <run_address>0xf320</run_address>
         <size>0x3e</size>
         <input_file_ref idref="fl-53"/>
      </object_component>
      <object_component id="oc-6e">
         <name>.text:decompress:none:__TI_decompress_none</name>
         <load_address>0xf35e</load_address>
         <run_address>0xf35e</run_address>
         <size>0x3c</size>
         <input_file_ref idref="fl-27"/>
      </object_component>
      <object_component id="oc-354">
         <name>.text:initClockTo16MHz</name>
         <load_address>0xf39a</load_address>
         <run_address>0xf39a</run_address>
         <size>0x38</size>
         <input_file_ref idref="fl-2"/>
      </object_component>
      <object_component id="oc-564">
         <name>.text:minit</name>
         <load_address>0xf3d2</load_address>
         <run_address>0xf3d2</run_address>
         <size>0x38</size>
         <input_file_ref idref="fl-56"/>
      </object_component>
      <object_component id="oc-532">
         <name>.text</name>
         <load_address>0xf40a</load_address>
         <run_address>0xf40a</run_address>
         <size>0x36</size>
         <input_file_ref idref="fl-3b"/>
      </object_component>
      <object_component id="oc-541">
         <name>.text</name>
         <load_address>0xf440</load_address>
         <run_address>0xf440</run_address>
         <size>0x32</size>
         <input_file_ref idref="fl-3f"/>
      </object_component>
      <object_component id="oc-449">
         <name>.text:setHighresModeEnabled</name>
         <load_address>0xf472</load_address>
         <run_address>0xf472</run_address>
         <size>0x32</size>
         <input_file_ref idref="fl-2"/>
      </object_component>
      <object_component id="oc-59e">
         <name>.text:__mspabi_subd</name>
         <load_address>0xf4a4</load_address>
         <run_address>0xf4a4</run_address>
         <size>0x2e</size>
         <input_file_ref idref="fl-63"/>
      </object_component>
      <object_component id="oc-465">
         <name>.text:readRegister</name>
         <load_address>0xf4d2</load_address>
         <run_address>0xf4d2</run_address>
         <size>0x2e</size>
         <input_file_ref idref="fl-2"/>
      </object_component>
      <object_component id="oc-471">
         <name>.text</name>
         <load_address>0xf500</load_address>
         <run_address>0xf500</run_address>
         <size>0x2c</size>
         <input_file_ref idref="fl-2c"/>
      </object_component>
      <object_component id="oc-450">
         <name>.text:calloc</name>
         <load_address>0xf52c</load_address>
         <run_address>0xf52c</run_address>
         <size>0x2a</size>
         <input_file_ref idref="fl-56"/>
      </object_component>
      <object_component id="oc-45a">
         <name>.text:writeRegister</name>
         <load_address>0xf556</load_address>
         <run_address>0xf556</run_address>
         <size>0x2a</size>
         <input_file_ref idref="fl-2"/>
      </object_component>
      <object_component id="oc-35a">
         <name>.text:initGPIO</name>
         <load_address>0xf580</load_address>
         <run_address>0xf580</run_address>
         <size>0x24</size>
         <input_file_ref idref="fl-2"/>
      </object_component>
      <object_component id="oc-477">
         <name>.text</name>
         <load_address>0xf5a4</load_address>
         <run_address>0xf5a4</run_address>
         <size>0x24</size>
         <input_file_ref idref="fl-40"/>
      </object_component>
      <object_component id="oc-5d9">
         <name>.text</name>
         <load_address>0xf5c8</load_address>
         <run_address>0xf5c8</run_address>
         <size>0x24</size>
         <input_file_ref idref="fl-5f"/>
      </object_component>
      <object_component id="oc-443">
         <name>.text:setSamplingRate</name>
         <load_address>0xf5ec</load_address>
         <run_address>0xf5ec</run_address>
         <size>0x24</size>
         <input_file_ref idref="fl-2"/>
      </object_component>
      <object_component id="oc-360">
         <name>.text:initI2C</name>
         <load_address>0xf610</load_address>
         <run_address>0xf610</run_address>
         <size>0x22</size>
         <input_file_ref idref="fl-2"/>
      </object_component>
      <object_component id="oc-402">
         <name>.text:setDCAlpha</name>
         <load_address>0xf632</load_address>
         <run_address>0xf632</run_address>
         <size>0x22</size>
         <input_file_ref idref="fl-2"/>
      </object_component>
      <object_component id="oc-43d">
         <name>.text:setLedsPulseWidth</name>
         <load_address>0xf654</load_address>
         <run_address>0xf654</run_address>
         <size>0x20</size>
         <input_file_ref idref="fl-2"/>
      </object_component>
      <object_component id="oc-4a4">
         <name>.text:spO2CalcReset</name>
         <load_address>0xf674</load_address>
         <run_address>0xf674</run_address>
         <size>0x20</size>
         <input_file_ref idref="fl-2"/>
      </object_component>
      <object_component id="oc-366">
         <name>.text:initUart</name>
         <load_address>0xf694</load_address>
         <run_address>0xf694</run_address>
         <size>0x1e</size>
         <input_file_ref idref="fl-2"/>
      </object_component>
      <object_component id="oc-36d">
         <name>.text:sendString</name>
         <load_address>0xf6b2</load_address>
         <run_address>0xf6b2</run_address>
         <size>0x1e</size>
         <input_file_ref idref="fl-2"/>
      </object_component>
      <object_component id="oc-4ea">
         <name>.text:CopyArray</name>
         <load_address>0xf6d0</load_address>
         <run_address>0xf6d0</run_address>
         <size>0x1c</size>
         <input_file_ref idref="fl-2"/>
      </object_component>
      <object_component id="oc-a4">
         <name>.text:_isr:_c_int00_noargs_noexit</name>
         <load_address>0xf6ec</load_address>
         <run_address>0xf6ec</run_address>
         <size>0x1a</size>
         <input_file_ref idref="fl-25"/>
      </object_component>
      <object_component id="oc-46b">
         <name>.text:burstRead</name>
         <load_address>0xf706</load_address>
         <run_address>0xf706</run_address>
         <size>0x18</size>
         <input_file_ref idref="fl-2"/>
      </object_component>
      <object_component id="oc-3ae">
         <name>.text</name>
         <load_address>0xf71e</load_address>
         <run_address>0xf71e</run_address>
         <size>0x18</size>
         <input_file_ref idref="fl-5c"/>
      </object_component>
      <object_component id="oc-4f2">
         <name>.text</name>
         <load_address>0xf736</load_address>
         <run_address>0xf736</run_address>
         <size>0x16</size>
         <input_file_ref idref="fl-2d"/>
      </object_component>
      <object_component id="oc-4d7">
         <name>.text:memset</name>
         <load_address>0xf74c</load_address>
         <run_address>0xf74c</run_address>
         <size>0x14</size>
         <input_file_ref idref="fl-57"/>
      </object_component>
      <object_component id="oc-520">
         <name>.text:millis</name>
         <load_address>0xf760</load_address>
         <run_address>0xf760</run_address>
         <size>0x14</size>
         <input_file_ref idref="fl-2"/>
      </object_component>
      <object_component id="oc-3b3">
         <name>.text:memcpy</name>
         <load_address>0xf774</load_address>
         <run_address>0xf774</run_address>
         <size>0x12</size>
         <input_file_ref idref="fl-55"/>
      </object_component>
      <object_component id="oc-5ec">
         <name>.text:l_asr</name>
         <load_address>0xf786</load_address>
         <run_address>0xf786</run_address>
         <size>0x10</size>
         <input_file_ref idref="fl-66"/>
      </object_component>
      <object_component id="oc-5e2">
         <name>.text:l_lsl</name>
         <load_address>0xf796</load_address>
         <run_address>0xf796</run_address>
         <size>0x10</size>
         <input_file_ref idref="fl-52"/>
      </object_component>
      <object_component id="oc-5e7">
         <name>.text:l_lsr</name>
         <load_address>0xf7a6</load_address>
         <run_address>0xf7a6</run_address>
         <size>0x10</size>
         <input_file_ref idref="fl-53"/>
      </object_component>
      <object_component id="oc-3fc">
         <name>.text:setLedsCurrent</name>
         <load_address>0xf7b6</load_address>
         <run_address>0xf7b6</run_address>
         <size>0x10</size>
         <input_file_ref idref="fl-2"/>
      </object_component>
      <object_component id="oc-3e8">
         <name>.text:sendData</name>
         <load_address>0xf7c6</load_address>
         <run_address>0xf7c6</run_address>
         <size>0xe</size>
         <input_file_ref idref="fl-2"/>
      </object_component>
      <object_component id="oc-34e">
         <name>.text:initWDT</name>
         <load_address>0xf7d4</load_address>
         <run_address>0xf7d4</run_address>
         <size>0xc</size>
         <input_file_ref idref="fl-2"/>
      </object_component>
      <object_component id="oc-3f6">
         <name>.text:setMode</name>
         <load_address>0xf7e0</load_address>
         <run_address>0xf7e0</run_address>
         <size>0xc</size>
         <input_file_ref idref="fl-2"/>
      </object_component>
      <object_component id="oc-2c8">
         <name>.text:_isr:WDT_ISR</name>
         <load_address>0xf7ec</load_address>
         <run_address>0xf7ec</run_address>
         <size>0xa</size>
         <input_file_ref idref="fl-2"/>
      </object_component>
      <object_component id="oc-4b6">
         <name>.text:beatDetectorGetCurrentThreshold</name>
         <load_address>0xf7f6</load_address>
         <run_address>0xf7f6</run_address>
         <size>0xa</size>
         <input_file_ref idref="fl-2"/>
      </object_component>
      <object_component id="oc-379">
         <name>.text:pulseOxUpdate</name>
         <load_address>0xf800</load_address>
         <run_address>0xf800</run_address>
         <size>0xa</size>
         <input_file_ref idref="fl-2"/>
      </object_component>
      <object_component id="oc-488">
         <name>.text</name>
         <load_address>0xf80a</load_address>
         <run_address>0xf80a</run_address>
         <size>0xa</size>
         <input_file_ref idref="fl-3d"/>
      </object_component>
      <object_component id="oc-2bd">
         <name>.text:_isr:__TI_ISR_TRAP</name>
         <load_address>0xf814</load_address>
         <run_address>0xf814</run_address>
         <size>0x8</size>
         <input_file_ref idref="fl-51"/>
      </object_component>
      <object_component id="oc-437">
         <name>.text:getPartId</name>
         <load_address>0xf81c</load_address>
         <run_address>0xf81c</run_address>
         <size>0x8</size>
         <input_file_ref idref="fl-2"/>
      </object_component>
      <object_component id="oc-2fc">
         <name>.text:abort</name>
         <load_address>0xf824</load_address>
         <run_address>0xf824</run_address>
         <size>0x6</size>
         <input_file_ref idref="fl-31"/>
      </object_component>
      <object_component id="oc-2d4">
         <name>.text:_system_pre_init</name>
         <load_address>0xf82a</load_address>
         <run_address>0xf82a</run_address>
         <size>0x4</size>
         <input_file_ref idref="fl-61"/>
      </object_component>
      <object_component id="oc-3d1">
         <name>.text:_nop</name>
         <load_address>0xf82e</load_address>
         <run_address>0xf82e</run_address>
         <size>0x2</size>
         <input_file_ref idref="fl-64"/>
      </object_component>
      <object_component id="oc-32d">
         <name>.text:_system_post_cinit</name>
         <load_address>0xf830</load_address>
         <run_address>0xf830</run_address>
         <size>0x2</size>
         <input_file_ref idref="fl-6b"/>
      </object_component>
      <object_component id="oc-56a">
         <name>.bss</name>
         <uninitialized>true</uninitialized>
         <run_address>0x2190</run_address>
         <size>0x6</size>
         <input_file_ref idref="fl-56"/>
      </object_component>
      <object_component id="oc-44f">
         <name>.common:redBuffer</name>
         <uninitialized>true</uninitialized>
         <run_address>0x2180</run_address>
         <size>0x8</size>
      </object_component>
      <object_component id="oc-456">
         <name>.common:irBuffer</name>
         <uninitialized>true</uninitialized>
         <run_address>0x2178</run_address>
         <size>0x8</size>
      </object_component>
      <object_component id="oc-457">
         <name>.common:redBuffer_ptr</name>
         <uninitialized>true</uninitialized>
         <run_address>0x21a6</run_address>
         <size>0x2</size>
      </object_component>
      <object_component id="oc-458">
         <name>.common:irBuffer_ptr</name>
         <uninitialized>true</uninitialized>
         <run_address>0x21a4</run_address>
         <size>0x2</size>
      </object_component>
      <object_component id="oc-506">
         <name>.common:v</name>
         <uninitialized>true</uninitialized>
         <run_address>0x2188</run_address>
         <size>0x8</size>
      </object_component>
      <object_component id="oc-462">
         <name>.common:alphaRed</name>
         <uninitialized>true</uninitialized>
         <run_address>0x219a</run_address>
         <size>0x4</size>
      </object_component>
      <object_component id="oc-463">
         <name>.common:alphaIr</name>
         <uninitialized>true</uninitialized>
         <run_address>0x2196</run_address>
         <size>0x4</size>
      </object_component>
      <object_component id="oc-3ef">
         <name>.common:debuggingMode</name>
         <uninitialized>true</uninitialized>
         <run_address>0x21a2</run_address>
         <size>0x2</size>
      </object_component>
      <object_component id="oc-4c2">
         <name>.common:onBeatDetected</name>
         <uninitialized>true</uninitialized>
         <run_address>0x219e</run_address>
         <size>0x4</size>
      </object_component>
      <object_component id="oc-316">
         <name>.data</name>
         <load_address>0x2000</load_address>
         <run_address>0x2000</run_address>
         <size>0x4c</size>
         <input_file_ref idref="fl-2"/>
      </object_component>
      <object_component id="oc-31c">
         <name>.data:ReceiveBuffer</name>
         <load_address>0x204c</load_address>
         <run_address>0x204c</run_address>
         <size>0x40</size>
         <input_file_ref idref="fl-2"/>
      </object_component>
      <object_component id="oc-319">
         <name>.data:TransmitBuffer</name>
         <load_address>0x208c</load_address>
         <run_address>0x208c</run_address>
         <size>0x40</size>
         <input_file_ref idref="fl-2"/>
      </object_component>
      <object_component id="oc-5b7">
         <name>.data</name>
         <load_address>0x20d4</load_address>
         <run_address>0x20d4</run_address>
         <size>0x2</size>
         <input_file_ref idref="fl-30"/>
      </object_component>
      <object_component id="oc-561">
         <name>.data</name>
         <load_address>0x20d6</load_address>
         <run_address>0x20d6</run_address>
         <size>0x2</size>
         <input_file_ref idref="fl-56"/>
      </object_component>
      <object_component id="oc-33f">
         <name>.data:_lock</name>
         <load_address>0x20cc</load_address>
         <run_address>0x20cc</run_address>
         <size>0x4</size>
         <input_file_ref idref="fl-64"/>
      </object_component>
      <object_component id="oc-348">
         <name>.data:_unlock</name>
         <load_address>0x20d0</load_address>
         <run_address>0x20d0</run_address>
         <size>0x4</size>
         <input_file_ref idref="fl-64"/>
      </object_component>
      <object_component id="oc-2a3">
         <name>.sysmem</name>
         <uninitialized>true</uninitialized>
         <run_address>0x20d8</run_address>
         <size>0x4</size>
         <input_file_ref idref="fl-56"/>
      </object_component>
      <object_component id="oc-680">
         <name>.sysmem</name>
         <uninitialized>true</uninitialized>
         <run_address>0x20d8</run_address>
         <size>0x0</size>
      </object_component>
      <object_component id="oc-29f">
         <name>.stack</name>
         <uninitialized>true</uninitialized>
         <run_address>0x2f60</run_address>
         <size>0x2</size>
         <input_file_ref idref="fl-24"/>
      </object_component>
      <object_component id="oc-67f">
         <name>.stack</name>
         <uninitialized>true</uninitialized>
         <run_address>0x2f60</run_address>
         <size>0x0</size>
      </object_component>
      <object_component id="oc-74">
         <name>.int41</name>
         <load_address>0xffda</load_address>
         <run_address>0xffda</run_address>
         <size>0x2</size>
         <input_file_ref idref="fl-41"/>
      </object_component>
      <object_component id="oc-75">
         <name>.int42</name>
         <load_address>0xffdc</load_address>
         <run_address>0xffdc</run_address>
         <size>0x2</size>
         <input_file_ref idref="fl-42"/>
      </object_component>
      <object_component id="oc-76">
         <name>.int43</name>
         <load_address>0xffde</load_address>
         <run_address>0xffde</run_address>
         <size>0x2</size>
         <input_file_ref idref="fl-43"/>
      </object_component>
      <object_component id="oc-77">
         <name>.int44</name>
         <load_address>0xffe0</load_address>
         <run_address>0xffe0</run_address>
         <size>0x2</size>
         <input_file_ref idref="fl-2"/>
      </object_component>
      <object_component id="oc-78">
         <name>.int45</name>
         <load_address>0xffe2</load_address>
         <run_address>0xffe2</run_address>
         <size>0x2</size>
         <input_file_ref idref="fl-44"/>
      </object_component>
      <object_component id="oc-79">
         <name>.int46</name>
         <load_address>0xffe4</load_address>
         <run_address>0xffe4</run_address>
         <size>0x2</size>
         <input_file_ref idref="fl-45"/>
      </object_component>
      <object_component id="oc-7a">
         <name>.int47</name>
         <load_address>0xffe6</load_address>
         <run_address>0xffe6</run_address>
         <size>0x2</size>
         <input_file_ref idref="fl-2"/>
      </object_component>
      <object_component id="oc-7b">
         <name>.int48</name>
         <load_address>0xffe8</load_address>
         <run_address>0xffe8</run_address>
         <size>0x2</size>
         <input_file_ref idref="fl-46"/>
      </object_component>
      <object_component id="oc-7c">
         <name>.int49</name>
         <load_address>0xffea</load_address>
         <run_address>0xffea</run_address>
         <size>0x2</size>
         <input_file_ref idref="fl-47"/>
      </object_component>
      <object_component id="oc-7d">
         <name>.int50</name>
         <load_address>0xffec</load_address>
         <run_address>0xffec</run_address>
         <size>0x2</size>
         <input_file_ref idref="fl-48"/>
      </object_component>
      <object_component id="oc-7e">
         <name>.int51</name>
         <load_address>0xffee</load_address>
         <run_address>0xffee</run_address>
         <size>0x2</size>
         <input_file_ref idref="fl-49"/>
      </object_component>
      <object_component id="oc-7f">
         <name>.int52</name>
         <load_address>0xfff0</load_address>
         <run_address>0xfff0</run_address>
         <size>0x2</size>
         <input_file_ref idref="fl-4a"/>
      </object_component>
      <object_component id="oc-80">
         <name>.int53</name>
         <load_address>0xfff2</load_address>
         <run_address>0xfff2</run_address>
         <size>0x2</size>
         <input_file_ref idref="fl-4b"/>
      </object_component>
      <object_component id="oc-81">
         <name>.int54</name>
         <load_address>0xfff4</load_address>
         <run_address>0xfff4</run_address>
         <size>0x2</size>
         <input_file_ref idref="fl-4c"/>
      </object_component>
      <object_component id="oc-82">
         <name>.int55</name>
         <load_address>0xfff6</load_address>
         <run_address>0xfff6</run_address>
         <size>0x2</size>
         <input_file_ref idref="fl-4d"/>
      </object_component>
      <object_component id="oc-83">
         <name>.int56</name>
         <load_address>0xfff8</load_address>
         <run_address>0xfff8</run_address>
         <size>0x2</size>
         <input_file_ref idref="fl-4e"/>
      </object_component>
      <object_component id="oc-84">
         <name>.int57</name>
         <load_address>0xfffa</load_address>
         <run_address>0xfffa</run_address>
         <size>0x2</size>
         <input_file_ref idref="fl-4f"/>
      </object_component>
      <object_component id="oc-85">
         <name>.int58</name>
         <load_address>0xfffc</load_address>
         <run_address>0xfffc</run_address>
         <size>0x2</size>
         <input_file_ref idref="fl-50"/>
      </object_component>
      <object_component id="oc-2a2">
         <name>.reset</name>
         <load_address>0xfffe</load_address>
         <run_address>0xfffe</run_address>
         <size>0x2</size>
         <input_file_ref idref="fl-24"/>
      </object_component>
      <object_component id="oc-3aa">
         <name>.debug_info</name>
         <load_address>0x0</load_address>
         <run_address>0x0</run_address>
         <size>0x852</size>
         <input_file_ref idref="fl-2"/>
      </object_component>
      <object_component id="oc-317">
         <name>.debug_info</name>
         <load_address>0x852</load_address>
         <run_address>0x852</run_address>
         <size>0x4ba</size>
         <input_file_ref idref="fl-2"/>
      </object_component>
      <object_component id="oc-31d">
         <name>.debug_info</name>
         <load_address>0xd0c</load_address>
         <run_address>0xd0c</run_address>
         <size>0xbf</size>
         <input_file_ref idref="fl-2"/>
      </object_component>
      <object_component id="oc-31a">
         <name>.debug_info</name>
         <load_address>0xdcb</load_address>
         <run_address>0xdcb</run_address>
         <size>0xc1</size>
         <input_file_ref idref="fl-2"/>
      </object_component>
      <object_component id="oc-557">
         <name>.debug_info</name>
         <load_address>0xe8c</load_address>
         <run_address>0xe8c</run_address>
         <size>0xb3</size>
         <input_file_ref idref="fl-2"/>
      </object_component>
      <object_component id="oc-55d">
         <name>.debug_info</name>
         <load_address>0xf3f</load_address>
         <run_address>0xf3f</run_address>
         <size>0xb2</size>
         <input_file_ref idref="fl-2"/>
      </object_component>
      <object_component id="oc-4e5">
         <name>.debug_info</name>
         <load_address>0xff1</load_address>
         <run_address>0xff1</run_address>
         <size>0x17f</size>
         <input_file_ref idref="fl-2"/>
      </object_component>
      <object_component id="oc-4de">
         <name>.debug_info</name>
         <load_address>0x1170</load_address>
         <run_address>0x1170</run_address>
         <size>0x1c3</size>
         <input_file_ref idref="fl-2"/>
      </object_component>
      <object_component id="oc-4eb">
         <name>.debug_info</name>
         <load_address>0x1333</load_address>
         <run_address>0x1333</run_address>
         <size>0x16c</size>
         <input_file_ref idref="fl-2"/>
      </object_component>
      <object_component id="oc-361">
         <name>.debug_info</name>
         <load_address>0x149f</load_address>
         <run_address>0x149f</run_address>
         <size>0xdb</size>
         <input_file_ref idref="fl-2"/>
      </object_component>
      <object_component id="oc-2c3">
         <name>.debug_info</name>
         <load_address>0x157a</load_address>
         <run_address>0x157a</run_address>
         <size>0xf9</size>
         <input_file_ref idref="fl-2"/>
      </object_component>
      <object_component id="oc-3f1">
         <name>.debug_info</name>
         <load_address>0x1673</load_address>
         <run_address>0x1673</run_address>
         <size>0x17c</size>
         <input_file_ref idref="fl-2"/>
      </object_component>
      <object_component id="oc-438">
         <name>.debug_info</name>
         <load_address>0x17ef</load_address>
         <run_address>0x17ef</run_address>
         <size>0x100</size>
         <input_file_ref idref="fl-2"/>
      </object_component>
      <object_component id="oc-466">
         <name>.debug_info</name>
         <load_address>0x18ef</load_address>
         <run_address>0x18ef</run_address>
         <size>0x16d</size>
         <input_file_ref idref="fl-2"/>
      </object_component>
      <object_component id="oc-45b">
         <name>.debug_info</name>
         <load_address>0x1a5c</load_address>
         <run_address>0x1a5c</run_address>
         <size>0x180</size>
         <input_file_ref idref="fl-2"/>
      </object_component>
      <object_component id="oc-3f7">
         <name>.debug_info</name>
         <load_address>0x1bdc</load_address>
         <run_address>0x1bdc</run_address>
         <size>0x11b</size>
         <input_file_ref idref="fl-2"/>
      </object_component>
      <object_component id="oc-43e">
         <name>.debug_info</name>
         <load_address>0x1cf7</load_address>
         <run_address>0x1cf7</run_address>
         <size>0x166</size>
         <input_file_ref idref="fl-2"/>
      </object_component>
      <object_component id="oc-444">
         <name>.debug_info</name>
         <load_address>0x1e5d</load_address>
         <run_address>0x1e5d</run_address>
         <size>0x15e</size>
         <input_file_ref idref="fl-2"/>
      </object_component>
      <object_component id="oc-3fd">
         <name>.debug_info</name>
         <load_address>0x1fbb</load_address>
         <run_address>0x1fbb</run_address>
         <size>0x16c</size>
         <input_file_ref idref="fl-2"/>
      </object_component>
      <object_component id="oc-44a">
         <name>.debug_info</name>
         <load_address>0x2127</load_address>
         <run_address>0x2127</run_address>
         <size>0x183</size>
         <input_file_ref idref="fl-2"/>
      </object_component>
      <object_component id="oc-46c">
         <name>.debug_info</name>
         <load_address>0x22aa</load_address>
         <run_address>0x22aa</run_address>
         <size>0x18f</size>
         <input_file_ref idref="fl-2"/>
      </object_component>
      <object_component id="oc-40a">
         <name>.debug_info</name>
         <load_address>0x2439</load_address>
         <run_address>0x2439</run_address>
         <size>0x1db</size>
         <input_file_ref idref="fl-2"/>
      </object_component>
      <object_component id="oc-4c4">
         <name>.debug_info</name>
         <load_address>0x2614</load_address>
         <run_address>0x2614</run_address>
         <size>0x153</size>
         <input_file_ref idref="fl-2"/>
      </object_component>
      <object_component id="oc-367">
         <name>.debug_info</name>
         <load_address>0x2767</load_address>
         <run_address>0x2767</run_address>
         <size>0xe5</size>
         <input_file_ref idref="fl-2"/>
      </object_component>
      <object_component id="oc-3e9">
         <name>.debug_info</name>
         <load_address>0x284c</load_address>
         <run_address>0x284c</run_address>
         <size>0xfb</size>
         <input_file_ref idref="fl-2"/>
      </object_component>
      <object_component id="oc-4bd">
         <name>.debug_info</name>
         <load_address>0x2947</load_address>
         <run_address>0x2947</run_address>
         <size>0x16e</size>
         <input_file_ref idref="fl-2"/>
      </object_component>
      <object_component id="oc-36e">
         <name>.debug_info</name>
         <load_address>0x2ab5</load_address>
         <run_address>0x2ab5</run_address>
         <size>0x121</size>
         <input_file_ref idref="fl-2"/>
      </object_component>
      <object_component id="oc-4b1">
         <name>.debug_info</name>
         <load_address>0x2bd6</load_address>
         <run_address>0x2bd6</run_address>
         <size>0x20c</size>
         <input_file_ref idref="fl-2"/>
      </object_component>
      <object_component id="oc-48e">
         <name>.debug_info</name>
         <load_address>0x2de2</load_address>
         <run_address>0x2de2</run_address>
         <size>0x1a8</size>
         <input_file_ref idref="fl-2"/>
      </object_component>
      <object_component id="oc-403">
         <name>.debug_info</name>
         <load_address>0x2f8a</load_address>
         <run_address>0x2f8a</run_address>
         <size>0x145</size>
         <input_file_ref idref="fl-2"/>
      </object_component>
      <object_component id="oc-483">
         <name>.debug_info</name>
         <load_address>0x30cf</load_address>
         <run_address>0x30cf</run_address>
         <size>0x185</size>
         <input_file_ref idref="fl-2"/>
      </object_component>
      <object_component id="oc-47d">
         <name>.debug_info</name>
         <load_address>0x3254</load_address>
         <run_address>0x3254</run_address>
         <size>0x17d</size>
         <input_file_ref idref="fl-2"/>
      </object_component>
      <object_component id="oc-34f">
         <name>.debug_info</name>
         <load_address>0x33d1</load_address>
         <run_address>0x33d1</run_address>
         <size>0xe5</size>
         <input_file_ref idref="fl-2"/>
      </object_component>
      <object_component id="oc-521">
         <name>.debug_info</name>
         <load_address>0x34b6</load_address>
         <run_address>0x34b6</run_address>
         <size>0x10b</size>
         <input_file_ref idref="fl-2"/>
      </object_component>
      <object_component id="oc-2c9">
         <name>.debug_info</name>
         <load_address>0x35c1</load_address>
         <run_address>0x35c1</run_address>
         <size>0xe6</size>
         <input_file_ref idref="fl-2"/>
      </object_component>
      <object_component id="oc-49a">
         <name>.debug_info</name>
         <load_address>0x36a7</load_address>
         <run_address>0x36a7</run_address>
         <size>0x195</size>
         <input_file_ref idref="fl-2"/>
      </object_component>
      <object_component id="oc-4b7">
         <name>.debug_info</name>
         <load_address>0x383c</load_address>
         <run_address>0x383c</run_address>
         <size>0x133</size>
         <input_file_ref idref="fl-2"/>
      </object_component>
      <object_component id="oc-527">
         <name>.debug_info</name>
         <load_address>0x396f</load_address>
         <run_address>0x396f</run_address>
         <size>0x249</size>
         <input_file_ref idref="fl-2"/>
      </object_component>
      <object_component id="oc-494">
         <name>.debug_info</name>
         <load_address>0x3bb8</load_address>
         <run_address>0x3bb8</run_address>
         <size>0x3d1</size>
         <input_file_ref idref="fl-2"/>
      </object_component>
      <object_component id="oc-4a5">
         <name>.debug_info</name>
         <load_address>0x3f89</load_address>
         <run_address>0x3f89</run_address>
         <size>0x10f</size>
         <input_file_ref idref="fl-2"/>
      </object_component>
      <object_component id="oc-4ab">
         <name>.debug_info</name>
         <load_address>0x4098</load_address>
         <run_address>0x4098</run_address>
         <size>0x390</size>
         <input_file_ref idref="fl-2"/>
      </object_component>
      <object_component id="oc-374">
         <name>.debug_info</name>
         <load_address>0x4428</load_address>
         <run_address>0x4428</run_address>
         <size>0x1bb</size>
         <input_file_ref idref="fl-2"/>
      </object_component>
      <object_component id="oc-410">
         <name>.debug_info</name>
         <load_address>0x45e3</load_address>
         <run_address>0x45e3</run_address>
         <size>0x44b</size>
         <input_file_ref idref="fl-2"/>
      </object_component>
      <object_component id="oc-37a">
         <name>.debug_info</name>
         <load_address>0x4a2e</load_address>
         <run_address>0x4a2e</run_address>
         <size>0x133</size>
         <input_file_ref idref="fl-2"/>
      </object_component>
      <object_component id="oc-35b">
         <name>.debug_info</name>
         <load_address>0x4b61</load_address>
         <run_address>0x4b61</run_address>
         <size>0xdf</size>
         <input_file_ref idref="fl-2"/>
      </object_component>
      <object_component id="oc-355">
         <name>.debug_info</name>
         <load_address>0x4c40</load_address>
         <run_address>0x4c40</run_address>
         <size>0xef</size>
         <input_file_ref idref="fl-2"/>
      </object_component>
      <object_component id="oc-2f5">
         <name>.debug_info</name>
         <load_address>0x4d2f</load_address>
         <run_address>0x4d2f</run_address>
         <size>0x186</size>
         <input_file_ref idref="fl-2"/>
      </object_component>
      <object_component id="oc-41d">
         <name>.debug_info</name>
         <load_address>0x4eb5</load_address>
         <run_address>0x4eb5</run_address>
         <size>0x86</size>
         <input_file_ref idref="fl-2"/>
      </object_component>
      <object_component id="oc-422">
         <name>.debug_info</name>
         <load_address>0x4f3b</load_address>
         <run_address>0x4f3b</run_address>
         <size>0x110</size>
         <input_file_ref idref="fl-2"/>
      </object_component>
      <object_component id="oc-399">
         <name>.debug_info</name>
         <load_address>0x504b</load_address>
         <run_address>0x504b</run_address>
         <size>0x67</size>
         <input_file_ref idref="fl-2"/>
      </object_component>
      <object_component id="oc-394">
         <name>.debug_info</name>
         <load_address>0x50b2</load_address>
         <run_address>0x50b2</run_address>
         <size>0x8b</size>
         <input_file_ref idref="fl-2"/>
      </object_component>
      <object_component id="oc-3a3">
         <name>.debug_info</name>
         <load_address>0x513d</load_address>
         <run_address>0x513d</run_address>
         <size>0x199</size>
         <input_file_ref idref="fl-2"/>
      </object_component>
      <object_component id="oc-39e">
         <name>.debug_info</name>
         <load_address>0x52d6</load_address>
         <run_address>0x52d6</run_address>
         <size>0x9d</size>
         <input_file_ref idref="fl-2"/>
      </object_component>
      <object_component id="oc-380">
         <name>.debug_info</name>
         <load_address>0x5373</load_address>
         <run_address>0x5373</run_address>
         <size>0x8b</size>
         <input_file_ref idref="fl-2"/>
      </object_component>
      <object_component id="oc-320">
         <name>.debug_info</name>
         <load_address>0x53fe</load_address>
         <run_address>0x53fe</run_address>
         <size>0x18b</size>
         <input_file_ref idref="fl-2"/>
      </object_component>
      <object_component id="oc-595">
         <name>.debug_info</name>
         <load_address>0x5589</load_address>
         <run_address>0x5589</run_address>
         <size>0x201</size>
         <input_file_ref idref="fl-23"/>
      </object_component>
      <object_component id="oc-515">
         <name>.debug_info</name>
         <load_address>0x578a</load_address>
         <run_address>0x578a</run_address>
         <size>0x227</size>
         <input_file_ref idref="fl-23"/>
      </object_component>
      <object_component id="oc-588">
         <name>.debug_info</name>
         <load_address>0x59b1</load_address>
         <run_address>0x59b1</run_address>
         <size>0x94</size>
         <input_file_ref idref="fl-23"/>
      </object_component>
      <object_component id="oc-2ac">
         <name>.debug_info</name>
         <load_address>0x5a45</load_address>
         <run_address>0x5a45</run_address>
         <size>0x84</size>
         <input_file_ref idref="fl-23"/>
      </object_component>
      <object_component id="oc-2a0">
         <name>.debug_info</name>
         <load_address>0x5ac9</load_address>
         <run_address>0x5ac9</run_address>
         <size>0xf5</size>
         <input_file_ref idref="fl-24"/>
      </object_component>
      <object_component id="oc-a5">
         <name>.debug_info</name>
         <load_address>0x5bbe</load_address>
         <run_address>0x5bbe</run_address>
         <size>0x196</size>
         <input_file_ref idref="fl-25"/>
      </object_component>
      <object_component id="oc-6b">
         <name>.debug_info</name>
         <load_address>0x5d54</load_address>
         <run_address>0x5d54</run_address>
         <size>0x2ad</size>
         <input_file_ref idref="fl-26"/>
      </object_component>
      <object_component id="oc-30d">
         <name>.debug_info</name>
         <load_address>0x6001</load_address>
         <run_address>0x6001</run_address>
         <size>0x46</size>
         <input_file_ref idref="fl-26"/>
      </object_component>
      <object_component id="oc-2a7">
         <name>.debug_info</name>
         <load_address>0x6047</load_address>
         <run_address>0x6047</run_address>
         <size>0x60</size>
         <input_file_ref idref="fl-26"/>
      </object_component>
      <object_component id="oc-2bc">
         <name>.debug_info</name>
         <load_address>0x60a7</load_address>
         <run_address>0x60a7</run_address>
         <size>0x1cf</size>
         <input_file_ref idref="fl-27"/>
      </object_component>
      <object_component id="oc-6f">
         <name>.debug_info</name>
         <load_address>0x6276</load_address>
         <run_address>0x6276</run_address>
         <size>0x1e7</size>
         <input_file_ref idref="fl-27"/>
      </object_component>
      <object_component id="oc-2b7">
         <name>.debug_info</name>
         <load_address>0x645d</load_address>
         <run_address>0x645d</run_address>
         <size>0x46</size>
         <input_file_ref idref="fl-27"/>
      </object_component>
      <object_component id="oc-87">
         <name>.debug_info</name>
         <load_address>0x64a3</load_address>
         <run_address>0x64a3</run_address>
         <size>0x1b6</size>
         <input_file_ref idref="fl-28"/>
      </object_component>
      <object_component id="oc-2cf">
         <name>.debug_info</name>
         <load_address>0x6659</load_address>
         <run_address>0x6659</run_address>
         <size>0x46</size>
         <input_file_ref idref="fl-28"/>
      </object_component>
      <object_component id="oc-2b2">
         <name>.debug_info</name>
         <load_address>0x669f</load_address>
         <run_address>0x669f</run_address>
         <size>0x119</size>
         <input_file_ref idref="fl-29"/>
      </object_component>
      <object_component id="oc-59c">
         <name>.debug_info</name>
         <load_address>0x67b8</load_address>
         <run_address>0x67b8</run_address>
         <size>0x1bf</size>
         <input_file_ref idref="fl-2a"/>
      </object_component>
      <object_component id="oc-51a">
         <name>.debug_info</name>
         <load_address>0x6977</load_address>
         <run_address>0x6977</run_address>
         <size>0x1a0</size>
         <input_file_ref idref="fl-2a"/>
      </object_component>
      <object_component id="oc-57c">
         <name>.debug_info</name>
         <load_address>0x6b17</load_address>
         <run_address>0x6b17</run_address>
         <size>0xdb</size>
         <input_file_ref idref="fl-2a"/>
      </object_component>
      <object_component id="oc-50a">
         <name>.debug_info</name>
         <load_address>0x6bf2</load_address>
         <run_address>0x6bf2</run_address>
         <size>0x17d</size>
         <input_file_ref idref="fl-2b"/>
      </object_component>
      <object_component id="oc-473">
         <name>.debug_info</name>
         <load_address>0x6d6f</load_address>
         <run_address>0x6d6f</run_address>
         <size>0x12d</size>
         <input_file_ref idref="fl-2c"/>
      </object_component>
      <object_component id="oc-4f5">
         <name>.debug_info</name>
         <load_address>0x6e9c</load_address>
         <run_address>0x6e9c</run_address>
         <size>0x119</size>
         <input_file_ref idref="fl-2d"/>
      </object_component>
      <object_component id="oc-5b4">
         <name>.debug_info</name>
         <load_address>0x6fb5</load_address>
         <run_address>0x6fb5</run_address>
         <size>0x1fc</size>
         <input_file_ref idref="fl-2e"/>
      </object_component>
      <object_component id="oc-539">
         <name>.debug_info</name>
         <load_address>0x71b1</load_address>
         <run_address>0x71b1</run_address>
         <size>0x247</size>
         <input_file_ref idref="fl-2e"/>
      </object_component>
      <object_component id="oc-54e">
         <name>.debug_info</name>
         <load_address>0x73f8</load_address>
         <run_address>0x73f8</run_address>
         <size>0x78e</size>
         <input_file_ref idref="fl-2f"/>
      </object_component>
      <object_component id="oc-5c7">
         <name>.debug_info</name>
         <load_address>0x7b86</load_address>
         <run_address>0x7b86</run_address>
         <size>0x39</size>
         <input_file_ref idref="fl-2f"/>
      </object_component>
      <object_component id="oc-5b8">
         <name>.debug_info</name>
         <load_address>0x7bbf</load_address>
         <run_address>0x7bbf</run_address>
         <size>0xf3</size>
         <input_file_ref idref="fl-30"/>
      </object_component>
      <object_component id="oc-2fe">
         <name>.debug_info</name>
         <load_address>0x7cb2</load_address>
         <run_address>0x7cb2</run_address>
         <size>0x117</size>
         <input_file_ref idref="fl-31"/>
      </object_component>
      <object_component id="oc-609">
         <name>.debug_info</name>
         <load_address>0x7dc9</load_address>
         <run_address>0x7dc9</run_address>
         <size>0x1c5</size>
         <input_file_ref idref="fl-34"/>
      </object_component>
      <object_component id="oc-5bb">
         <name>.debug_info</name>
         <load_address>0x7f8e</load_address>
         <run_address>0x7f8e</run_address>
         <size>0x1e8</size>
         <input_file_ref idref="fl-34"/>
      </object_component>
      <object_component id="oc-5ab">
         <name>.debug_info</name>
         <load_address>0x8176</load_address>
         <run_address>0x8176</run_address>
         <size>0x1c5</size>
         <input_file_ref idref="fl-35"/>
      </object_component>
      <object_component id="oc-52d">
         <name>.debug_info</name>
         <load_address>0x833b</load_address>
         <run_address>0x833b</run_address>
         <size>0x1b6</size>
         <input_file_ref idref="fl-35"/>
      </object_component>
      <object_component id="oc-5f8">
         <name>.debug_info</name>
         <load_address>0x84f1</load_address>
         <run_address>0x84f1</run_address>
         <size>0x1fa</size>
         <input_file_ref idref="fl-36"/>
      </object_component>
      <object_component id="oc-58f">
         <name>.debug_info</name>
         <load_address>0x86eb</load_address>
         <run_address>0x86eb</run_address>
         <size>0x2b1</size>
         <input_file_ref idref="fl-36"/>
      </object_component>
      <object_component id="oc-603">
         <name>.debug_info</name>
         <load_address>0x899c</load_address>
         <run_address>0x899c</run_address>
         <size>0x1cc</size>
         <input_file_ref idref="fl-37"/>
      </object_component>
      <object_component id="oc-5af">
         <name>.debug_info</name>
         <load_address>0x8b68</load_address>
         <run_address>0x8b68</run_address>
         <size>0x5b2</size>
         <input_file_ref idref="fl-37"/>
      </object_component>
      <object_component id="oc-4ff">
         <name>.debug_info</name>
         <load_address>0x911a</load_address>
         <run_address>0x911a</run_address>
         <size>0x119</size>
         <input_file_ref idref="fl-38"/>
      </object_component>
      <object_component id="oc-4a2">
         <name>.debug_info</name>
         <load_address>0x9233</load_address>
         <run_address>0x9233</run_address>
         <size>0x125</size>
         <input_file_ref idref="fl-39"/>
      </object_component>
      <object_component id="oc-548">
         <name>.debug_info</name>
         <load_address>0x9358</load_address>
         <run_address>0x9358</run_address>
         <size>0x119</size>
         <input_file_ref idref="fl-3a"/>
      </object_component>
      <object_component id="oc-533">
         <name>.debug_info</name>
         <load_address>0x9471</load_address>
         <run_address>0x9471</run_address>
         <size>0x122</size>
         <input_file_ref idref="fl-3b"/>
      </object_component>
      <object_component id="oc-4fa">
         <name>.debug_info</name>
         <load_address>0x9593</load_address>
         <run_address>0x9593</run_address>
         <size>0x119</size>
         <input_file_ref idref="fl-3c"/>
      </object_component>
      <object_component id="oc-48a">
         <name>.debug_info</name>
         <load_address>0x96ac</load_address>
         <run_address>0x96ac</run_address>
         <size>0x119</size>
         <input_file_ref idref="fl-3d"/>
      </object_component>
      <object_component id="oc-553">
         <name>.debug_info</name>
         <load_address>0x97c5</load_address>
         <run_address>0x97c5</run_address>
         <size>0x12d</size>
         <input_file_ref idref="fl-3e"/>
      </object_component>
      <object_component id="oc-544">
         <name>.debug_info</name>
         <load_address>0x98f2</load_address>
         <run_address>0x98f2</run_address>
         <size>0x11f</size>
         <input_file_ref idref="fl-3f"/>
      </object_component>
      <object_component id="oc-479">
         <name>.debug_info</name>
         <load_address>0x9a11</load_address>
         <run_address>0x9a11</run_address>
         <size>0x11c</size>
         <input_file_ref idref="fl-40"/>
      </object_component>
      <object_component id="oc-2c0">
         <name>.debug_info</name>
         <load_address>0x9b2d</load_address>
         <run_address>0x9b2d</run_address>
         <size>0x107</size>
         <input_file_ref idref="fl-51"/>
      </object_component>
      <object_component id="oc-5e4">
         <name>.debug_info</name>
         <load_address>0x9c34</load_address>
         <run_address>0x9c34</run_address>
         <size>0x118</size>
         <input_file_ref idref="fl-52"/>
      </object_component>
      <object_component id="oc-598">
         <name>.debug_info</name>
         <load_address>0x9d4c</load_address>
         <run_address>0x9d4c</run_address>
         <size>0x11e</size>
         <input_file_ref idref="fl-52"/>
      </object_component>
      <object_component id="oc-5e8">
         <name>.debug_info</name>
         <load_address>0x9e6a</load_address>
         <run_address>0x9e6a</run_address>
         <size>0x118</size>
         <input_file_ref idref="fl-53"/>
      </object_component>
      <object_component id="oc-5a6">
         <name>.debug_info</name>
         <load_address>0x9f82</load_address>
         <run_address>0x9f82</run_address>
         <size>0x11e</size>
         <input_file_ref idref="fl-53"/>
      </object_component>
      <object_component id="oc-429">
         <name>.debug_info</name>
         <load_address>0xa0a0</load_address>
         <run_address>0xa0a0</run_address>
         <size>0x16d</size>
         <input_file_ref idref="fl-55"/>
      </object_component>
      <object_component id="oc-3b5">
         <name>.debug_info</name>
         <load_address>0xa20d</load_address>
         <run_address>0xa20d</run_address>
         <size>0x191</size>
         <input_file_ref idref="fl-55"/>
      </object_component>
      <object_component id="oc-388">
         <name>.debug_info</name>
         <load_address>0xa39e</load_address>
[...]
         <object_component_ref idref="oc-493"/>
      </symbol>
      <symbol id="sm-44f">
         <name>beatDetectorGetCurrentThreshold</name>
         <value>0xf7f6</value>
         <object_component_ref idref="oc-4b6"/>
      </symbol>
      <symbol id="sm-450">
         <name>RXByteCtr</name>
         <value>0x2003</value>
         <object_component_ref idref="oc-316"/>
      </symbol>
      <symbol id="sm-451">
         <name>spO2</name>
         <value>0x2030</value>
         <object_component_ref idref="oc-316"/>
      </symbol>
      <symbol id="sm-452">
         <name>tsLastBeatDetected</name>
         <value>0x203c</value>
         <object_component_ref idref="oc-316"/>
      </symbol>
      <symbol id="sm-47e">
         <name>__mspabi_addd</name>
         <value>0xd056</value>
         <object_component_ref idref="oc-513"/>
      </symbol>
      <symbol id="sm-486">
         <name>_stack</name>
         <value>0x2f60</value>
         <object_component_ref idref="oc-29f"/>
      </symbol>
      <symbol id="sm-487">
         <name>_reset_vector</name>
         <value>0xfffe</value>
         <object_component_ref idref="oc-2a2"/>
      </symbol>
      <symbol id="sm-491">
         <name>_c_int00_noargs_noexit</name>
         <value>0xf6ec</value>
         <object_component_ref idref="oc-a4"/>
      </symbol>
      <symbol id="sm-4ad">
         <name>__TI_decompress_lzss</name>
         <value>0xe436</value>
         <object_component_ref idref="oc-68"/>
      </symbol>
      <symbol id="sm-4be">
         <name>__TI_decompress_none</name>
         <value>0xf35e</value>
         <object_component_ref idref="oc-6e"/>
      </symbol>
      <symbol id="sm-4ce">
         <name>__TI_zero_init</name>
         <value>0xf266</value>
         <object_component_ref idref="oc-86"/>
      </symbol>
      <symbol id="sm-4d9">
         <name>__memcpy_far</name>
         <value>0xf1aa</value>
         <object_component_ref idref="oc-2b1"/>
      </symbol>
      <symbol id="sm-4f1">
         <name>__mspabi_cvtdf</name>
         <value>0xeb70</value>
         <object_component_ref idref="oc-519"/>
      </symbol>
      <symbol id="sm-4ff">
         <name>__mspabi_cvtfd</name>
         <value>0xee7e</value>
         <object_component_ref idref="oc-507"/>
      </symbol>
      <symbol id="sm-50b">
         <name>__mspabi_remi</name>
         <value>0xf500</value>
         <object_component_ref idref="oc-471"/>
      </symbol>
      <symbol id="sm-50c">
         <name>__mspabi_divi</name>
         <value>0xf500</value>
         <object_component_ref idref="oc-471"/>
      </symbol>
      <symbol id="sm-516">
         <name>__mspabi_remu</name>
         <value>0xf736</value>
         <object_component_ref idref="oc-4f2"/>
      </symbol>
      <symbol id="sm-517">
         <name>__mspabi_divu</name>
         <value>0xf736</value>
         <object_component_ref idref="oc-4f2"/>
      </symbol>
      <symbol id="sm-538">
         <name>__mspabi_divd</name>
         <value>0xda84</value>
         <object_component_ref idref="oc-538"/>
      </symbol>
      <symbol id="sm-571">
         <name>log</name>
         <value>0xc5a4</value>
         <object_component_ref idref="oc-54b"/>
      </symbol>
      <symbol id="sm-572">
         <name>logl</name>
         <value>0xc5a4</value>
         <object_component_ref idref="oc-54b"/>
      </symbol>
      <symbol id="sm-579">
         <name>errno</name>
         <value>0x20d4</value>
         <object_component_ref idref="oc-5b7"/>
      </symbol>
      <symbol id="sm-583">
         <name>C$$EXIT</name>
         <value>0xf824</value>
         <object_component_ref idref="oc-2fc"/>
      </symbol>
      <symbol id="sm-584">
         <name>abort</name>
         <value>0xf824</value>
         <object_component_ref idref="oc-2fc"/>
      </symbol>
      <symbol id="sm-59e">
         <name>__mspabi_fltlid</name>
         <value>0xe9ac</value>
         <object_component_ref idref="oc-5ba"/>
      </symbol>
      <symbol id="sm-5b3">
         <name>__mspabi_fltuld</name>
         <value>0xec88</value>
         <object_component_ref idref="oc-52c"/>
      </symbol>
      <symbol id="sm-5d4">
         <name>__TI_frcaddd</name>
         <value>0xd832</value>
         <object_component_ref idref="oc-58e"/>
      </symbol>
      <symbol id="sm-5ef">
         <name>__TI_frcdivd</name>
         <value>0xcbde</value>
         <object_component_ref idref="oc-5ad"/>
      </symbol>
      <symbol id="sm-60a">
         <name>__mspabi_subf</name>
         <value>0xdfc6</value>
         <object_component_ref idref="oc-4fe"/>
      </symbol>
      <symbol id="sm-60b">
         <name>__mspabi_addf</name>
         <value>0xdfcc</value>
         <object_component_ref idref="oc-4fe"/>
      </symbol>
      <symbol id="sm-61b">
         <name>__mspabi_cmpf</name>
         <value>0xf120</value>
         <object_component_ref idref="oc-49f"/>
      </symbol>
      <symbol id="sm-62d">
         <name>__mspabi_divf</name>
         <value>0xeae0</value>
         <object_component_ref idref="oc-546"/>
      </symbol>
      <symbol id="sm-63a">
         <name>__mspabi_fltif</name>
         <value>0xf40a</value>
         <object_component_ref idref="oc-532"/>
      </symbol>
      <symbol id="sm-651">
         <name>__mspabi_mpyf</name>
         <value>0xe6e2</value>
         <object_component_ref idref="oc-4f9"/>
      </symbol>
      <symbol id="sm-65a">
         <name>__mspabi_negf</name>
         <value>0xf80a</value>
         <object_component_ref idref="oc-488"/>
      </symbol>
      <symbol id="sm-66c">
         <name>__mspabi_fixfi</name>
         <value>0xef58</value>
         <object_component_ref idref="oc-551"/>
      </symbol>
      <symbol id="sm-678">
         <name>__mspabi_fltulf</name>
         <value>0xf440</value>
         <object_component_ref idref="oc-541"/>
      </symbol>
      <symbol id="sm-683">
         <name>__mspabi_fltuf</name>
         <value>0xf5a4</value>
         <object_component_ref idref="oc-477"/>
      </symbol>
      <symbol id="sm-686">
         <name>__TI_int41</name>
         <value>0xffda</value>
         <object_component_ref idref="oc-74"/>
      </symbol>
      <symbol id="sm-689">
         <name>__TI_int42</name>
         <value>0xffdc</value>
         <object_component_ref idref="oc-75"/>
      </symbol>
      <symbol id="sm-68c">
         <name>__TI_int43</name>
         <value>0xffde</value>
         <object_component_ref idref="oc-76"/>
      </symbol>
      <symbol id="sm-68f">
         <name>__TI_int45</name>
         <value>0xffe2</value>
         <object_component_ref idref="oc-78"/>
      </symbol>
      <symbol id="sm-692">
         <name>__TI_int46</name>
         <value>0xffe4</value>
         <object_component_ref idref="oc-79"/>
      </symbol>
      <symbol id="sm-695">
         <name>__TI_int48</name>
         <value>0xffe8</value>
         <object_component_ref idref="oc-7b"/>
      </symbol>
      <symbol id="sm-698">
         <name>__TI_int49</name>
         <value>0xffea</value>
         <object_component_ref idref="oc-7c"/>
      </symbol>
      <symbol id="sm-69b">
         <name>__TI_int50</name>
         <value>0xffec</value>
         <object_component_ref idref="oc-7d"/>
      </symbol>
      <symbol id="sm-69e">
         <name>__TI_int51</name>
         <value>0xffee</value>
         <object_component_ref idref="oc-7e"/>
      </symbol>
      <symbol id="sm-6a1">
         <name>__TI_int52</name>
         <value>0xfff0</value>
         <object_component_ref idref="oc-7f"/>
      </symbol>
      <symbol id="sm-6a4">
         <name>__TI_int53</name>
         <value>0xfff2</value>
         <object_component_ref idref="oc-80"/>
      </symbol>
      <symbol id="sm-6a7">
         <name>__TI_int54</name>
         <value>0xfff4</value>
         <object_component_ref idref="oc-81"/>
      </symbol>
      <symbol id="sm-6aa">
         <name>__TI_int55</name>
         <value>0xfff6</value>
         <object_component_ref idref="oc-82"/>
      </symbol>
      <symbol id="sm-6ad">
         <name>__TI_int56</name>
         <value>0xfff8</value>
         <object_component_ref idref="oc-83"/>
      </symbol>
      <symbol id="sm-6b0">
         <name>__TI_int57</name>
         <value>0xfffa</value>
         <object_component_ref idref="oc-84"/>
      </symbol>
      <symbol id="sm-6b3">
         <name>__TI_int58</name>
         <value>0xfffc</value>
         <object_component_ref idref="oc-85"/>
      </symbol>
      <symbol id="sm-6bb">
         <name>__TI_ISR_TRAP</name>
         <value>0xf814</value>
         <object_component_ref idref="oc-2bd"/>
      </symbol>
      <symbol id="sm-6cb">
         <name>__mspabi_slll_9</name>
         <value>0xf2fa</value>
         <object_component_ref idref="oc-596"/>
      </symbol>
      <symbol id="sm-6cc">
         <name>__mspabi_slll_8</name>
         <value>0xf2fe</value>
         <object_component_ref idref="oc-596"/>
      </symbol>
      <symbol id="sm-6cd">
         <name>__mspabi_slll_7</name>
         <value>0xf302</value>
         <object_component_ref idref="oc-596"/>
      </symbol>
      <symbol id="sm-6ce">
         <name>__mspabi_slll_6</name>
         <value>0xf306</value>
         <object_component_ref idref="oc-596"/>
      </symbol>
      <symbol id="sm-6cf">
         <name>__mspabi_slll_5</name>
         <value>0xf30a</value>
         <object_component_ref idref="oc-596"/>
      </symbol>
      <symbol id="sm-6d0">
         <name>__mspabi_slll_4</name>
         <value>0xf30e</value>
         <object_component_ref idref="oc-596"/>
      </symbol>
      <symbol id="sm-6d1">
         <name>__mspabi_slll_3</name>
         <value>0xf312</value>
         <object_component_ref idref="oc-596"/>
      </symbol>
      <symbol id="sm-6d2">
         <name>__mspabi_slll_2</name>
         <value>0xf316</value>
         <object_component_ref idref="oc-596"/>
      </symbol>
      <symbol id="sm-6d3">
         <name>__mspabi_slll_1</name>
         <value>0xf31a</value>
         <object_component_ref idref="oc-596"/>
      </symbol>
      <symbol id="sm-6d4">
         <name>__mspabi_slll</name>
         <value>0xf796</value>
         <object_component_ref idref="oc-5e2"/>
      </symbol>
      <symbol id="sm-6d5">
         <name>__mspabi_slll_15</name>
         <value>0xf2e2</value>
         <object_component_ref idref="oc-596"/>
      </symbol>
      <symbol id="sm-6d6">
         <name>__mspabi_slll_14</name>
         <value>0xf2e6</value>
         <object_component_ref idref="oc-596"/>
      </symbol>
      <symbol id="sm-6d7">
         <name>__mspabi_slll_13</name>
         <value>0xf2ea</value>
         <object_component_ref idref="oc-596"/>
      </symbol>
      <symbol id="sm-6d8">
         <name>__mspabi_slll_12</name>
         <value>0xf2ee</value>
         <object_component_ref idref="oc-596"/>
      </symbol>
      <symbol id="sm-6d9">
         <name>__mspabi_slll_11</name>
         <value>0xf2f2</value>
         <object_component_ref idref="oc-596"/>
      </symbol>
      <symbol id="sm-6da">
         <name>__mspabi_slll_10</name>
         <value>0xf2f6</value>
         <object_component_ref idref="oc-596"/>
      </symbol>
      <symbol id="sm-6ea">
         <name>__mspabi_srll_8</name>
         <value>0xf33c</value>
         <object_component_ref idref="oc-5a5"/>
      </symbol>
      <symbol id="sm-6eb">
         <name>__mspabi_srll_9</name>
         <value>0xf338</value>
         <object_component_ref idref="oc-5a5"/>
      </symbol>
      <symbol id="sm-6ec">
         <name>__mspabi_srll_6</name>
         <value>0xf344</value>
         <object_component_ref idref="oc-5a5"/>
      </symbol>
      <symbol id="sm-6ed">
         <name>__mspabi_srll_7</name>
         <value>0xf340</value>
         <object_component_ref idref="oc-5a5"/>
      </symbol>
      <symbol id="sm-6ee">
         <name>__mspabi_srll_4</name>
         <value>0xf34c</value>
         <object_component_ref idref="oc-5a5"/>
      </symbol>
      <symbol id="sm-6ef">
         <name>__mspabi_srll_5</name>
         <value>0xf348</value>
         <object_component_ref idref="oc-5a5"/>
      </symbol>
      <symbol id="sm-6f0">
         <name>__mspabi_srll_2</name>
         <value>0xf354</value>
         <object_component_ref idref="oc-5a5"/>
      </symbol>
      <symbol id="sm-6f1">
         <name>__mspabi_srll_3</name>
         <value>0xf350</value>
         <object_component_ref idref="oc-5a5"/>
      </symbol>
      <symbol id="sm-6f2">
         <name>__mspabi_srll_1</name>
         <value>0xf358</value>
         <object_component_ref idref="oc-5a5"/>
      </symbol>
      <symbol id="sm-6f3">
         <name>__mspabi_srll_15</name>
         <value>0xf320</value>
         <object_component_ref idref="oc-5a5"/>
      </symbol>
      <symbol id="sm-6f4">
         <name>__mspabi_srll_14</name>
         <value>0xf324</value>
         <object_component_ref idref="oc-5a5"/>
      </symbol>
      <symbol id="sm-6f5">
         <name>__mspabi_srll_13</name>
         <value>0xf328</value>
         <object_component_ref idref="oc-5a5"/>
      </symbol>
      <symbol id="sm-6f6">
         <name>__mspabi_srll_12</name>
         <value>0xf32c</value>
         <object_component_ref idref="oc-5a5"/>
      </symbol>
      <symbol id="sm-6f7">
         <name>__mspabi_srll_11</name>
         <value>0xf330</value>
         <object_component_ref idref="oc-5a5"/>
      </symbol>
      <symbol id="sm-6f8">
         <name>__mspabi_srll_10</name>
         <value>0xf334</value>
         <object_component_ref idref="oc-5a5"/>
      </symbol>
      <symbol id="sm-6f9">
         <name>__mspabi_srll</name>
         <value>0xf7a6</value>
         <object_component_ref idref="oc-5e7"/>
      </symbol>
      <symbol id="sm-70d">
         <name>memcpy</name>
         <value>0xf774</value>
         <object_component_ref idref="oc-3b3"/>
      </symbol>
      <symbol id="sm-757">
         <name>_sys_memory</name>
         <value>0x20d8</value>
         <object_component_ref idref="oc-2a3"/>
      </symbol>
      <symbol id="sm-758">
         <name>calloc</name>
         <value>0xf52c</value>
         <object_component_ref idref="oc-450"/>
      </symbol>
      <symbol id="sm-759">
         <name>malloc</name>
         <value>0xe8fe</value>
         <object_component_ref idref="oc-4d0"/>
      </symbol>
      <symbol id="sm-75a">
         <name>minit</name>
         <value>0xf3d2</value>
         <object_component_ref idref="oc-564"/>
      </symbol>
      <symbol id="sm-768">
         <name>memset</name>
         <value>0xf74c</value>
         <object_component_ref idref="oc-4d7"/>
      </symbol>
      <symbol id="sm-789">
         <name>__mspabi_mpyd</name>
         <value>0xd5b2</value>
         <object_component_ref idref="oc-50d"/>
      </symbol>
      <symbol id="sm-793">
         <name>__mspabi_mpyi_f5hw</name>
         <value>0xf71e</value>
         <object_component_ref idref="oc-3ae"/>
      </symbol>
      <symbol id="sm-79d">
         <name>__mspabi_mpyl_f5hw</name>
         <value>0xf5c8</value>
         <object_component_ref idref="oc-5d9"/>
      </symbol>
      <symbol id="sm-7a7">
         <name>_system_pre_init</name>
         <value>0xf82a</value>
         <object_component_ref idref="oc-2d4"/>
      </symbol>
      <symbol id="sm-7bb">
         <name>__TI_renormd</name>
         <value>0xe79a</value>
         <object_component_ref idref="oc-5f1"/>
      </symbol>
      <symbol id="sm-7c4">
         <name>__mspabi_subd</name>
         <value>0xf4a4</value>
         <object_component_ref idref="oc-59e"/>
      </symbol>
      <symbol id="sm-7da">
         <name>_nop</name>
         <value>0xf82e</value>
         <object_component_ref idref="oc-3d1"/>
      </symbol>
      <symbol id="sm-7db">
         <name>_lock</name>
         <value>0x20cc</value>
         <object_component_ref idref="oc-33f"/>
      </symbol>
      <symbol id="sm-7dc">
         <name>_unlock</name>
         <value>0x20d0</value>
         <object_component_ref idref="oc-348"/>
      </symbol>
      <symbol id="sm-7ed">
         <name>__mspabi_sral</name>
         <value>0xf786</value>
         <object_component_ref idref="oc-5ec"/>
      </symbol>
      <symbol id="sm-7ee">
         <name>__mspabi_sral_15</name>
         <value>0xf2a4</value>
         <object_component_ref idref="oc-576"/>
      </symbol>
      <symbol id="sm-7ef">
         <name>__mspabi_sral_14</name>
         <value>0xf2a8</value>
         <object_component_ref idref="oc-576"/>
      </symbol>
      <symbol id="sm-7f0">
         <name>__mspabi_sral_13</name>
         <value>0xf2ac</value>
         <object_component_ref idref="oc-576"/>
      </symbol>
      <symbol id="sm-7f1">
         <name>__mspabi_sral_12</name>
         <value>0xf2b0</value>
         <object_component_ref idref="oc-576"/>
      </symbol>
      <symbol id="sm-7f2">
         <name>__mspabi_sral_11</name>
         <value>0xf2b4</value>
         <object_component_ref idref="oc-576"/>
      </symbol>
      <symbol id="sm-7f3">
         <name>__mspabi_sral_10</name>
         <value>0xf2b8</value>
         <object_component_ref idref="oc-576"/>
      </symbol>
      <symbol id="sm-7f4">
         <name>__mspabi_sral_8</name>
         <value>0xf2c0</value>
         <object_component_ref idref="oc-576"/>
      </symbol>
      <symbol id="sm-7f5">
         <name>__mspabi_sral_9</name>
         <value>0xf2bc</value>
         <object_component_ref idref="oc-576"/>
      </symbol>
      <symbol id="sm-7f6">
         <name>__mspabi_sral_6</name>
         <value>0xf2c8</value>
         <object_component_ref idref="oc-576"/>
      </symbol>
      <symbol id="sm-7f7">
         <name>__mspabi_sral_7</name>
         <value>0xf2c4</value>
         <object_component_ref idref="oc-576"/>
      </symbol>
      <symbol id="sm-7f8">
         <name>__mspabi_sral_4</name>
         <value>0xf2d0</value>
         <object_component_ref idref="oc-576"/>
      </symbol>
      <symbol id="sm-7f9">
         <name>__mspabi_sral_5</name>
         <value>0xf2cc</value>
         <object_component_ref idref="oc-576"/>
      </symbol>
      <symbol id="sm-7fa">
         <name>__mspabi_sral_2</name>
         <value>0xf2d8</value>
         <object_component_ref idref="oc-576"/>
      </symbol>
      <symbol id="sm-7fb">
         <name>__mspabi_sral_3</name>
         <value>0xf2d4</value>
         <object_component_ref idref="oc-576"/>
      </symbol>
      <symbol id="sm-7fc">
         <name>__mspabi_sral_1</name>
         <value>0xf2dc</value>
         <object_component_ref idref="oc-576"/>
      </symbol>
      <symbol id="sm-81d">
         <name>_auto_init_hold_wdt</name>
         <value>0xea4a</value>
         <object_component_ref idref="oc-2da"/>
      </symbol>
      <symbol id="sm-837">
         <name>__mspabi_cmpd</name>
         <value>0xe60a</value>
         <object_component_ref idref="oc-5c0"/>
      </symbol>
      <symbol id="sm-84e">
         <name>copy_in</name>
         <value>0xe84c</value>
         <object_component_ref idref="oc-327"/>
      </symbol>
      <symbol id="sm-85f">
         <name>__TI_frcmpyd</name>
         <value>0xd32c</value>
         <object_component_ref idref="oc-581"/>
      </symbol>
      <symbol id="sm-868">
         <name>_system_post_cinit</name>
         <value>0xf830</value>
         <object_component_ref idref="oc-32d"/>
      </symbol>
      <symbol id="sm-86c">
         <name>__TI_BINIT_Base</name>
         <value>0x0</value>
      </symbol>
      <symbol id="sm-86d">
         <name>__TI_BINIT_Limit</name>
         <value>0x0</value>
      </symbol>
      <symbol id="sm-86e">
         <name>__TI_INITARRAY_Base</name>
         <value>0x0</value>
      </symbol>
      <symbol id="sm-86f">
         <name>__TI_INITARRAY_Limit</name>
         <value>0x0</value>
      </symbol>
   </symbol_table>
   <title>Link successful</title>
</link_info>
