<?xml version="1.0"?>
<link_info>
   <banner>MSP430 Linker PC v16.9.4.LTS</banner>
   <copyright>Copyright (c) 2003-2017 Texas Instruments Incorporated</copyright>
   <link_time>0x5b0dadf1</link_time>
   <link_errors>0x0</link_errors>
   <output_file>PC3.out</output_file>
   <entry_point>
      <name>_c_int00_noargs_noexit</name>
      <address>0xf692</address>
   </entry_point>
   <input_file_list>
      <input_file id="fl-2">
         <path>.\</path>
         <kind>object</kind>
         <file>main.obj</file>
         <name>main.obj</name>
      </input_file>
      <input_file id="fl-8">
         <kind>object</kind>
         <file>&lt;internal&gt;</file>
         <name>&lt;internal&gt;</name>
      </input_file>
      <input_file id="fl-23">
         <path>C:\ti\ccsv7\tools\compiler\ti-cgt-msp430_16.9.4.LTS\lib\</path>
         <kind>archive</kind>
         <file>rts430x_lc_sd_eabi.lib</file>
         <name>addd.obj</name>
      </input_file>
      <input_file id="fl-24">
         <path>C:\ti\ccsv7\tools\compiler\ti-cgt-msp430_16.9.4.LTS\lib\</path>
         <kind>archive</kind>
         <file>rts430x_lc_sd_eabi.lib</file>
         <name>boot.obj</name>
      </input_file>
      <input_file id="fl-25">
         <path>C:\ti\ccsv7\tools\compiler\ti-cgt-msp430_16.9.4.LTS\lib\</path>
         <kind>archive</kind>
         <file>rts430x_lc_sd_eabi.lib</file>
         <name>boot_special.obj</name>
      </input_file>
      <input_file id="fl-26">
         <path>C:\ti\ccsv7\tools\compiler\ti-cgt-msp430_16.9.4.LTS\lib\</path>
         <kind>archive</kind>
         <file>rts430x_lc_sd_eabi.lib</file>
         <name>copy_decompress_lzss.obj</name>
      </input_file>
      <input_file id="fl-27">
         <path>C:\ti\ccsv7\tools\compiler\ti-cgt-msp430_16.9.4.LTS\lib\</path>
         <kind>archive</kind>
         <file>rts430x_lc_sd_eabi.lib</file>
         <name>copy_decompress_none.obj</name>
      </input_file>
      <input_file id="fl-28">
         <path>C:\ti\ccsv7\tools\compiler\ti-cgt-msp430_16.9.4.LTS\lib\</path>
         <kind>archive</kind>
         <file>rts430x_lc_sd_eabi.lib</file>
         <name>copy_zero_init.obj</name>
      </input_file>
      <input_file id="fl-29">
         <path>C:\ti\ccsv7\tools\compiler\ti-cgt-msp430_16.9.4.LTS\lib\</path>
         <kind>archive</kind>
         <file>rts430x_lc_sd_eabi.lib</file>
         <name>cpy_util.obj</name>
      </input_file>
      <input_file id="fl-2a">
         <path>C:\ti\ccsv7\tools\compiler\ti-cgt-msp430_16.9.4.LTS\lib\</path>
         <kind>archive</kind>
         <file>rts430x_lc_sd_eabi.lib</file>
         <name>cvtdf.obj</name>
      </input_file>
      <input_file id="fl-2b">
         <path>C:\ti\ccsv7\tools\compiler\ti-cgt-msp430_16.9.4.LTS\lib\</path>
         <kind>archive</kind>
         <file>rts430x_lc_sd_eabi.lib</file>
         <name>cvtfd.obj</name>
      </input_file>
      <input_file id="fl-2c">
         <path>C:\ti\ccsv7\tools\compiler\ti-cgt-msp430_16.9.4.LTS\lib\</path>
         <kind>archive</kind>
         <file>rts430x_lc_sd_eabi.lib</file>
         <name>div16s.obj</name>
      </input_file>
      <input_file id="fl-2d">
         <path>C:\ti\ccsv7\tools\compiler\ti-cgt-msp430_16.9.4.LTS\lib\</path>
         <kind>archive</kind>
         <file>rts430x_lc_sd_eabi.lib</file>
         <name>div16u.obj</name>
      </input_file>
      <input_file id="fl-2e">
         <path>C:\ti\ccsv7\tools\compiler\ti-cgt-msp430_16.9.4.LTS\lib\</path>
         <kind>archive</kind>
         <file>rts430x_lc_sd_eabi.lib</file>
         <name>divd.obj</name>
      </input_file>
      <input_file id="fl-2f">
         <path>C:\ti\ccsv7\tools\compiler\ti-cgt-msp430_16.9.4.LTS\lib\</path>
         <kind>archive</kind>
         <file>rts430x_lc_sd_eabi.lib</file>
         <name>e_log.obj</name>
      </input_file>
      <input_file id="fl-30">
         <path>C:\ti\ccsv7\tools\compiler\ti-cgt-msp430_16.9.4.LTS\lib\</path>
         <kind>archive</kind>
         <file>rts430x_lc_sd_eabi.lib</file>
         <name>errno.obj</name>
      </input_file>
      <input_file id="fl-31">
         <path>C:\ti\ccsv7\tools\compiler\ti-cgt-msp430_16.9.4.LTS\lib\</path>
         <kind>archive</kind>
         <file>rts430x_lc_sd_eabi.lib</file>
         <name>exit.obj</name>
      </input_file>
      <input_file id="fl-32">
         <path>C:\ti\ccsv7\tools\compiler\ti-cgt-msp430_16.9.4.LTS\lib\</path>
         <kind>archive</kind>
         <file>rts430x_lc_sd_eabi.lib</file>
         <name>exit_gvars.obj</name>
      </input_file>
      <input_file id="fl-33">
         <path>C:\ti\ccsv7\tools\compiler\ti-cgt-msp430_16.9.4.LTS\lib\</path>
         <kind>archive</kind>
         <file>rts430x_lc_sd_eabi.lib</file>
         <name>fltid.obj</name>
      </input_file>
      <input_file id="fl-34">
         <path>C:\ti\ccsv7\tools\compiler\ti-cgt-msp430_16.9.4.LTS\lib\</path>
         <kind>archive</kind>
         <file>rts430x_lc_sd_eabi.lib</file>
         <name>fltlid.obj</name>
      </input_file>
      <input_file id="fl-35">
         <path>C:\ti\ccsv7\tools\compiler\ti-cgt-msp430_16.9.4.LTS\lib\</path>
         <kind>archive</kind>
         <file>rts430x_lc_sd_eabi.lib</file>
         <name>frcaddd.obj</name>
      </input_file>
      <input_file id="fl-36">
         <path>C:\ti\ccsv7\tools\compiler\ti-cgt-msp430_16.9.4.LTS\lib\</path>
         <kind>archive</kind>
         <file>rts430x_lc_sd_eabi.lib</file>
         <name>frcdivd.obj</name>
      </input_file>
      <input_file id="fl-37">
         <path>C:\ti\ccsv7\tools\compiler\ti-cgt-msp430_16.9.4.LTS\lib\</path>
         <kind>archive</kind>
         <file>rts430x_lc_sd_eabi.lib</file>
         <name>fs_add.obj</name>
      </input_file>
      <input_file id="fl-38">
         <path>C:\ti\ccsv7\tools\compiler\ti-cgt-msp430_16.9.4.LTS\lib\</path>
         <kind>archive</kind>
         <file>rts430x_lc_sd_eabi.lib</file>
         <name>fs_cmp.obj</name>
      </input_file>
      <input_file id="fl-39">
         <path>C:\ti\ccsv7\tools\compiler\ti-cgt-msp430_16.9.4.LTS\lib\</path>
         <kind>archive</kind>
         <file>rts430x_lc_sd_eabi.lib</file>
         <name>fs_div.obj</name>
      </input_file>
      <input_file id="fl-3a">
         <path>C:\ti\ccsv7\tools\compiler\ti-cgt-msp430_16.9.4.LTS\lib\</path>
         <kind>archive</kind>
         <file>rts430x_lc_sd_eabi.lib</file>
         <name>fs_itof.obj</name>
      </input_file>
      <input_file id="fl-3b">
         <path>C:\ti\ccsv7\tools\compiler\ti-cgt-msp430_16.9.4.LTS\lib\</path>
         <kind>archive</kind>
         <file>rts430x_lc_sd_eabi.lib</file>
         <name>fs_mpy.obj</name>
      </input_file>
      <input_file id="fl-3c">
         <path>C:\ti\ccsv7\tools\compiler\ti-cgt-msp430_16.9.4.LTS\lib\</path>
         <kind>archive</kind>
         <file>rts430x_lc_sd_eabi.lib</file>
         <name>fs_neg.obj</name>
      </input_file>
      <input_file id="fl-3d">
         <path>C:\ti\ccsv7\tools\compiler\ti-cgt-msp430_16.9.4.LTS\lib\</path>
         <kind>archive</kind>
         <file>rts430x_lc_sd_eabi.lib</file>
         <name>fs_toi.obj</name>
      </input_file>
      <input_file id="fl-3e">
         <path>C:\ti\ccsv7\tools\compiler\ti-cgt-msp430_16.9.4.LTS\lib\</path>
         <kind>archive</kind>
         <file>rts430x_lc_sd_eabi.lib</file>
         <name>fs_tou.obj</name>
      </input_file>
      <input_file id="fl-3f">
         <path>C:\ti\ccsv7\tools\compiler\ti-cgt-msp430_16.9.4.LTS\lib\</path>
         <kind>archive</kind>
         <file>rts430x_lc_sd_eabi.lib</file>
         <name>fs_ultof.obj</name>
      </input_file>
      <input_file id="fl-40">
         <path>C:\ti\ccsv7\tools\compiler\ti-cgt-msp430_16.9.4.LTS\lib\</path>
         <kind>archive</kind>
         <file>rts430x_lc_sd_eabi.lib</file>
         <name>fs_utof.obj</name>
      </input_file>
      <input_file id="fl-41">
         <path>C:\ti\ccsv7\tools\compiler\ti-cgt-msp430_16.9.4.LTS\lib\</path>
         <kind>archive</kind>
         <file>rts430x_lc_sd_eabi.lib</file>
         <name>int41.obj</name>
      </input_file>
      <input_file id="fl-42">
         <path>C:\ti\ccsv7\tools\compiler\ti-cgt-msp430_16.9.4.LTS\lib\</path>
         <kind>archive</kind>
         <file>rts430x_lc_sd_eabi.lib</file>
         <name>int42.obj</name>
      </input_file>
      <input_file id="fl-43">
         <path>C:\ti\ccsv7\tools\compiler\ti-cgt-msp430_16.9.4.LTS\lib\</path>
         <kind>archive</kind>
         <file>rts430x_lc_sd_eabi.lib</file>
         <name>int43.obj</name>
      </input_file>
      <input_file id="fl-44">
         <path>C:\ti\ccsv7\tools\compiler\ti-cgt-msp430_16.9.4.LTS\lib\</path>
         <kind>archive</kind>
         <file>rts430x_lc_sd_eabi.lib</file>
         <name>int45.obj</name>
      </input_file>
      <input_file id="fl-45">
         <path>C:\ti\ccsv7\tools\compiler\ti-cgt-msp430_16.9.4.LTS\lib\</path>
         <kind>archive</kind>
         <file>rts430x_lc_sd_eabi.lib</file>
         <name>int46.obj</name>
      </input_file>
      <input_file id="fl-46">
         <path>C:\ti\ccsv7\tools\compiler\ti-cgt-msp430_16.9.4.LTS\lib\</path>
         <kind>archive</kind>
         <file>rts430x_lc_sd_eabi.lib</file>
         <name>int48.obj</name>
      </input_file>
      <input_file id="fl-47">
         <path>C:\ti\ccsv7\tools\compiler\ti-cgt-msp430_16.9.4.LTS\lib\</path>
         <kind>archive</kind>
         <file>rts430x_lc_sd_eabi.lib</file>
         <name>int49.obj</name>
      </input_file>
      <input_file id="fl-48">
         <path>C:\ti\ccsv7\tools\compiler\ti-cgt-msp430_16.9.4.LTS\lib\</path>
         <kind>archive</kind>
         <file>rts430x_lc_sd_eabi.lib</file>
         <name>int50.obj</name>
      </input_file>
      <input_file id="fl-49">
         <path>C:\ti\ccsv7\tools\compiler\ti-cgt-msp430_16.9.4.LTS\lib\</path>
         <kind>archive</kind>
         <file>rts430x_lc_sd_eabi.lib</file>
         <name>int51.obj</name>
      </input_file>
      <input_file id="fl-4a">
         <path>C:\ti\ccsv7\tools\compiler\ti-cgt-msp430_16.9.4.LTS\lib\</path>
         <kind>archive</kind>
         <file>rts430x_lc_sd_eabi.lib</file>
         <name>int52.obj</name>
      </input_file>
      <input_file id="fl-4b">
         <path>C:\ti\ccsv7\tools\compiler\ti-cgt-msp430_16.9.4.LTS\lib\</path>
         <kind>archive</kind>
         <file>rts430x_lc_sd_eabi.lib</file>
         <name>int53.obj</name>
      </input_file>
      <input_file id="fl-4c">
         <path>C:\ti\ccsv7\tools\compiler\ti-cgt-msp430_16.9.4.LTS\lib\</path>
         <kind>archive</kind>
         <file>rts430x_lc_sd_eabi.lib</file>
         <name>int54.obj</name>
      </input_file>
      <input_file id="fl-4d">
         <path>C:\ti\ccsv7\tools\compiler\ti-cgt-msp430_16.9.4.LTS\lib\</path>
         <kind>archive</kind>
         <file>rts430x_lc_sd_eabi.lib</file>
         <name>int55.obj</name>
      </input_file>
      <input_file id="fl-4e">
         <path>C:\ti\ccsv7\tools\compiler\ti-cgt-msp430_16.9.4.LTS\lib\</path>
         <kind>archive</kind>
         <file>rts430x_lc_sd_eabi.lib</file>
         <name>int56.obj</name>
      </input_file>
      <input_file id="fl-4f">
         <path>C:\ti\ccsv7\tools\compiler\ti-cgt-msp430_16.9.4.LTS\lib\</path>
         <kind>archive</kind>
         <file>rts430x_lc_sd_eabi.lib</file>
         <name>int57.obj</name>
      </input_file>
      <input_file id="fl-50">
         <path>C:\ti\ccsv7\tools\compiler\ti-cgt-msp430_16.9.4.LTS\lib\</path>
         <kind>archive</kind>
         <file>rts430x_lc_sd_eabi.lib</file>
         <name>int58.obj</name>
      </input_file>
      <input_file id="fl-51">
         <path>C:\ti\ccsv7\tools\compiler\ti-cgt-msp430_16.9.4.LTS\lib\</path>
         <kind>archive</kind>
         <file>rts430x_lc_sd_eabi.lib</file>
         <name>isr_trap.obj</name>
      </input_file>
      <input_file id="fl-52">
         <path>C:\ti\ccsv7\tools\compiler\ti-cgt-msp430_16.9.4.LTS\lib\</path>
         <kind>archive</kind>
         <file>rts430x_lc_sd_eabi.lib</file>
         <name>lsl32.obj</name>
      </input_file>
      <input_file id="fl-53">
         <path>C:\ti\ccsv7\tools\compiler\ti-cgt-msp430_16.9.4.LTS\lib\</path>
         <kind>archive</kind>
         <file>rts430x_lc_sd_eabi.lib</file>
         <name>lsr32.obj</name>
      </input_file>
      <input_file id="fl-54">
         <path>C:\ti\ccsv7\tools\compiler\ti-cgt-msp430_16.9.4.LTS\lib\</path>
         <kind>archive</kind>
         <file>rts430x_lc_sd_eabi.lib</file>
         <name>lsr64.obj</name>
      </input_file>
      <input_file id="fl-55">
         <path>C:\ti\ccsv7\tools\compiler\ti-cgt-msp430_16.9.4.LTS\lib\</path>
         <kind>archive</kind>
         <file>rts430x_lc_sd_eabi.lib</file>
         <name>memcpy.obj</name>
      </input_file>
      <input_file id="fl-56">
         <path>C:\ti\ccsv7\tools\compiler\ti-cgt-msp430_16.9.4.LTS\lib\</path>
         <kind>archive</kind>
         <file>rts430x_lc_sd_eabi.lib</file>
         <name>memory.obj</name>
      </input_file>
      <input_file id="fl-57">
         <path>C:\ti\ccsv7\tools\compiler\ti-cgt-msp430_16.9.4.LTS\lib\</path>
         <kind>archive</kind>
         <file>rts430x_lc_sd_eabi.lib</file>
         <name>memset.obj</name>
      </input_file>
      <input_file id="fl-58">
         <path>C:\ti\ccsv7\tools\compiler\ti-cgt-msp430_16.9.4.LTS\lib\</path>
         <kind>archive</kind>
         <file>rts430x_lc_sd_eabi.lib</file>
         <name>mpu_init.obj</name>
      </input_file>
      <input_file id="fl-59">
         <path>C:\ti\ccsv7\tools\compiler\ti-cgt-msp430_16.9.4.LTS\lib\</path>
         <kind>archive</kind>
         <file>rts430x_lc_sd_eabi.lib</file>
         <name>mpyd.obj</name>
      </input_file>
      <input_file id="fl-5a">
         <path>C:\ti\ccsv7\tools\compiler\ti-cgt-msp430_16.9.4.LTS\lib\</path>
         <kind>archive</kind>
         <file>rts430x_lc_sd_eabi.lib</file>
         <name>mult16.obj</name>
      </input_file>
      <input_file id="fl-5b">
         <path>C:\ti\ccsv7\tools\compiler\ti-cgt-msp430_16.9.4.LTS\lib\</path>
         <kind>archive</kind>
         <file>rts430x_lc_sd_eabi.lib</file>
         <name>mult1632_f5hw.obj</name>
      </input_file>
      <input_file id="fl-5c">
         <path>C:\ti\ccsv7\tools\compiler\ti-cgt-msp430_16.9.4.LTS\lib\</path>
         <kind>archive</kind>
         <file>rts430x_lc_sd_eabi.lib</file>
         <name>mult16_f5hw.obj</name>
      </input_file>
      <input_file id="fl-5d">
         <path>C:\ti\ccsv7\tools\compiler\ti-cgt-msp430_16.9.4.LTS\lib\</path>
         <kind>archive</kind>
         <file>rts430x_lc_sd_eabi.lib</file>
         <name>mult32.obj</name>
      </input_file>
      <input_file id="fl-5e">
         <path>C:\ti\ccsv7\tools\compiler\ti-cgt-msp430_16.9.4.LTS\lib\</path>
         <kind>archive</kind>
         <file>rts430x_lc_sd_eabi.lib</file>
         <name>mult3264_f5hw.obj</name>
      </input_file>
      <input_file id="fl-5f">
         <path>C:\ti\ccsv7\tools\compiler\ti-cgt-msp430_16.9.4.LTS\lib\</path>
         <kind>archive</kind>
         <file>rts430x_lc_sd_eabi.lib</file>
         <name>mult32_f5hw.obj</name>
      </input_file>
      <input_file id="fl-60">
         <path>C:\ti\ccsv7\tools\compiler\ti-cgt-msp430_16.9.4.LTS\lib\</path>
         <kind>archive</kind>
         <file>rts430x_lc_sd_eabi.lib</file>
         <name>mult64_f5hw.obj</name>
      </input_file>
      <input_file id="fl-61">
         <path>C:\ti\ccsv7\tools\compiler\ti-cgt-msp430_16.9.4.LTS\lib\</path>
         <kind>archive</kind>
         <file>rts430x_lc_sd_eabi.lib</file>
         <name>pre_init.obj</name>
      </input_file>
      <input_file id="fl-62">
         <path>C:\ti\ccsv7\tools\compiler\ti-cgt-msp430_16.9.4.LTS\lib\</path>
         <kind>archive</kind>
         <file>rts430x_lc_sd_eabi.lib</file>
         <name>renormd.obj</name>
      </input_file>
      <input_file id="fl-63">
         <path>C:\ti\ccsv7\tools\compiler\ti-cgt-msp430_16.9.4.LTS\lib\</path>
         <kind>archive</kind>
         <file>rts430x_lc_sd_eabi.lib</file>
         <name>subd.obj</name>
      </input_file>
      <input_file id="fl-64">
         <path>C:\ti\ccsv7\tools\compiler\ti-cgt-msp430_16.9.4.LTS\lib\</path>
         <kind>archive</kind>
         <file>rts430x_lc_sd_eabi.lib</file>
         <name>_lock.obj</name>
      </input_file>
      <input_file id="fl-65">
         <path>C:\ti\ccsv7\tools\compiler\ti-cgt-msp430_16.9.4.LTS\lib\</path>
         <kind>archive</kind>
         <file>rts430x_lc_sd_eabi.lib</file>
         <name>args_main.obj</name>
      </input_file>
      <input_file id="fl-66">
         <path>C:\ti\ccsv7\tools\compiler\ti-cgt-msp430_16.9.4.LTS\lib\</path>
         <kind>archive</kind>
         <file>rts430x_lc_sd_eabi.lib</file>
         <name>asr32.obj</name>
      </input_file>
      <input_file id="fl-67">
         <path>C:\ti\ccsv7\tools\compiler\ti-cgt-msp430_16.9.4.LTS\lib\</path>
         <kind>archive</kind>
         <file>rts430x_lc_sd_eabi.lib</file>
         <name>autoinit_wdt.obj</name>
      </input_file>
      <input_file id="fl-68">
         <path>C:\ti\ccsv7\tools\compiler\ti-cgt-msp430_16.9.4.LTS\lib\</path>
         <kind>archive</kind>
         <file>rts430x_lc_sd_eabi.lib</file>
         <name>cmpd.obj</name>
      </input_file>
      <input_file id="fl-69">
         <path>C:\ti\ccsv7\tools\compiler\ti-cgt-msp430_16.9.4.LTS\lib\</path>
         <kind>archive</kind>
         <file>rts430x_lc_sd_eabi.lib</file>
         <name>cpy_tbl.obj</name>
      </input_file>
      <input_file id="fl-6a">
         <path>C:\ti\ccsv7\tools\compiler\ti-cgt-msp430_16.9.4.LTS\lib\</path>
         <kind>archive</kind>
         <file>rts430x_lc_sd_eabi.lib</file>
         <name>frcmpyd.obj</name>
      </input_file>
      <input_file id="fl-6b">
         <path>C:\ti\ccsv7\tools\compiler\ti-cgt-msp430_16.9.4.LTS\lib\</path>
         <kind>archive</kind>
         <file>rts430x_lc_sd_eabi.lib</file>
         <name>startup.obj</name>
      </input_file>
   </input_file_list>
   <object_component_list>
      <object_component id="oc-692">
         <name>.cinit..data.load</name>
         <load_address>0xc400</load_address>
         <run_address>0xc400</run_address>
         <size>0xbc</size>
      </object_component>
      <object_component id="oc-68f">
         <name>__TI_handler_table</name>
         <load_address>0xc4be</load_address>
         <run_address>0xc4be</run_address>
         <size>0xc</size>
      </object_component>
      <object_component id="oc-691">
         <name>.cinit..bss.load</name>
         <load_address>0xc4ca</load_address>
         <run_address>0xc4ca</run_address>
         <size>0x6</size>
      </object_component>
      <object_component id="oc-690">
         <name>__TI_cinit_table</name>
         <load_address>0xc4d0</load_address>
         <run_address>0xc4d0</run_address>
         <size>0x10</size>
      </object_component>
      <object_component id="oc-62f">
         <name>.binit</name>
         <load_address>0xc4e0</load_address>
         <run_address>0xc4e0</run_address>
         <size>0x0</size>
      </object_component>
      <object_component id="oc-372">
         <name>.const:.string</name>
         <load_address>0xc4e0</load_address>
         <run_address>0xc4e0</run_address>
         <size>0x4c</size>
         <input_file_ref idref="fl-2"/>
      </object_component>
      <object_component id="oc-59c">
         <name>.const:.string:spO2LUT</name>
         <load_address>0xc52c</load_address>
         <run_address>0xc52c</run_address>
         <size>0x2b</size>
         <input_file_ref idref="fl-2"/>
      </object_component>
      <object_component id="oc-437">
         <name>.const:$P$T0$1</name>
         <load_address>0xc558</load_address>
         <run_address>0xc558</run_address>
         <size>0xa</size>
         <input_file_ref idref="fl-2"/>
      </object_component>
      <object_component id="oc-591">
         <name>.text:log</name>
         <load_address>0xc562</load_address>
         <run_address>0xc562</run_address>
         <size>0x63a</size>
         <input_file_ref idref="fl-2f"/>
      </object_component>
      <object_component id="oc-517">
         <name>.text:__TI_frcdivd</name>
         <load_address>0xcb9c</load_address>
         <run_address>0xcb9c</run_address>
         <size>0x478</size>
         <input_file_ref idref="fl-36"/>
      </object_component>
      <object_component id="oc-56b">
         <name>.text:__mspabi_addd</name>
         <load_address>0xd014</load_address>
         <run_address>0xd014</run_address>
         <size>0x2d6</size>
         <input_file_ref idref="fl-23"/>
      </object_component>
      <object_component id="oc-524">
         <name>.text:__TI_frcmpyd</name>
         <load_address>0xd2ea</load_address>
         <run_address>0xd2ea</run_address>
         <size>0x286</size>
         <input_file_ref idref="fl-6a"/>
      </object_component>
      <object_component id="oc-44e">
         <name>.text:__mspabi_mpyd</name>
         <load_address>0xd570</load_address>
         <run_address>0xd570</run_address>
         <size>0x280</size>
         <input_file_ref idref="fl-59"/>
      </object_component>
      <object_component id="oc-5ce">
         <name>.text:__TI_frcaddd</name>
         <load_address>0xd7f0</load_address>
         <run_address>0xd7f0</run_address>
         <size>0x252</size>
         <input_file_ref idref="fl-35"/>
      </object_component>
      <object_component id="oc-448">
         <name>.text:__mspabi_divd</name>
         <load_address>0xda42</load_address>
         <run_address>0xda42</run_address>
         <size>0x220</size>
         <input_file_ref idref="fl-2e"/>
      </object_component>
      <object_component id="oc-4dd">
         <name>.text:beatDetectorCheckForBeat</name>
         <load_address>0xdc62</load_address>
         <run_address>0xdc62</run_address>
         <size>0x1dc</size>
         <input_file_ref idref="fl-2"/>
      </object_component>
      <object_component id="oc-503">
         <name>.text</name>
         <load_address>0xde3e</load_address>
         <run_address>0xde3e</run_address>
         <size>0x132</size>
         <input_file_ref idref="fl-37"/>
      </object_component>
      <object_component id="oc-4e9">
         <name>.text:spO2CalcUpdate</name>
         <load_address>0xdf70</load_address>
         <run_address>0xdf70</run_address>
         <size>0x126</size>
         <input_file_ref idref="fl-2"/>
      </object_component>
      <object_component id="oc-422">
         <name>.text:readFifoData</name>
         <load_address>0xe096</load_address>
         <run_address>0xe096</run_address>
         <size>0x11a</size>
         <input_file_ref idref="fl-2"/>
      </object_component>
      <object_component id="oc-574">
         <name>.text:beatDetectorDecreaseThreshold</name>
         <load_address>0xe1b0</load_address>
         <run_address>0xe1b0</run_address>
         <size>0xfe</size>
         <input_file_ref idref="fl-2"/>
      </object_component>
      <object_component id="oc-68">
         <name>.text:decompress:lzss:__TI_decompress_lzss</name>
         <load_address>0xe2ae</load_address>
         <run_address>0xe2ae</run_address>
         <size>0xee</size>
         <input_file_ref idref="fl-26"/>
      </object_component>
      <object_component id="oc-2c2">
         <name>.text:_isr:USCI_B0_ISR</name>
         <load_address>0xe39c</load_address>
         <run_address>0xe39c</run_address>
         <size>0xe6</size>
         <input_file_ref idref="fl-2"/>
      </object_component>
      <object_component id="oc-5e9">
         <name>.text:__mspabi_cmpd</name>
         <load_address>0xe482</load_address>
         <run_address>0xe482</run_address>
         <size>0xd8</size>
         <input_file_ref idref="fl-68"/>
      </object_component>
      <object_component id="oc-42e">
         <name>.text:pulseOxCheckCurrentBias</name>
         <load_address>0xe55a</load_address>
         <run_address>0xe55a</run_address>
         <size>0xd0</size>
         <input_file_ref idref="fl-2"/>
      </object_component>
      <object_component id="oc-562">
         <name>.text</name>
         <load_address>0xe62a</load_address>
         <run_address>0xe62a</run_address>
         <size>0xb8</size>
         <input_file_ref idref="fl-3b"/>
      </object_component>
      <object_component id="oc-614">
         <name>.text:__TI_renormd</name>
         <load_address>0xe6e2</load_address>
         <run_address>0xe6e2</run_address>
         <size>0xb2</size>
         <input_file_ref idref="fl-62"/>
      </object_component>
      <object_component id="oc-327">
         <name>.text:copy_in</name>
         <load_address>0xe794</load_address>
         <run_address>0xe794</run_address>
         <size>0xb2</size>
         <input_file_ref idref="fl-69"/>
      </object_component>
      <object_component id="oc-539">
         <name>.text:malloc</name>
         <load_address>0xe846</load_address>
         <run_address>0xe846</run_address>
         <size>0xae</size>
         <input_file_ref idref="fl-56"/>
      </object_component>
      <object_component id="oc-5e3">
         <name>.text:__mspabi_fltlid</name>
         <load_address>0xe8f4</load_address>
         <run_address>0xe8f4</run_address>
         <size>0x9e</size>
         <input_file_ref idref="fl-34"/>
      </object_component>
      <object_component id="oc-428">
         <name>.text:pulseOxCheckSample</name>
         <load_address>0xe992</load_address>
         <run_address>0xe992</run_address>
         <size>0x9a</size>
         <input_file_ref idref="fl-2"/>
      </object_component>
      <object_component id="oc-2da">
         <name>.text:_auto_init_hold_wdt</name>
         <load_address>0xea2c</load_address>
         <run_address>0xea2c</run_address>
         <size>0x96</size>
         <input_file_ref idref="fl-67"/>
      </object_component>
      <object_component id="oc-58c">
         <name>.text</name>
         <load_address>0xeac2</load_address>
         <run_address>0xeac2</run_address>
         <size>0x90</size>
         <input_file_ref idref="fl-39"/>
      </object_component>
      <object_component id="oc-454">
         <name>.text:__mspabi_cvtdf</name>
         <load_address>0xeb52</load_address>
         <run_address>0xeb52</run_address>
         <size>0x8c</size>
         <input_file_ref idref="fl-2a"/>
      </object_component>
      <object_component id="oc-4d7">
         <name>.text:butterworthStep</name>
         <load_address>0xebde</load_address>
         <run_address>0xebde</run_address>
         <size>0x8c</size>
         <input_file_ref idref="fl-2"/>
      </object_component>
      <object_component id="oc-2f4">
         <name>.text:main</name>
         <load_address>0xec6a</load_address>
         <run_address>0xec6a</run_address>
         <size>0x8a</size>
         <input_file_ref idref="fl-2"/>
      </object_component>
      <object_component id="oc-409">
         <name>.text:begin</name>
         <load_address>0xecf4</load_address>
         <run_address>0xecf4</run_address>
         <size>0x80</size>
         <input_file_ref idref="fl-2"/>
      </object_component>
      <object_component id="oc-38b">
         <name>.text:sendInt</name>
         <load_address>0xed74</load_address>
         <run_address>0xed74</run_address>
         <size>0x7c</size>
         <input_file_ref idref="fl-2"/>
      </object_component>
      <object_component id="oc-4f0">
         <name>.text:getRawValues</name>
         <load_address>0xedf0</load_address>
         <run_address>0xedf0</run_address>
         <size>0x7a</size>
         <input_file_ref idref="fl-2"/>
      </object_component>
      <object_component id="oc-442">
         <name>.text:__mspabi_cvtfd</name>
         <load_address>0xee6a</load_address>
         <run_address>0xee6a</run_address>
         <size>0x6e</size>
         <input_file_ref idref="fl-2b"/>
      </object_component>
      <object_component id="oc-397">
         <name>.text:beatDetectorGetRate</name>
         <load_address>0xeed8</load_address>
         <run_address>0xeed8</run_address>
         <size>0x6c</size>
         <input_file_ref idref="fl-2"/>
      </object_component>
      <object_component id="oc-597">
         <name>.text</name>
         <load_address>0xef44</load_address>
         <run_address>0xef44</run_address>
         <size>0x68</size>
         <input_file_ref idref="fl-3d"/>
      </object_component>
      <object_component id="oc-379">
         <name>.text:pulseOxBegin</name>
         <load_address>0xefac</load_address>
         <run_address>0xefac</run_address>
         <size>0x56</size>
         <input_file_ref idref="fl-2"/>
      </object_component>
      <object_component id="oc-546">
         <name>.text:I2C_Master_WriteReg</name>
         <load_address>0xf002</load_address>
         <run_address>0xf002</run_address>
         <size>0x54</size>
         <input_file_ref idref="fl-2"/>
      </object_component>
      <object_component id="oc-43d">
         <name>.text</name>
         <load_address>0xf056</load_address>
         <run_address>0xf056</run_address>
         <size>0x4a</size>
         <input_file_ref idref="fl-38"/>
      </object_component>
      <object_component id="oc-39d">
         <name>.text</name>
         <load_address>0xf0a0</load_address>
         <run_address>0xf0a0</run_address>
         <size>0x46</size>
         <input_file_ref idref="fl-3e"/>
      </object_component>
      <object_component id="oc-54d">
         <name>.text:I2C_Master_ReadReg</name>
         <load_address>0xf0e6</load_address>
         <run_address>0xf0e6</run_address>
         <size>0x40</size>
         <input_file_ref idref="fl-2"/>
      </object_component>
      <object_component id="oc-2b1">
         <name>.text:__memcpy_far</name>
         <load_address>0xf126</load_address>
         <run_address>0xf126</run_address>
         <size>0x40</size>
         <input_file_ref idref="fl-29"/>
      </object_component>
      <object_component id="oc-4c6">
         <name>.text:dcStepIr</name>
         <load_address>0xf166</load_address>
         <run_address>0xf166</run_address>
         <size>0x3e</size>
         <input_file_ref idref="fl-2"/>
      </object_component>
      <object_component id="oc-4cc">
         <name>.text:dcStepRed</name>
         <load_address>0xf1a4</load_address>
         <run_address>0xf1a4</run_address>
         <size>0x3e</size>
         <input_file_ref idref="fl-2"/>
      </object_component>
      <object_component id="oc-86">
         <name>.text:decompress:ZI:__TI_zero_init</name>
         <load_address>0xf1e2</load_address>
         <run_address>0xf1e2</run_address>
         <size>0x3e</size>
         <input_file_ref idref="fl-28"/>
      </object_component>
      <object_component id="oc-50c">
         <name>.text:l_asr_const</name>
         <load_address>0xf220</load_address>
         <run_address>0xf220</run_address>
         <size>0x3e</size>
         <input_file_ref idref="fl-66"/>
      </object_component>
      <object_component id="oc-52c">
         <name>.text:l_lsl_const</name>
         <load_address>0xf25e</load_address>
         <run_address>0xf25e</run_address>
         <size>0x3e</size>
         <input_file_ref idref="fl-52"/>
      </object_component>
      <object_component id="oc-5a5">
         <name>.text:l_lsr_const</name>
         <load_address>0xf29c</load_address>
         <run_address>0xf29c</run_address>
         <size>0x3e</size>
         <input_file_ref idref="fl-53"/>
      </object_component>
      <object_component id="oc-6e">
         <name>.text:decompress:none:__TI_decompress_none</name>
         <load_address>0xf2da</load_address>
         <run_address>0xf2da</run_address>
         <size>0x3c</size>
         <input_file_ref idref="fl-27"/>
      </object_component>
      <object_component id="oc-35a">
         <name>.text:initClockTo16MHz</name>
         <load_address>0xf316</load_address>
         <run_address>0xf316</run_address>
         <size>0x38</size>
         <input_file_ref idref="fl-2"/>
      </object_component>
      <object_component id="oc-5bd">
         <name>.text:minit</name>
         <load_address>0xf34e</load_address>
         <run_address>0xf34e</run_address>
         <size>0x38</size>
         <input_file_ref idref="fl-56"/>
      </object_component>
      <object_component id="oc-581">
         <name>.text</name>
         <load_address>0xf386</load_address>
         <run_address>0xf386</run_address>
         <size>0x36</size>
         <input_file_ref idref="fl-3a"/>
      </object_component>
      <object_component id="oc-57c">
         <name>.text</name>
         <load_address>0xf3bc</load_address>
         <run_address>0xf3bc</run_address>
         <size>0x32</size>
         <input_file_ref idref="fl-3f"/>
      </object_component>
      <object_component id="oc-493">
         <name>.text:setHighresModeEnabled</name>
         <load_address>0xf3ee</load_address>
         <run_address>0xf3ee</run_address>
         <size>0x32</size>
         <input_file_ref idref="fl-2"/>
      </object_component>
      <object_component id="oc-5d6">
         <name>.text:__mspabi_subd</name>
         <load_address>0xf420</load_address>
         <run_address>0xf420</run_address>
         <size>0x2e</size>
         <input_file_ref idref="fl-63"/>
      </object_component>
      <object_component id="oc-4af">
         <name>.text:readRegister</name>
         <load_address>0xf44e</load_address>
         <run_address>0xf44e</run_address>
         <size>0x2e</size>
         <input_file_ref idref="fl-2"/>
      </object_component>
      <object_component id="oc-4bb">
         <name>.text</name>
         <load_address>0xf47c</load_address>
         <run_address>0xf47c</run_address>
         <size>0x2c</size>
         <input_file_ref idref="fl-2c"/>
      </object_component>
      <object_component id="oc-49a">
         <name>.text:calloc</name>
         <load_address>0xf4a8</load_address>
         <run_address>0xf4a8</run_address>
         <size>0x2a</size>
         <input_file_ref idref="fl-56"/>
      </object_component>
      <object_component id="oc-4fd">
         <name>.text:getDCW</name>
         <load_address>0xf4d2</load_address>
         <run_address>0xf4d2</run_address>
         <size>0x2a</size>
         <input_file_ref idref="fl-2"/>
      </object_component>
      <object_component id="oc-4a4">
         <name>.text:writeRegister</name>
         <load_address>0xf4fc</load_address>
         <run_address>0xf4fc</run_address>
         <size>0x2a</size>
         <input_file_ref idref="fl-2"/>
      </object_component>
      <object_component id="oc-360">
         <name>.text:initGPIO</name>
         <load_address>0xf526</load_address>
         <run_address>0xf526</run_address>
         <size>0x24</size>
         <input_file_ref idref="fl-2"/>
      </object_component>
      <object_component id="oc-4c1">
         <name>.text</name>
         <load_address>0xf54a</load_address>
         <run_address>0xf54a</run_address>
         <size>0x24</size>
         <input_file_ref idref="fl-40"/>
      </object_component>
      <object_component id="oc-5aa">
         <name>.text</name>
         <load_address>0xf56e</load_address>
         <run_address>0xf56e</run_address>
         <size>0x24</size>
         <input_file_ref idref="fl-5f"/>
      </object_component>
      <object_component id="oc-48d">
         <name>.text:setSamplingRate</name>
         <load_address>0xf592</load_address>
         <run_address>0xf592</run_address>
         <size>0x24</size>
         <input_file_ref idref="fl-2"/>
      </object_component>
      <object_component id="oc-366">
         <name>.text:initI2C</name>
         <load_address>0xf5b6</load_address>
         <run_address>0xf5b6</run_address>
         <size>0x22</size>
         <input_file_ref idref="fl-2"/>
      </object_component>
      <object_component id="oc-41b">
         <name>.text:setDCAlpha</name>
         <load_address>0xf5d8</load_address>
         <run_address>0xf5d8</run_address>
         <size>0x22</size>
         <input_file_ref idref="fl-2"/>
      </object_component>
      <object_component id="oc-487">
         <name>.text:setLedsPulseWidth</name>
         <load_address>0xf5fa</load_address>
         <run_address>0xf5fa</run_address>
         <size>0x20</size>
         <input_file_ref idref="fl-2"/>
      </object_component>
      <object_component id="oc-4e3">
         <name>.text:spO2CalcReset</name>
         <load_address>0xf61a</load_address>
         <run_address>0xf61a</run_address>
         <size>0x20</size>
         <input_file_ref idref="fl-2"/>
      </object_component>
      <object_component id="oc-36c">
         <name>.text:initUart</name>
         <load_address>0xf63a</load_address>
         <run_address>0xf63a</run_address>
         <size>0x1e</size>
         <input_file_ref idref="fl-2"/>
      </object_component>
      <object_component id="oc-373">
         <name>.text:sendString</name>
         <load_address>0xf658</load_address>
         <run_address>0xf658</run_address>
         <size>0x1e</size>
         <input_file_ref idref="fl-2"/>
      </object_component>
      <object_component id="oc-553">
         <name>.text:CopyArray</name>
         <load_address>0xf676</load_address>
         <run_address>0xf676</run_address>
         <size>0x1c</size>
         <input_file_ref idref="fl-2"/>
      </object_component>
      <object_component id="oc-a4">
         <name>.text:_isr:_c_int00_noargs_noexit</name>
         <load_address>0xf692</load_address>
         <run_address>0xf692</run_address>
         <size>0x1a</size>
         <input_file_ref idref="fl-25"/>
      </object_component>
      <object_component id="oc-4b5">
         <name>.text:burstRead</name>
         <load_address>0xf6ac</load_address>
         <run_address>0xf6ac</run_address>
         <size>0x18</size>
         <input_file_ref idref="fl-2"/>
      </object_component>
      <object_component id="oc-3cc">
         <name>.text</name>
         <load_address>0xf6c4</load_address>
         <run_address>0xf6c4</run_address>
         <size>0x18</size>
         <input_file_ref idref="fl-5c"/>
      </object_component>
      <object_component id="oc-55b">
         <name>.text</name>
         <load_address>0xf6dc</load_address>
         <run_address>0xf6dc</run_address>
         <size>0x16</size>
         <input_file_ref idref="fl-2d"/>
      </object_component>
      <object_component id="oc-540">
         <name>.text:memset</name>
         <load_address>0xf6f2</load_address>
         <run_address>0xf6f2</run_address>
         <size>0x14</size>
         <input_file_ref idref="fl-57"/>
      </object_component>
      <object_component id="oc-4f7">
         <name>.text:millis</name>
         <load_address>0xf706</load_address>
         <run_address>0xf706</run_address>
         <size>0x14</size>
         <input_file_ref idref="fl-2"/>
      </object_component>
      <object_component id="oc-3d1">
         <name>.text:memcpy</name>
         <load_address>0xf71a</load_address>
         <run_address>0xf71a</run_address>
         <size>0x12</size>
         <input_file_ref idref="fl-55"/>
      </object_component>
      <object_component id="oc-60f">
         <name>.text:l_asr</name>
         <load_address>0xf72c</load_address>
         <run_address>0xf72c</run_address>
         <size>0x10</size>
         <input_file_ref idref="fl-66"/>
      </object_component>
      <object_component id="oc-605">
         <name>.text:l_lsl</name>
         <load_address>0xf73c</load_address>
         <run_address>0xf73c</run_address>
         <size>0x10</size>
         <input_file_ref idref="fl-52"/>
      </object_component>
      <object_component id="oc-60a">
         <name>.text:l_lsr</name>
         <load_address>0xf74c</load_address>
         <run_address>0xf74c</run_address>
         <size>0x10</size>
         <input_file_ref idref="fl-53"/>
      </object_component>
      <object_component id="oc-415">
         <name>.text:setLedsCurrent</name>
         <load_address>0xf75c</load_address>
         <run_address>0xf75c</run_address>
         <size>0x10</size>
         <input_file_ref idref="fl-2"/>
      </object_component>
      <object_component id="oc-37f">
         <name>.text:pulseOxUpdate</name>
         <load_address>0xf76c</load_address>
         <run_address>0xf76c</run_address>
         <size>0xe</size>
         <input_file_ref idref="fl-2"/>
      </object_component>
      <object_component id="oc-391">
         <name>.text:sendData</name>
         <load_address>0xf77a</load_address>
         <run_address>0xf77a</run_address>
         <size>0xe</size>
         <input_file_ref idref="fl-2"/>
      </object_component>
      <object_component id="oc-34e">
         <name>.text:initWDT</name>
         <load_address>0xf788</load_address>
         <run_address>0xf788</run_address>
         <size>0xc</size>
         <input_file_ref idref="fl-2"/>
      </object_component>
      <object_component id="oc-40f">
         <name>.text:setMode</name>
         <load_address>0xf794</load_address>
         <run_address>0xf794</run_address>
         <size>0xc</size>
         <input_file_ref idref="fl-2"/>
      </object_component>
      <object_component id="oc-2c8">
         <name>.text:_isr:WDT_ISR</name>
         <load_address>0xf7a0</load_address>
         <run_address>0xf7a0</run_address>
         <size>0xa</size>
         <input_file_ref idref="fl-2"/>
      </object_component>
      <object_component id="oc-4d2">
         <name>.text</name>
         <load_address>0xf7aa</load_address>
         <run_address>0xf7aa</run_address>
         <size>0xa</size>
         <input_file_ref idref="fl-3c"/>
      </object_component>
      <object_component id="oc-2bd">
         <name>.text:_isr:__TI_ISR_TRAP</name>
         <load_address>0xf7b4</load_address>
         <run_address>0xf7b4</run_address>
         <size>0x8</size>
         <input_file_ref idref="fl-51"/>
      </object_component>
      <object_component id="oc-481">
         <name>.text:getPartId</name>
         <load_address>0xf7bc</load_address>
         <run_address>0xf7bc</run_address>
         <size>0x8</size>
         <input_file_ref idref="fl-2"/>
      </object_component>
      <object_component id="oc-354">
         <name>.text:holdWDT</name>
         <load_address>0xf7c4</load_address>
         <run_address>0xf7c4</run_address>
         <size>0x8</size>
         <input_file_ref idref="fl-2"/>
      </object_component>
      <object_component id="oc-2fc">
         <name>.text:abort</name>
         <load_address>0xf7cc</load_address>
         <run_address>0xf7cc</run_address>
         <size>0x6</size>
         <input_file_ref idref="fl-31"/>
      </object_component>
      <object_component id="oc-385">
         <name>.text:spO2CalcGetSpO2</name>
         <load_address>0xf7d2</load_address>
         <run_address>0xf7d2</run_address>
         <size>0x6</size>
         <input_file_ref idref="fl-2"/>
      </object_component>
      <object_component id="oc-2d4">
         <name>.text:_system_pre_init</name>
         <load_address>0xf7d8</load_address>
         <run_address>0xf7d8</run_address>
         <size>0x4</size>
         <input_file_ref idref="fl-61"/>
      </object_component>
      <object_component id="oc-3ef">
         <name>.text:_nop</name>
         <load_address>0xf7dc</load_address>
         <run_address>0xf7dc</run_address>
         <size>0x2</size>
         <input_file_ref idref="fl-64"/>
      </object_component>
      <object_component id="oc-32d">
         <name>.text:_system_post_cinit</name>
         <load_address>0xf7de</load_address>
         <run_address>0xf7de</run_address>
         <size>0x2</size>
         <input_file_ref idref="fl-6b"/>
      </object_component>
      <object_component id="oc-5c3">
         <name>.bss</name>
         <uninitialized>true</uninitialized>
         <run_address>0x2170</run_address>
         <size>0x6</size>
         <input_file_ref idref="fl-56"/>
      </object_component>
      <object_component id="oc-499">
         <name>.common:redBuffer</name>
         <uninitialized>true</uninitialized>
         <run_address>0x2160</run_address>
         <size>0x8</size>
      </object_component>
      <object_component id="oc-4a0">
         <name>.common:irBuffer</name>
         <uninitialized>true</uninitialized>
         <run_address>0x2158</run_address>
         <size>0x8</size>
      </object_component>
      <object_component id="oc-4a1">
         <name>.common:redBuffer_ptr</name>
         <uninitialized>true</uninitialized>
         <run_address>0x21a2</run_address>
         <size>0x2</size>
      </object_component>
      <object_component id="oc-4a2">
         <name>.common:irBuffer_ptr</name>
         <uninitialized>true</uninitialized>
         <run_address>0x21a0</run_address>
         <size>0x2</size>
      </object_component>
      <object_component id="oc-572">
         <name>.common:stateBeat</name>
         <uninitialized>true</uninitialized>
         <run_address>0x21a4</run_address>
         <size>0x2</size>
      </object_component>
      <object_component id="oc-57a">
         <name>.common:threshold</name>
         <uninitialized>true</uninitialized>
         <run_address>0x2196</run_address>
         <size>0x4</size>
      </object_component>
      <object_component id="oc-43c">
         <name>.common:beatPeriod</name>
         <uninitialized>true</uninitialized>
         <run_address>0x217e</run_address>
         <size>0x4</size>
      </object_component>
      <object_component id="oc-57b">
         <name>.common:lastMaxValue</name>
         <uninitialized>true</uninitialized>
         <run_address>0x2186</run_address>
         <size>0x4</size>
      </object_component>
      <object_component id="oc-573">
         <name>.common:tsLastBeat</name>
         <uninitialized>true</uninitialized>
         <run_address>0x219a</run_address>
         <size>0x4</size>
      </object_component>
      <object_component id="oc-56a">
         <name>.common:v</name>
         <uninitialized>true</uninitialized>
         <run_address>0x2168</run_address>
         <size>0x8</size>
      </object_component>
      <object_component id="oc-4ac">
         <name>.common:alphaRed</name>
         <uninitialized>true</uninitialized>
         <run_address>0x217a</run_address>
         <size>0x4</size>
      </object_component>
      <object_component id="oc-4ad">
         <name>.common:alphaIr</name>
         <uninitialized>true</uninitialized>
         <run_address>0x2176</run_address>
         <size>0x4</size>
      </object_component>
      <object_component id="oc-589">
         <name>.common:irACValueSqSum</name>
         <uninitialized>true</uninitialized>
         <run_address>0x2182</run_address>
         <size>0x4</size>
      </object_component>
      <object_component id="oc-588">
         <name>.common:redACValueSqSum</name>
         <uninitialized>true</uninitialized>
         <run_address>0x218e</run_address>
         <size>0x4</size>
      </object_component>
      <object_component id="oc-58a">
         <name>.common:beatsDetectedNum</name>
         <uninitialized>true</uninitialized>
         <run_address>0x21a6</run_address>
         <size>0x1</size>
      </object_component>
      <object_component id="oc-587">
         <name>.common:samplesRecorded</name>
         <uninitialized>true</uninitialized>
         <run_address>0x2192</run_address>
         <size>0x4</size>
      </object_component>
      <object_component id="oc-435">
         <name>.common:spO2</name>
         <uninitialized>true</uninitialized>
         <run_address>0x21a7</run_address>
         <size>0x1</size>
      </object_component>
      <object_component id="oc-408">
         <name>.common:debuggingMode</name>
         <uninitialized>true</uninitialized>
         <run_address>0x219e</run_address>
         <size>0x2</size>
      </object_component>
      <object_component id="oc-4ef">
         <name>.common:onBeatDetected</name>
         <uninitialized>true</uninitialized>
         <run_address>0x218a</run_address>
         <size>0x4</size>
      </object_component>
      <object_component id="oc-316">
         <name>.data</name>
         <load_address>0x2080</load_address>
         <run_address>0x2080</run_address>
         <size>0x2a</size>
         <input_file_ref idref="fl-2"/>
      </object_component>
      <object_component id="oc-31c">
         <name>.data:ReceiveBuffer</name>
         <load_address>0x2000</load_address>
         <run_address>0x2000</run_address>
         <size>0x40</size>
         <input_file_ref idref="fl-2"/>
      </object_component>
      <object_component id="oc-319">
         <name>.data:TransmitBuffer</name>
         <load_address>0x2040</load_address>
         <run_address>0x2040</run_address>
         <size>0x40</size>
         <input_file_ref idref="fl-2"/>
      </object_component>
      <object_component id="oc-5e0">
         <name>.data</name>
         <load_address>0x20b2</load_address>
         <run_address>0x20b2</run_address>
         <size>0x2</size>
         <input_file_ref idref="fl-30"/>
      </object_component>
      <object_component id="oc-5ba">
         <name>.data</name>
         <load_address>0x20b4</load_address>
         <run_address>0x20b4</run_address>
         <size>0x2</size>
         <input_file_ref idref="fl-56"/>
      </object_component>
      <object_component id="oc-33f">
         <name>.data:_lock</name>
         <load_address>0x20aa</load_address>
         <run_address>0x20aa</run_address>
         <size>0x4</size>
         <input_file_ref idref="fl-64"/>
      </object_component>
      <object_component id="oc-348">
         <name>.data:_unlock</name>
         <load_address>0x20ae</load_address>
         <run_address>0x20ae</run_address>
         <size>0x4</size>
         <input_file_ref idref="fl-64"/>
      </object_component>
      <object_component id="oc-2a3">
         <name>.sysmem</name>
         <uninitialized>true</uninitialized>
         <run_address>0x20b8</run_address>
         <size>0x4</size>
         <input_file_ref idref="fl-56"/>
      </object_component>
      <object_component id="oc-694">
         <name>.sysmem</name>
         <uninitialized>true</uninitialized>
         <run_address>0x20b8</run_address>
         <size>0x0</size>
      </object_component>
      <object_component id="oc-29f">
         <name>.stack</name>
         <uninitialized>true</uninitialized>
         <run_address>0x2f60</run_address>
         <size>0x2</size>
         <input_file_ref idref="fl-24"/>
      </object_component>
      <object_component id="oc-693">
         <name>.stack</name>
         <uninitialized>true</uninitialized>
         <run_address>0x2f60</run_address>
         <size>0x0</size>
      </object_component>
      <object_component id="oc-74">
         <name>.int41</name>
         <load_address>0xffda</load_address>
         <run_address>0xffda</run_address>
         <size>0x2</size>
         <input_file_ref idref="fl-41"/>
      </object_component>
      <object_component id="oc-75">
         <name>.int42</name>
         <load_address>0xffdc</load_address>
         <run_address>0xffdc</run_address>
         <size>0x2</size>
         <input_file_ref idref="fl-42"/>
      </object_component>
      <object_component id="oc-76">
         <name>.int43</name>
         <load_address>0xffde</load_address>
         <run_address>0xffde</run_address>
         <size>0x2</size>
         <input_file_ref idref="fl-43"/>
      </object_component>
      <object_component id="oc-77">
         <name>.int44</name>
         <load_address>0xffe0</load_address>
         <run_address>0xffe0</run_address>
         <size>0x2</size>
         <input_file_ref idref="fl-2"/>
      </object_component>
      <object_component id="oc-78">
         <name>.int45</name>
         <load_address>0xffe2</load_address>
         <run_address>0xffe2</run_address>
         <size>0x2</size>
         <input_file_ref idref="fl-44"/>
      </object_component>
      <object_component id="oc-79">
         <name>.int46</name>
         <load_address>0xffe4</load_address>
         <run_address>0xffe4</run_address>
         <size>0x2</size>
         <input_file_ref idref="fl-45"/>
      </object_component>
      <object_component id="oc-7a">
         <name>.int47</name>
         <load_address>0xffe6</load_address>
         <run_address>0xffe6</run_address>
         <size>0x2</size>
         <input_file_ref idref="fl-2"/>
      </object_component>
      <object_component id="oc-7b">
         <name>.int48</name>
         <load_address>0xffe8</load_address>
         <run_address>0xffe8</run_address>
         <size>0x2</size>
         <input_file_ref idref="fl-46"/>
      </object_component>
      <object_component id="oc-7c">
         <name>.int49</name>
         <load_address>0xffea</load_address>
         <run_address>0xffea</run_address>
         <size>0x2</size>
         <input_file_ref idref="fl-47"/>
      </object_component>
      <object_component id="oc-7d">
         <name>.int50</name>
         <load_address>0xffec</load_address>
         <run_address>0xffec</run_address>
         <size>0x2</size>
         <input_file_ref idref="fl-48"/>
      </object_component>
      <object_component id="oc-7e">
         <name>.int51</name>
         <load_address>0xffee</load_address>
         <run_address>0xffee</run_address>
         <size>0x2</size>
         <input_file_ref idref="fl-49"/>
      </object_component>
      <object_component id="oc-7f">
         <name>.int52</name>
         <load_address>0xfff0</load_address>
         <run_address>0xfff0</run_address>
         <size>0x2</size>
         <input_file_ref idref="fl-4a"/>
      </object_component>
      <object_component id="oc-80">
         <name>.int53</name>
         <load_address>0xfff2</load_address>
         <run_address>0xfff2</run_address>
         <size>0x2</size>
         <input_file_ref idref="fl-4b"/>
      </object_component>
      <object_component id="oc-81">
         <name>.int54</name>
         <load_address>0xfff4</load_address>
         <run_address>0xfff4</run_address>
         <size>0x2</size>
         <input_file_ref idref="fl-4c"/>
      </object_component>
      <object_component id="oc-82">
         <name>.int55</name>
         <load_address>0xfff6</load_address>
         <run_address>0xfff6</run_address>
         <size>0x2</size>
         <input_file_ref idref="fl-4d"/>
      </object_component>
      <object_component id="oc-83">
         <name>.int56</name>
         <load_address>0xfff8</load_address>
         <run_address>0xfff8</run_address>
         <size>0x2</size>
         <input_file_ref idref="fl-4e"/>
      </object_component>
      <object_component id="oc-84">
         <name>.int57</name>
         <load_address>0xfffa</load_address>
         <run_address>0xfffa</run_address>
         <size>0x2</size>
         <input_file_ref idref="fl-4f"/>
      </object_component>
      <object_component id="oc-85">
         <name>.int58</name>
         <load_address>0xfffc</load_address>
         <run_address>0xfffc</run_address>
         <size>0x2</size>
         <input_file_ref idref="fl-50"/>
      </object_component>
      <object_component id="oc-2a2">
         <name>.reset</name>
         <load_address>0xfffe</load_address>
         <run_address>0xfffe</run_address>
         <size>0x2</size>
         <input_file_ref idref="fl-24"/>
      </object_component>
      <object_component id="oc-3c8">
         <name>.debug_info</name>
         <load_address>0x0</load_address>
         <run_address>0x0</run_address>
         <size>0x9e0</size>
         <input_file_ref idref="fl-2"/>
      </object_component>
      <object_component id="oc-317">
         <name>.debug_info</name>
         <load_address>0x9e0</load_address>
         <run_address>0x9e0</run_address>
         <size>0x32c</size>
         <input_file_ref idref="fl-2"/>
      </object_component>
      <object_component id="oc-31d">
         <name>.debug_info</name>
         <load_address>0xd0c</load_address>
         <run_address>0xd0c</run_address>
         <size>0xbf</size>
         <input_file_ref idref="fl-2"/>
      </object_component>
      <object_component id="oc-31a">
         <name>.debug_info</name>
         <load_address>0xdcb</load_address>
         <run_address>0xdcb</run_address>
         <size>0xc1</size>
         <input_file_ref idref="fl-2"/>
      </object_component>
      <object_component id="oc-59d">
         <name>.debug_info</name>
         <load_address>0xe8c</load_address>
         <run_address>0xe8c</run_address>
         <size>0xb3</size>
         <input_file_ref idref="fl-2"/>
      </object_component>
      <object_component id="oc-438">
         <name>.debug_info</name>
         <load_address>0xf3f</load_address>
         <run_address>0xf3f</run_address>
         <size>0xb2</size>
         <input_file_ref idref="fl-2"/>
      </object_component>
      <object_component id="oc-54e">
         <name>.debug_info</name>
         <load_address>0xff1</load_address>
         <run_address>0xff1</run_address>
         <size>0x17f</size>
         <input_file_ref idref="fl-2"/>
      </object_component>
      <object_component id="oc-547">
         <name>.debug_info</name>
         <load_address>0x1170</load_address>
         <run_address>0x1170</run_address>
         <size>0x1c3</size>
         <input_file_ref idref="fl-2"/>
      </object_component>
      <object_component id="oc-554">
         <name>.debug_info</name>
         <load_address>0x1333</load_address>
         <run_address>0x1333</run_address>
         <size>0x16c</size>
         <input_file_ref idref="fl-2"/>
      </object_component>
      <object_component id="oc-367">
         <name>.debug_info</name>
         <load_address>0x149f</load_address>
         <run_address>0x149f</run_address>
         <size>0xdb</size>
         <input_file_ref idref="fl-2"/>
      </object_component>
      <object_component id="oc-2c3">
         <name>.debug_info</name>
         <load_address>0x157a</load_address>
         <run_address>0x157a</run_address>
         <size>0xf9</size>
         <input_file_ref idref="fl-2"/>
      </object_component>
      <object_component id="oc-40a">
         <name>.debug_info</name>
         <load_address>0x1673</load_address>
         <run_address>0x1673</run_address>
         <size>0x17c</size>
         <input_file_ref idref="fl-2"/>
      </object_component>
      <object_component id="oc-482">
         <name>.debug_info</name>
         <load_address>0x17ef</load_address>
         <run_address>0x17ef</run_address>
         <size>0x100</size>
         <input_file_ref idref="fl-2"/>
      </object_component>
      <object_component id="oc-4b0">
         <name>.debug_info</name>
         <load_address>0x18ef</load_address>
         <run_address>0x18ef</run_address>
         <size>0x16d</size>
         <input_file_ref idref="fl-2"/>
      </object_component>
      <object_component id="oc-4a5">
         <name>.debug_info</name>
         <load_address>0x1a5c</load_address>
         <run_address>0x1a5c</run_address>
         <size>0x180</size>
         <input_file_ref idref="fl-2"/>
      </object_component>
      <object_component id="oc-410">
         <name>.debug_info</name>
         <load_address>0x1bdc</load_address>
         <run_address>0x1bdc</run_address>
         <size>0x11b</size>
         <input_file_ref idref="fl-2"/>
      </object_component>
      <object_component id="oc-488">
         <name>.debug_info</name>
         <load_address>0x1cf7</load_address>
         <run_address>0x1cf7</run_address>
         <size>0x166</size>
         <input_file_ref idref="fl-2"/>
      </object_component>
      <object_component id="oc-48e">
         <name>.debug_info</name>
         <load_address>0x1e5d</load_address>
         <run_address>0x1e5d</run_address>
         <size>0x15e</size>
         <input_file_ref idref="fl-2"/>
      </object_component>
      <object_component id="oc-416">
         <name>.debug_info</name>
         <load_address>0x1fbb</load_address>
         <run_address>0x1fbb</run_address>
         <size>0x16c</size>
         <input_file_ref idref="fl-2"/>
      </object_component>
      <object_component id="oc-494">
         <name>.debug_info</name>
         <load_address>0x2127</load_address>
         <run_address>0x2127</run_address>
         <size>0x183</size>
         <input_file_ref idref="fl-2"/>
      </object_component>
      <object_component id="oc-4b6">
         <name>.debug_info</name>
         <load_address>0x22aa</load_address>
         <run_address>0x22aa</run_address>
         <size>0x18f</size>
         <input_file_ref idref="fl-2"/>
      </object_component>
      <object_component id="oc-423">
         <name>.debug_info</name>
         <load_address>0x2439</load_address>
         <run_address>0x2439</run_address>
         <size>0x1db</size>
         <input_file_ref idref="fl-2"/>
      </object_component>
      <object_component id="oc-4f1">
         <name>.debug_info</name>
         <load_address>0x2614</load_address>
         <run_address>0x2614</run_address>
         <size>0x153</size>
         <input_file_ref idref="fl-2"/>
      </object_component>
      <object_component id="oc-36d">
         <name>.debug_info</name>
         <load_address>0x2767</load_address>
         <run_address>0x2767</run_address>
         <size>0xe5</size>
         <input_file_ref idref="fl-2"/>
      </object_component>
      <object_component id="oc-392">
         <name>.debug_info</name>
         <load_address>0x284c</load_address>
         <run_address>0x284c</run_address>
         <size>0xfb</size>
         <input_file_ref idref="fl-2"/>
      </object_component>
      <object_component id="oc-38c">
         <name>.debug_info</name>
         <load_address>0x2947</load_address>
         <run_address>0x2947</run_address>
         <size>0x16e</size>
         <input_file_ref idref="fl-2"/>
      </object_component>
      <object_component id="oc-374">
         <name>.debug_info</name>
         <load_address>0x2ab5</load_address>
         <run_address>0x2ab5</run_address>
         <size>0x121</size>
         <input_file_ref idref="fl-2"/>
      </object_component>
      <object_component id="oc-4d8">
         <name>.debug_info</name>
         <load_address>0x2bd6</load_address>
         <run_address>0x2bd6</run_address>
         <size>0x1a8</size>
         <input_file_ref idref="fl-2"/>
      </object_component>
      <object_component id="oc-41c">
         <name>.debug_info</name>
         <load_address>0x2d7e</load_address>
         <run_address>0x2d7e</run_address>
         <size>0x145</size>
         <input_file_ref idref="fl-2"/>
      </object_component>
      <object_component id="oc-4fe">
         <name>.debug_info</name>
         <load_address>0x2ec3</load_address>
         <run_address>0x2ec3</run_address>
         <size>0x10d</size>
         <input_file_ref idref="fl-2"/>
      </object_component>
      <object_component id="oc-4cd">
         <name>.debug_info</name>
         <load_address>0x2fd0</load_address>
         <run_address>0x2fd0</run_address>
         <size>0x185</size>
         <input_file_ref idref="fl-2"/>
      </object_component>
      <object_component id="oc-4c7">
         <name>.debug_info</name>
         <load_address>0x3155</load_address>
         <run_address>0x3155</run_address>
         <size>0x17d</size>
         <input_file_ref idref="fl-2"/>
      </object_component>
      <object_component id="oc-34f">
         <name>.debug_info</name>
         <load_address>0x32d2</load_address>
         <run_address>0x32d2</run_address>
         <size>0xe5</size>
         <input_file_ref idref="fl-2"/>
      </object_component>
      <object_component id="oc-355">
         <name>.debug_info</name>
         <load_address>0x33b7</load_address>
         <run_address>0x33b7</run_address>
         <size>0xe5</size>
         <input_file_ref idref="fl-2"/>
      </object_component>
      <object_component id="oc-4f8">
         <name>.debug_info</name>
         <load_address>0x349c</load_address>
         <run_address>0x349c</run_address>
         <size>0x10b</size>
         <input_file_ref idref="fl-2"/>
      </object_component>
      <object_component id="oc-2c9">
         <name>.debug_info</name>
         <load_address>0x35a7</load_address>
         <run_address>0x35a7</run_address>
         <size>0xe6</size>
         <input_file_ref idref="fl-2"/>
      </object_component>
      <object_component id="oc-398">
         <name>.debug_info</name>
         <load_address>0x368d</load_address>
         <run_address>0x368d</run_address>
         <size>0x195</size>
         <input_file_ref idref="fl-2"/>
      </object_component>
      <object_component id="oc-575">
         <name>.debug_info</name>
         <load_address>0x3822</load_address>
         <run_address>0x3822</run_address>
         <size>0x249</size>
         <input_file_ref idref="fl-2"/>
      </object_component>
      <object_component id="oc-4de">
         <name>.debug_info</name>
         <load_address>0x3a6b</load_address>
         <run_address>0x3a6b</run_address>
         <size>0x3fa</size>
         <input_file_ref idref="fl-2"/>
      </object_component>
      <object_component id="oc-386">
         <name>.debug_info</name>
         <load_address>0x3e65</load_address>
         <run_address>0x3e65</run_address>
         <size>0x117</size>
         <input_file_ref idref="fl-2"/>
      </object_component>
      <object_component id="oc-4e4">
         <name>.debug_info</name>
         <load_address>0x3f7c</load_address>
         <run_address>0x3f7c</run_address>
         <size>0x10f</size>
         <input_file_ref idref="fl-2"/>
      </object_component>
      <object_component id="oc-4ea">
         <name>.debug_info</name>
         <load_address>0x408b</load_address>
         <run_address>0x408b</run_address>
         <size>0x390</size>
         <input_file_ref idref="fl-2"/>
      </object_component>
      <object_component id="oc-37a">
         <name>.debug_info</name>
         <load_address>0x441b</load_address>
         <run_address>0x441b</run_address>
         <size>0x1c9</size>
         <input_file_ref idref="fl-2"/>
      </object_component>
      <object_component id="oc-429">
         <name>.debug_info</name>
         <load_address>0x45e4</load_address>
         <run_address>0x45e4</run_address>
         <size>0x2b8</size>
         <input_file_ref idref="fl-2"/>
      </object_component>
      <object_component id="oc-42f">
         <name>.debug_info</name>
         <load_address>0x489c</load_address>
         <run_address>0x489c</run_address>
         <size>0x1f8</size>
         <input_file_ref idref="fl-2"/>
      </object_component>
      <object_component id="oc-380">
         <name>.debug_info</name>
         <load_address>0x4a94</load_address>
         <run_address>0x4a94</run_address>
         <size>0x151</size>
         <input_file_ref idref="fl-2"/>
      </object_component>
      <object_component id="oc-361">
         <name>.debug_info</name>
         <load_address>0x4be5</load_address>
         <run_address>0x4be5</run_address>
         <size>0xdf</size>
         <input_file_ref idref="fl-2"/>
      </object_component>
      <object_component id="oc-35b">
         <name>.debug_info</name>
         <load_address>0x4cc4</load_address>
         <run_address>0x4cc4</run_address>
         <size>0xef</size>
         <input_file_ref idref="fl-2"/>
      </object_component>
      <object_component id="oc-2f5">
         <name>.debug_info</name>
         <load_address>0x4db3</load_address>
         <run_address>0x4db3</run_address>
         <size>0x212</size>
         <input_file_ref idref="fl-2"/>
      </object_component>
      <object_component id="oc-463">
         <name>.debug_info</name>
         <load_address>0x4fc5</load_address>
         <run_address>0x4fc5</run_address>
         <size>0x86</size>
         <input_file_ref idref="fl-2"/>
      </object_component>
      <object_component id="oc-46d">
         <name>.debug_info</name>
         <load_address>0x504b</load_address>
         <run_address>0x504b</run_address>
         <size>0x110</size>
         <input_file_ref idref="fl-2"/>
      </object_component>
      <object_component id="oc-468">
         <name>.debug_info</name>
         <load_address>0x515b</load_address>
         <run_address>0x515b</run_address>
         <size>0x67</size>
         <input_file_ref idref="fl-2"/>
      </object_component>
      <object_component id="oc-3b7">
         <name>.debug_info</name>
         <load_address>0x51c2</load_address>
         <run_address>0x51c2</run_address>
         <size>0x8b</size>
         <input_file_ref idref="fl-2"/>
      </object_component>
      <object_component id="oc-3c1">
         <name>.debug_info</name>
         <load_address>0x524d</load_address>
         <run_address>0x524d</run_address>
         <size>0x199</size>
         <input_file_ref idref="fl-2"/>
      </object_component>
      <object_component id="oc-3bc">
         <name>.debug_info</name>
         <load_address>0x53e6</load_address>
         <run_address>0x53e6</run_address>
         <size>0x94</size>
         <input_file_ref idref="fl-2"/>
      </object_component>
      <object_component id="oc-3a3">
         <name>.debug_info</name>
         <load_address>0x547a</load_address>
         <run_address>0x547a</run_address>
         <size>0x8b</size>
         <input_file_ref idref="fl-2"/>
      </object_component>
      <object_component id="oc-320">
         <name>.debug_info</name>
         <load_address>0x5505</load_address>
         <run_address>0x5505</run_address>
         <size>0x18b</size>
         <input_file_ref idref="fl-2"/>
      </object_component>
      <object_component id="oc-5d5">
         <name>.debug_info</name>
         <load_address>0x5690</load_address>
         <run_address>0x5690</run_address>
         <size>0x201</size>
         <input_file_ref idref="fl-23"/>
      </object_component>
      <object_component id="oc-56e">
         <name>.debug_info</name>
         <load_address>0x5891</load_address>
         <run_address>0x5891</run_address>
         <size>0x227</size>
         <input_file_ref idref="fl-23"/>
      </object_component>
      <object_component id="oc-51e">
         <name>.debug_info</name>
         <load_address>0x5ab8</load_address>
         <run_address>0x5ab8</run_address>
         <size>0x94</size>
         <input_file_ref idref="fl-23"/>
      </object_component>
      <object_component id="oc-2ac">
         <name>.debug_info</name>
         <load_address>0x5b4c</load_address>
         <run_address>0x5b4c</run_address>
         <size>0x84</size>
         <input_file_ref idref="fl-23"/>
      </object_component>
      <object_component id="oc-2a0">
         <name>.debug_info</name>
         <load_address>0x5bd0</load_address>
         <run_address>0x5bd0</run_address>
         <size>0xf5</size>
         <input_file_ref idref="fl-24"/>
      </object_component>
      <object_component id="oc-a7">
         <name>.debug_info</name>
         <load_address>0x5cc5</load_address>
         <run_address>0x5cc5</run_address>
         <size>0x196</size>
         <input_file_ref idref="fl-25"/>
      </object_component>
      <object_component id="oc-6c">
         <name>.debug_info</name>
         <load_address>0x5e5b</load_address>
         <run_address>0x5e5b</run_address>
         <size>0x2ad</size>
         <input_file_ref idref="fl-26"/>
      </object_component>
      <object_component id="oc-30d">
         <name>.debug_info</name>
         <load_address>0x6108</load_address>
         <run_address>0x6108</run_address>
         <size>0x46</size>
         <input_file_ref idref="fl-26"/>
      </object_component>
      <object_component id="oc-2a7">
         <name>.debug_info</name>
         <load_address>0x614e</load_address>
         <run_address>0x614e</run_address>
         <size>0x60</size>
         <input_file_ref idref="fl-26"/>
      </object_component>
      <object_component id="oc-2bc">
         <name>.debug_info</name>
         <load_address>0x61ae</load_address>
         <run_address>0x61ae</run_address>
         <size>0x1cf</size>
         <input_file_ref idref="fl-27"/>
      </object_component>
      <object_component id="oc-6f">
         <name>.debug_info</name>
         <load_address>0x637d</load_address>
         <run_address>0x637d</run_address>
         <size>0x1e7</size>
         <input_file_ref idref="fl-27"/>
      </object_component>
      <object_component id="oc-2b7">
         <name>.debug_info</name>
         <load_address>0x6564</load_address>
         <run_address>0x6564</run_address>
         <size>0x46</size>
         <input_file_ref idref="fl-27"/>
      </object_component>
      <object_component id="oc-89">
         <name>.debug_info</name>
         <load_address>0x65aa</load_address>
         <run_address>0x65aa</run_address>
         <size>0x1b6</size>
         <input_file_ref idref="fl-28"/>
      </object_component>
      <object_component id="oc-2cf">
         <name>.debug_info</name>
         <load_address>0x6760</load_address>
         <run_address>0x6760</run_address>
         <size>0x46</size>
         <input_file_ref idref="fl-28"/>
      </object_component>
      <object_component id="oc-2b2">
         <name>.debug_info</name>
         <load_address>0x67a6</load_address>
         <run_address>0x67a6</run_address>
         <size>0x119</size>
         <input_file_ref idref="fl-29"/>
      </object_component>
      <object_component id="oc-532">
         <name>.debug_info</name>
         <load_address>0x68bf</load_address>
         <run_address>0x68bf</run_address>
         <size>0x1bf</size>
         <input_file_ref idref="fl-2a"/>
      </object_component>
      <object_component id="oc-456">
         <name>.debug_info</name>
         <load_address>0x6a7e</load_address>
         <run_address>0x6a7e</run_address>
         <size>0x1a0</size>
         <input_file_ref idref="fl-2a"/>
      </object_component>
      <object_component id="oc-512">
         <name>.debug_info</name>
         <load_address>0x6c1e</load_address>
         <run_address>0x6c1e</run_address>
         <size>0xdb</size>
         <input_file_ref idref="fl-2a"/>
      </object_component>
      <object_component id="oc-443">
         <name>.debug_info</name>
         <load_address>0x6cf9</load_address>
         <run_address>0x6cf9</run_address>
         <size>0x17d</size>
         <input_file_ref idref="fl-2b"/>
      </object_component>
      <object_component id="oc-4bd">
         <name>.debug_info</name>
         <load_address>0x6e76</load_address>
         <run_address>0x6e76</run_address>
         <size>0x12d</size>
         <input_file_ref idref="fl-2c"/>
      </object_component>
      <object_component id="oc-55c">
         <name>.debug_info</name>
         <load_address>0x6fa3</load_address>
         <run_address>0x6fa3</run_address>
         <size>0x119</size>
         <input_file_ref idref="fl-2d"/>
      </object_component>
      <object_component id="oc-523">
         <name>.debug_info</name>
         <load_address>0x70bc</load_address>
         <run_address>0x70bc</run_address>
         <size>0x1fc</size>
         <input_file_ref idref="fl-2e"/>
      </object_component>
      <object_component id="oc-449">
         <name>.debug_info</name>
         <load_address>0x72b8</load_address>
         <run_address>0x72b8</run_address>
         <size>0x247</size>
         <input_file_ref idref="fl-2e"/>
      </object_component>
      <object_component id="oc-592">
         <name>.debug_info</name>
         <load_address>0x74ff</load_address>
         <run_address>0x74ff</run_address>
         <size>0x78e</size>
         <input_file_ref idref="fl-2f"/>
      </object_component>
      <object_component id="oc-5f0">
         <name>.debug_info</name>
         <load_address>0x7c8d</load_address>
         <run_address>0x7c8d</run_address>
         <size>0x39</size>
         <input_file_ref idref="fl-2f"/>
      </object_component>
      <object_component id="oc-5e1">
         <name>.debug_info</name>
         <load_address>0x7cc6</load_address>
         <run_address>0x7cc6</run_address>
         <size>0xf3</size>
         <input_file_ref idref="fl-30"/>
      </object_component>
      <object_component id="oc-2fd">
         <name>.debug_info</name>
         <load_address>0x7db9</load_address>
         <run_address>0x7db9</run_address>
         <size>0x117</size>
         <input_file_ref idref="fl-31"/>
      </object_component>
      <object_component id="oc-622">
         <name>.debug_info</name>
         <load_address>0x7ed0</load_address>
         <run_address>0x7ed0</run_address>
         <size>0x1c5</size>
         <input_file_ref idref="fl-34"/>
      </object_component>
      <object_component id="oc-5e5">
         <name>.debug_info</name>
         <load_address>0x8095</load_address>
         <run_address>0x8095</run_address>
         <size>0x1e8</size>
         <input_file_ref idref="fl-34"/>
      </object_component>
      <object_component id="oc-61b">
         <name>.debug_info</name>
         <load_address>0x827d</load_address>
         <run_address>0x827d</run_address>
         <size>0x1fa</size>
         <input_file_ref idref="fl-35"/>
      </object_component>
      <object_component id="oc-5cf">
         <name>.debug_info</name>
         <load_address>0x8477</load_address>
         <run_address>0x8477</run_address>
         <size>0x2b1</size>
         <input_file_ref idref="fl-35"/>
      </object_component>
      <object_component id="oc-5b0">
         <name>.debug_info</name>
         <load_address>0x8728</load_address>
         <run_address>0x8728</run_address>
         <size>0x1cc</size>
         <input_file_ref idref="fl-36"/>
      </object_component>
      <object_component id="oc-519">
         <name>.debug_info</name>
         <load_address>0x88f4</load_address>
         <run_address>0x88f4</run_address>
         <size>0x5b2</size>
         <input_file_ref idref="fl-36"/>
      </object_component>
      <object_component id="oc-505">
         <name>.debug_info</name>
         <load_address>0x8ea6</load_address>
         <run_address>0x8ea6</run_address>
         <size>0x119</size>
         <input_file_ref idref="fl-37"/>
      </object_component>
      <object_component id="oc-43f">
         <name>.debug_info</name>
         <load_address>0x8fbf</load_address>
         <run_address>0x8fbf</run_address>
         <size>0x125</size>
         <input_file_ref idref="fl-38"/>
      </object_component>
      <object_component id="oc-58d">
         <name>.debug_info</name>
         <load_address>0x90e4</load_address>
         <run_address>0x90e4</run_address>
         <size>0x119</size>
         <input_file_ref idref="fl-39"/>
      </object_component>
      <object_component id="oc-584">
         <name>.debug_info</name>
         <load_address>0x91fd</load_address>
         <run_address>0x91fd</run_address>
         <size>0x122</size>
         <input_file_ref idref="fl-3a"/>
      </object_component>
      <object_component id="oc-565">
         <name>.debug_info</name>
         <load_address>0x931f</load_address>
         <run_address>0x931f</run_address>
         <size>0x119</size>
         <input_file_ref idref="fl-3b"/>
      </object_component>
      <object_component id="oc-4d3">
         <name>.debug_info</name>
         <load_address>0x9438</load_address>
         <run_address>0x9438</run_address>
         <size>0x119</size>
         <input_file_ref idref="fl-3c"/>
      </object_component>
[...]
         <object_component_ref idref="oc-36c"/>
      </symbol>
      <symbol id="sm-460">
         <name>irLedCurrent</name>
         <value>0x2092</value>
         <object_component_ref idref="oc-316"/>
      </symbol>
      <symbol id="sm-461">
         <name>beatDetectorAddSample</name>
         <value>0xdc62</value>
         <object_component_ref idref="oc-4dd"/>
      </symbol>
      <symbol id="sm-462">
         <name>RXByteCtr</name>
         <value>0x2083</value>
         <object_component_ref idref="oc-316"/>
      </symbol>
      <symbol id="sm-463">
         <name>tsLastBeatDetected</name>
         <value>0x209a</value>
         <object_component_ref idref="oc-316"/>
      </symbol>
      <symbol id="sm-48f">
         <name>__mspabi_addd</name>
         <value>0xd014</value>
         <object_component_ref idref="oc-56b"/>
      </symbol>
      <symbol id="sm-497">
         <name>_stack</name>
         <value>0x2f60</value>
         <object_component_ref idref="oc-29f"/>
      </symbol>
      <symbol id="sm-498">
         <name>_reset_vector</name>
         <value>0xfffe</value>
         <object_component_ref idref="oc-2a2"/>
      </symbol>
      <symbol id="sm-4a2">
         <name>_c_int00_noargs_noexit</name>
         <value>0xf692</value>
         <object_component_ref idref="oc-a4"/>
      </symbol>
      <symbol id="sm-4be">
         <name>__TI_decompress_lzss</name>
         <value>0xe2ae</value>
         <object_component_ref idref="oc-68"/>
      </symbol>
      <symbol id="sm-4cf">
         <name>__TI_decompress_none</name>
         <value>0xf2da</value>
         <object_component_ref idref="oc-6e"/>
      </symbol>
      <symbol id="sm-4df">
         <name>__TI_zero_init</name>
         <value>0xf1e2</value>
         <object_component_ref idref="oc-86"/>
      </symbol>
      <symbol id="sm-4ea">
         <name>__memcpy_far</name>
         <value>0xf126</value>
         <object_component_ref idref="oc-2b1"/>
      </symbol>
      <symbol id="sm-502">
         <name>__mspabi_cvtdf</name>
         <value>0xeb52</value>
         <object_component_ref idref="oc-454"/>
      </symbol>
      <symbol id="sm-510">
         <name>__mspabi_cvtfd</name>
         <value>0xee6a</value>
         <object_component_ref idref="oc-442"/>
      </symbol>
      <symbol id="sm-51c">
         <name>__mspabi_remi</name>
         <value>0xf47c</value>
         <object_component_ref idref="oc-4bb"/>
      </symbol>
      <symbol id="sm-51d">
         <name>__mspabi_divi</name>
         <value>0xf47c</value>
         <object_component_ref idref="oc-4bb"/>
      </symbol>
      <symbol id="sm-527">
         <name>__mspabi_remu</name>
         <value>0xf6dc</value>
         <object_component_ref idref="oc-55b"/>
      </symbol>
      <symbol id="sm-528">
         <name>__mspabi_divu</name>
         <value>0xf6dc</value>
         <object_component_ref idref="oc-55b"/>
      </symbol>
      <symbol id="sm-549">
         <name>__mspabi_divd</name>
         <value>0xda42</value>
         <object_component_ref idref="oc-448"/>
      </symbol>
      <symbol id="sm-582">
         <name>log</name>
         <value>0xc562</value>
         <object_component_ref idref="oc-591"/>
      </symbol>
      <symbol id="sm-583">
         <name>logl</name>
         <value>0xc562</value>
         <object_component_ref idref="oc-591"/>
      </symbol>
      <symbol id="sm-58a">
         <name>errno</name>
         <value>0x20b2</value>
         <object_component_ref idref="oc-5e0"/>
      </symbol>
      <symbol id="sm-594">
         <name>C$$EXIT</name>
         <value>0xf7cc</value>
         <object_component_ref idref="oc-2fc"/>
      </symbol>
      <symbol id="sm-595">
         <name>abort</name>
         <value>0xf7cc</value>
         <object_component_ref idref="oc-2fc"/>
      </symbol>
      <symbol id="sm-5af">
         <name>__mspabi_fltlid</name>
         <value>0xe8f4</value>
         <object_component_ref idref="oc-5e3"/>
      </symbol>
      <symbol id="sm-5d0">
         <name>__TI_frcaddd</name>
         <value>0xd7f0</value>
         <object_component_ref idref="oc-5ce"/>
      </symbol>
      <symbol id="sm-5eb">
         <name>__TI_frcdivd</name>
         <value>0xcb9c</value>
         <object_component_ref idref="oc-517"/>
      </symbol>
      <symbol id="sm-606">
         <name>__mspabi_subf</name>
         <value>0xde3e</value>
         <object_component_ref idref="oc-503"/>
      </symbol>
      <symbol id="sm-607">
         <name>__mspabi_addf</name>
         <value>0xde44</value>
         <object_component_ref idref="oc-503"/>
      </symbol>
      <symbol id="sm-617">
         <name>__mspabi_cmpf</name>
         <value>0xf056</value>
         <object_component_ref idref="oc-43d"/>
      </symbol>
      <symbol id="sm-629">
         <name>__mspabi_divf</name>
         <value>0xeac2</value>
         <object_component_ref idref="oc-58c"/>
      </symbol>
      <symbol id="sm-636">
         <name>__mspabi_fltif</name>
         <value>0xf386</value>
         <object_component_ref idref="oc-581"/>
      </symbol>
      <symbol id="sm-64d">
         <name>__mspabi_mpyf</name>
         <value>0xe62a</value>
         <object_component_ref idref="oc-562"/>
      </symbol>
      <symbol id="sm-656">
         <name>__mspabi_negf</name>
         <value>0xf7aa</value>
         <object_component_ref idref="oc-4d2"/>
      </symbol>
      <symbol id="sm-668">
         <name>__mspabi_fixfi</name>
         <value>0xef44</value>
         <object_component_ref idref="oc-597"/>
      </symbol>
      <symbol id="sm-677">
         <name>__mspabi_fixfu</name>
         <value>0xf0a0</value>
         <object_component_ref idref="oc-39d"/>
      </symbol>
      <symbol id="sm-683">
         <name>__mspabi_fltulf</name>
         <value>0xf3bc</value>
         <object_component_ref idref="oc-57c"/>
      </symbol>
      <symbol id="sm-68e">
         <name>__mspabi_fltuf</name>
         <value>0xf54a</value>
         <object_component_ref idref="oc-4c1"/>
      </symbol>
      <symbol id="sm-691">
         <name>__TI_int41</name>
         <value>0xffda</value>
         <object_component_ref idref="oc-74"/>
      </symbol>
      <symbol id="sm-694">
         <name>__TI_int42</name>
         <value>0xffdc</value>
         <object_component_ref idref="oc-75"/>
      </symbol>
      <symbol id="sm-697">
         <name>__TI_int43</name>
         <value>0xffde</value>
         <object_component_ref idref="oc-76"/>
      </symbol>
      <symbol id="sm-69a">
         <name>__TI_int45</name>
         <value>0xffe2</value>
         <object_component_ref idref="oc-78"/>
      </symbol>
      <symbol id="sm-69d">
         <name>__TI_int46</name>
         <value>0xffe4</value>
         <object_component_ref idref="oc-79"/>
      </symbol>
      <symbol id="sm-6a0">
         <name>__TI_int48</name>
         <value>0xffe8</value>
         <object_component_ref idref="oc-7b"/>
      </symbol>
      <symbol id="sm-6a3">
         <name>__TI_int49</name>
         <value>0xffea</value>
         <object_component_ref idref="oc-7c"/>
      </symbol>
      <symbol id="sm-6a6">
         <name>__TI_int50</name>
         <value>0xffec</value>
         <object_component_ref idref="oc-7d"/>
      </symbol>
      <symbol id="sm-6a9">
         <name>__TI_int51</name>
         <value>0xffee</value>
         <object_component_ref idref="oc-7e"/>
      </symbol>
      <symbol id="sm-6ac">
         <name>__TI_int52</name>
         <value>0xfff0</value>
         <object_component_ref idref="oc-7f"/>
      </symbol>
      <symbol id="sm-6af">
         <name>__TI_int53</name>
         <value>0xfff2</value>
         <object_component_ref idref="oc-80"/>
      </symbol>
      <symbol id="sm-6b2">
         <name>__TI_int54</name>
         <value>0xfff4</value>
         <object_component_ref idref="oc-81"/>
      </symbol>
      <symbol id="sm-6b5">
         <name>__TI_int55</name>
         <value>0xfff6</value>
         <object_component_ref idref="oc-82"/>
      </symbol>
      <symbol id="sm-6b8">
         <name>__TI_int56</name>
         <value>0xfff8</value>
         <object_component_ref idref="oc-83"/>
      </symbol>
      <symbol id="sm-6bb">
         <name>__TI_int57</name>
         <value>0xfffa</value>
         <object_component_ref idref="oc-84"/>
      </symbol>
      <symbol id="sm-6be">
         <name>__TI_int58</name>
         <value>0xfffc</value>
         <object_component_ref idref="oc-85"/>
      </symbol>
      <symbol id="sm-6c6">
         <name>__TI_ISR_TRAP</name>
         <value>0xf7b4</value>
         <object_component_ref idref="oc-2bd"/>
      </symbol>
      <symbol id="sm-6d6">
         <name>__mspabi_slll_9</name>
         <value>0xf276</value>
         <object_component_ref idref="oc-52c"/>
      </symbol>
      <symbol id="sm-6d7">
         <name>__mspabi_slll_8</name>
         <value>0xf27a</value>
         <object_component_ref idref="oc-52c"/>
      </symbol>
      <symbol id="sm-6d8">
         <name>__mspabi_slll_7</name>
         <value>0xf27e</value>
         <object_component_ref idref="oc-52c"/>
      </symbol>
      <symbol id="sm-6d9">
         <name>__mspabi_slll_6</name>
         <value>0xf282</value>
         <object_component_ref idref="oc-52c"/>
      </symbol>
      <symbol id="sm-6da">
         <name>__mspabi_slll_5</name>
         <value>0xf286</value>
         <object_component_ref idref="oc-52c"/>
      </symbol>
      <symbol id="sm-6db">
         <name>__mspabi_slll_4</name>
         <value>0xf28a</value>
         <object_component_ref idref="oc-52c"/>
      </symbol>
      <symbol id="sm-6dc">
         <name>__mspabi_slll_3</name>
         <value>0xf28e</value>
         <object_component_ref idref="oc-52c"/>
      </symbol>
      <symbol id="sm-6dd">
         <name>__mspabi_slll_2</name>
         <value>0xf292</value>
         <object_component_ref idref="oc-52c"/>
      </symbol>
      <symbol id="sm-6de">
         <name>__mspabi_slll_1</name>
         <value>0xf296</value>
         <object_component_ref idref="oc-52c"/>
      </symbol>
      <symbol id="sm-6df">
         <name>__mspabi_slll</name>
         <value>0xf73c</value>
         <object_component_ref idref="oc-605"/>
      </symbol>
      <symbol id="sm-6e0">
         <name>__mspabi_slll_15</name>
         <value>0xf25e</value>
         <object_component_ref idref="oc-52c"/>
      </symbol>
      <symbol id="sm-6e1">
         <name>__mspabi_slll_14</name>
         <value>0xf262</value>
         <object_component_ref idref="oc-52c"/>
      </symbol>
      <symbol id="sm-6e2">
         <name>__mspabi_slll_13</name>
         <value>0xf266</value>
         <object_component_ref idref="oc-52c"/>
      </symbol>
      <symbol id="sm-6e3">
         <name>__mspabi_slll_12</name>
         <value>0xf26a</value>
         <object_component_ref idref="oc-52c"/>
      </symbol>
      <symbol id="sm-6e4">
         <name>__mspabi_slll_11</name>
         <value>0xf26e</value>
         <object_component_ref idref="oc-52c"/>
      </symbol>
      <symbol id="sm-6e5">
         <name>__mspabi_slll_10</name>
         <value>0xf272</value>
         <object_component_ref idref="oc-52c"/>
      </symbol>
      <symbol id="sm-6f5">
         <name>__mspabi_srll_8</name>
         <value>0xf2b8</value>
         <object_component_ref idref="oc-5a5"/>
      </symbol>
      <symbol id="sm-6f6">
         <name>__mspabi_srll_9</name>
         <value>0xf2b4</value>
         <object_component_ref idref="oc-5a5"/>
      </symbol>
      <symbol id="sm-6f7">
         <name>__mspabi_srll_6</name>
         <value>0xf2c0</value>
         <object_component_ref idref="oc-5a5"/>
      </symbol>
      <symbol id="sm-6f8">
         <name>__mspabi_srll_7</name>
         <value>0xf2bc</value>
         <object_component_ref idref="oc-5a5"/>
      </symbol>
      <symbol id="sm-6f9">
         <name>__mspabi_srll_4</name>
         <value>0xf2c8</value>
         <object_component_ref idref="oc-5a5"/>
      </symbol>
      <symbol id="sm-6fa">
         <name>__mspabi_srll_5</name>
         <value>0xf2c4</value>
         <object_component_ref idref="oc-5a5"/>
      </symbol>
      <symbol id="sm-6fb">
         <name>__mspabi_srll_2</name>
         <value>0xf2d0</value>
         <object_component_ref idref="oc-5a5"/>
      </symbol>
      <symbol id="sm-6fc">
         <name>__mspabi_srll_3</name>
         <value>0xf2cc</value>
         <object_component_ref idref="oc-5a5"/>
      </symbol>
      <symbol id="sm-6fd">
         <name>__mspabi_srll_1</name>
         <value>0xf2d4</value>
         <object_component_ref idref="oc-5a5"/>
      </symbol>
      <symbol id="sm-6fe">
         <name>__mspabi_srll_15</name>
         <value>0xf29c</value>
         <object_component_ref idref="oc-5a5"/>
      </symbol>
      <symbol id="sm-6ff">
         <name>__mspabi_srll_14</name>
         <value>0xf2a0</value>
         <object_component_ref idref="oc-5a5"/>
      </symbol>
      <symbol id="sm-700">
         <name>__mspabi_srll_13</name>
         <value>0xf2a4</value>
         <object_component_ref idref="oc-5a5"/>
      </symbol>
      <symbol id="sm-701">
         <name>__mspabi_srll_12</name>
         <value>0xf2a8</value>
         <object_component_ref idref="oc-5a5"/>
      </symbol>
      <symbol id="sm-702">
         <name>__mspabi_srll_11</name>
         <value>0xf2ac</value>
         <object_component_ref idref="oc-5a5"/>
      </symbol>
      <symbol id="sm-703">
         <name>__mspabi_srll_10</name>
         <value>0xf2b0</value>
         <object_component_ref idref="oc-5a5"/>
      </symbol>
      <symbol id="sm-704">
         <name>__mspabi_srll</name>
         <value>0xf74c</value>
         <object_component_ref idref="oc-60a"/>
      </symbol>
      <symbol id="sm-718">
         <name>memcpy</name>
         <value>0xf71a</value>
         <object_component_ref idref="oc-3d1"/>
      </symbol>
      <symbol id="sm-762">
         <name>_sys_memory</name>
         <value>0x20b8</value>
         <object_component_ref idref="oc-2a3"/>
      </symbol>
      <symbol id="sm-763">
         <name>calloc</name>
         <value>0xf4a8</value>
         <object_component_ref idref="oc-49a"/>
      </symbol>
      <symbol id="sm-764">
         <name>malloc</name>
         <value>0xe846</value>
         <object_component_ref idref="oc-539"/>
      </symbol>
      <symbol id="sm-765">
         <name>minit</name>
         <value>0xf34e</value>
         <object_component_ref idref="oc-5bd"/>
      </symbol>
      <symbol id="sm-773">
         <name>memset</name>
         <value>0xf6f2</value>
         <object_component_ref idref="oc-540"/>
      </symbol>
      <symbol id="sm-794">
         <name>__mspabi_mpyd</name>
         <value>0xd570</value>
         <object_component_ref idref="oc-44e"/>
      </symbol>
      <symbol id="sm-79e">
         <name>__mspabi_mpyi_f5hw</name>
         <value>0xf6c4</value>
         <object_component_ref idref="oc-3cc"/>
      </symbol>
      <symbol id="sm-7a8">
         <name>__mspabi_mpyl_f5hw</name>
         <value>0xf56e</value>
         <object_component_ref idref="oc-5aa"/>
      </symbol>
      <symbol id="sm-7b2">
         <name>_system_pre_init</name>
         <value>0xf7d8</value>
         <object_component_ref idref="oc-2d4"/>
      </symbol>
      <symbol id="sm-7c6">
         <name>__TI_renormd</name>
         <value>0xe6e2</value>
         <object_component_ref idref="oc-614"/>
      </symbol>
      <symbol id="sm-7cf">
         <name>__mspabi_subd</name>
         <value>0xf420</value>
         <object_component_ref idref="oc-5d6"/>
      </symbol>
      <symbol id="sm-7e5">
         <name>_nop</name>
         <value>0xf7dc</value>
         <object_component_ref idref="oc-3ef"/>
      </symbol>
      <symbol id="sm-7e6">
         <name>_lock</name>
         <value>0x20aa</value>
         <object_component_ref idref="oc-33f"/>
      </symbol>
      <symbol id="sm-7e7">
         <name>_unlock</name>
         <value>0x20ae</value>
         <object_component_ref idref="oc-348"/>
      </symbol>
      <symbol id="sm-7f8">
         <name>__mspabi_sral</name>
         <value>0xf72c</value>
         <object_component_ref idref="oc-60f"/>
      </symbol>
      <symbol id="sm-7f9">
         <name>__mspabi_sral_15</name>
         <value>0xf220</value>
         <object_component_ref idref="oc-50c"/>
      </symbol>
      <symbol id="sm-7fa">
         <name>__mspabi_sral_14</name>
         <value>0xf224</value>
         <object_component_ref idref="oc-50c"/>
      </symbol>
      <symbol id="sm-7fb">
         <name>__mspabi_sral_13</name>
         <value>0xf228</value>
         <object_component_ref idref="oc-50c"/>
      </symbol>
      <symbol id="sm-7fc">
         <name>__mspabi_sral_12</name>
         <value>0xf22c</value>
         <object_component_ref idref="oc-50c"/>
      </symbol>
      <symbol id="sm-7fd">
         <name>__mspabi_sral_11</name>
         <value>0xf230</value>
         <object_component_ref idref="oc-50c"/>
      </symbol>
      <symbol id="sm-7fe">
         <name>__mspabi_sral_10</name>
         <value>0xf234</value>
         <object_component_ref idref="oc-50c"/>
      </symbol>
      <symbol id="sm-7ff">
         <name>__mspabi_sral_8</name>
         <value>0xf23c</value>
         <object_component_ref idref="oc-50c"/>
      </symbol>
      <symbol id="sm-800">
         <name>__mspabi_sral_9</name>
         <value>0xf238</value>
         <object_component_ref idref="oc-50c"/>
      </symbol>
      <symbol id="sm-801">
         <name>__mspabi_sral_6</name>
         <value>0xf244</value>
         <object_component_ref idref="oc-50c"/>
      </symbol>
      <symbol id="sm-802">
         <name>__mspabi_sral_7</name>
         <value>0xf240</value>
         <object_component_ref idref="oc-50c"/>
      </symbol>
      <symbol id="sm-803">
         <name>__mspabi_sral_4</name>
         <value>0xf24c</value>
         <object_component_ref idref="oc-50c"/>
      </symbol>
      <symbol id="sm-804">
         <name>__mspabi_sral_5</name>
         <value>0xf248</value>
         <object_component_ref idref="oc-50c"/>
      </symbol>
      <symbol id="sm-805">
         <name>__mspabi_sral_2</name>
         <value>0xf254</value>
         <object_component_ref idref="oc-50c"/>
      </symbol>
      <symbol id="sm-806">
         <name>__mspabi_sral_3</name>
         <value>0xf250</value>
         <object_component_ref idref="oc-50c"/>
      </symbol>
      <symbol id="sm-807">
         <name>__mspabi_sral_1</name>
         <value>0xf258</value>
         <object_component_ref idref="oc-50c"/>
      </symbol>
      <symbol id="sm-828">
         <name>_auto_init_hold_wdt</name>
         <value>0xea2c</value>
         <object_component_ref idref="oc-2da"/>
      </symbol>
      <symbol id="sm-842">
         <name>__mspabi_cmpd</name>
         <value>0xe482</value>
         <object_component_ref idref="oc-5e9"/>
      </symbol>
      <symbol id="sm-859">
         <name>copy_in</name>
         <value>0xe794</value>
         <object_component_ref idref="oc-327"/>
      </symbol>
      <symbol id="sm-86a">
         <name>__TI_frcmpyd</name>
         <value>0xd2ea</value>
         <object_component_ref idref="oc-524"/>
      </symbol>
      <symbol id="sm-873">
         <name>_system_post_cinit</name>
         <value>0xf7de</value>
         <object_component_ref idref="oc-32d"/>
      </symbol>
      <symbol id="sm-877">
         <name>__TI_BINIT_Base</name>
         <value>0x0</value>
      </symbol>
      <symbol id="sm-878">
         <name>__TI_BINIT_Limit</name>
         <value>0x0</value>
      </symbol>
      <symbol id="sm-879">
         <name>__TI_INITARRAY_Base</name>
         <value>0x0</value>
      </symbol>
      <symbol id="sm-87a">
         <name>__TI_INITARRAY_Limit</name>
         <value>0x0</value>
      </symbol>
   </symbol_table>
   <title>Link successful</title>
</link_info>
