******************************************************************************
                  MSP430 Linker PC v16.9.4                     
******************************************************************************
>> Linked Mon Jun 18 22:30:23 2018

OUTPUT FILE NAME:   <PC3.out>
ENTRY POINT SYMBOL: "_c_int00_noargs_noexit"  address: 0000f9c8


MEMORY CONFIGURATION

         name            origin    length      used     unused   attr    fill
----------------------  --------  ---------  --------  --------  ----  --------
  SFR                   00000000   00000010  00000000  00000010  RWIX
  PERIPHERALS_8BIT      00000010   000000f0  00000000  000000f0  RWIX
  PERIPHERALS_16BIT     00000100   00000100  00000000  00000100  RWIX
  INFOA                 00001800   00000200  00000000  00000200  RWIX
  RAM                   00002000   00001000  00000248  00000db8  RWIX
  FRAM                  0000c400   00003b80  0000375c  00000424  RWIX
  JTAGSIGNATURE         0000ff80   00000004  00000004  00000000  RWIX  ffff 
  BSLSIGNATURE          0000ff84   00000004  00000004  00000000  RWIX  ffff 
  INT00                 0000ff88   00000002  00000000  00000002  RWIX
  INT01                 0000ff8a   00000002  00000000  00000002  RWIX
  INT02                 0000ff8c   00000002  00000000  00000002  RWIX
  INT03                 0000ff8e   00000002  00000000  00000002  RWIX
  INT04                 0000ff90   00000002  00000000  00000002  RWIX
  INT05                 0000ff92   00000002  00000000  00000002  RWIX
  INT06                 0000ff94   00000002  00000000  00000002  RWIX
  INT07                 0000ff96   00000002  00000000  00000002  RWIX
  INT08                 0000ff98   00000002  00000000  00000002  RWIX
  INT09                 0000ff9a   00000002  00000000  00000002  RWIX
  INT10                 0000ff9c   00000002  00000000  00000002  RWIX
  INT11                 0000ff9e   00000002  00000000  00000002  RWIX
  INT12                 0000ffa0   00000002  00000000  00000002  RWIX
  INT13                 0000ffa2   00000002  00000000  00000002  RWIX
  INT14                 0000ffa4   00000002  00000000  00000002  RWIX
  INT15                 0000ffa6   00000002  00000000  00000002  RWIX
  INT16                 0000ffa8   00000002  00000000  00000002  RWIX
  INT17                 0000ffaa   00000002  00000000  00000002  RWIX
  INT18                 0000ffac   00000002  00000000  00000002  RWIX
  INT19                 0000ffae   00000002  00000000  00000002  RWIX
  INT20                 0000ffb0   00000002  00000000  00000002  RWIX
  INT21                 0000ffb2   00000002  00000000  00000002  RWIX
  INT22                 0000ffb4   00000002  00000000  00000002  RWIX
  INT23                 0000ffb6   00000002  00000000  00000002  RWIX
  INT24                 0000ffb8   00000002  00000000  00000002  RWIX
  INT25                 0000ffba   00000002  00000000  00000002  RWIX
  INT26                 0000ffbc   00000002  00000000  00000002  RWIX
  INT27                 0000ffbe   00000002  00000000  00000002  RWIX
  INT28                 0000ffc0   00000002  00000000  00000002  RWIX
  INT29                 0000ffc2   00000002  00000000  00000002  RWIX
  INT30                 0000ffc4   00000002  00000000  00000002  RWIX
  INT31                 0000ffc6   00000002  00000000  00000002  RWIX
  INT32                 0000ffc8   00000002  00000000  00000002  RWIX
  INT33                 0000ffca   00000002  00000000  00000002  RWIX
  INT34                 0000ffcc   00000002  00000000  00000002  RWIX
  INT35                 0000ffce   00000002  00000000  00000002  RWIX
  INT36                 0000ffd0   00000002  00000000  00000002  RWIX
  INT37                 0000ffd2   00000002  00000000  00000002  RWIX
  INT38                 0000ffd4   00000002  00000000  00000002  RWIX
  INT39                 0000ffd6   00000002  00000000  00000002  RWIX
  INT40                 0000ffd8   00000002  00000000  00000002  RWIX
  INT41                 0000ffda   00000002  00000002  00000000  RWIX
  INT42                 0000ffdc   00000002  00000002  00000000  RWIX
  INT43                 0000ffde   00000002  00000002  00000000  RWIX
  INT44                 0000ffe0   00000002  00000002  00000000  RWIX
  INT45                 0000ffe2   00000002  00000002  00000000  RWIX
  INT46                 0000ffe4   00000002  00000002  00000000  RWIX
  INT47                 0000ffe6   00000002  00000002  00000000  RWIX
  INT48                 0000ffe8   00000002  00000002  00000000  RWIX
  INT49                 0000ffea   00000002  00000002  00000000  RWIX
  INT50                 0000ffec   00000002  00000002  00000000  RWIX
  INT51                 0000ffee   00000002  00000002  00000000  RWIX
  INT52                 0000fff0   00000002  00000002  00000000  RWIX
  INT53                 0000fff2   00000002  00000002  00000000  RWIX
  INT54                 0000fff4   00000002  00000002  00000000  RWIX
  INT55                 0000fff6   00000002  00000002  00000000  RWIX
  INT56                 0000fff8   00000002  00000002  00000000  RWIX
  INT57                 0000fffa   00000002  00000002  00000000  RWIX
  INT58                 0000fffc   00000002  00000002  00000000  RWIX
  RESET                 0000fffe   00000002  00000002  00000000  RWIX


SECTION ALLOCATION MAP

 output                                  attributes/
section   page    origin      length       input sections
--------  ----  ----------  ----------   ----------------
.data      0    00002000    000000d8     UNINITIALIZED
                  00002000    0000004c     main.obj (.data)
                  0000204c    00000040     main.obj (.data:ReceiveBuffer)
                  0000208c    00000040     main.obj (.data:TransmitBuffer)
                  000020cc    00000004     rts430x_lc_sd_eabi.lib : _lock.obj (.data:_lock)
                  000020d0    00000004                            : _lock.obj (.data:_unlock)
                  000020d4    00000002                            : errno.obj (.data)
                  000020d6    00000002                            : memory.obj (.data)

.sysmem    0    000020d8    000000a0     UNINITIALIZED
                  000020d8    00000004     rts430x_lc_sd_eabi.lib : memory.obj (.sysmem)
                  000020dc    0000009c     --HOLE--

.bss       0    00002178    00000030     UNINITIALIZED
                  00002178    00000008     (.common:irBuffer)
                  00002180    00000008     (.common:redBuffer)
                  00002188    00000008     (.common:v)
                  00002190    00000006     rts430x_lc_sd_eabi.lib : memory.obj (.bss)
                  00002196    00000004     (.common:alphaIr)
                  0000219a    00000004     (.common:alphaRed)
                  0000219e    00000004     (.common:onBeatDetected)
                  000021a2    00000002     (.common:debuggingMode)
                  000021a4    00000002     (.common:irBuffer_ptr)
                  000021a6    00000002     (.common:redBuffer_ptr)

.stack     0    00002f60    000000a0     UNINITIALIZED
                  00002f60    00000002     rts430x_lc_sd_eabi.lib : boot.obj (.stack)
                  00002f62    0000009e     --HOLE--

.TI.persistent 
*          0    0000c400    00000000     UNINITIALIZED

.cinit     0    0000c400    00000102     
                  0000c400    000000de     (.cinit..data.load) [load image]
                  0000c4e0    0000000c     (__TI_handler_table)
                  0000c4ec    00000006     (.cinit..bss.load) [load image, compression = zero_init]
                  0000c4f2    00000010     (__TI_cinit_table)

.pinit     0    0000c502    00000000     UNINITIALIZED

.binit     0    0000c502    00000000     

.init_array 
*          0    0000c502    00000000     UNINITIALIZED

.mspabi.exidx 
*          0    0000c502    00000000     UNINITIALIZED

.mspabi.extab 
*          0    0000c502    00000000     UNINITIALIZED

.const     0    0000c502    000000e0     
                  0000c502    000000a6     main.obj (.const:.string)
                  0000c5a8    0000002b     main.obj (.const:.string:spO2LUT)
                  0000c5d3    00000001     --HOLE-- [fill = 0]
                  0000c5d4    0000000a     main.obj (.const:$P$T0$1)
                  0000c5de    00000004     main.obj (.const:.string:$P$T3$2)

.text      0    0000c5e2    0000357a     
                  0000c5e2    0000063a     rts430x_lc_sd_eabi.lib : e_log.obj (.text:log)
                  0000cc1c    00000478                            : frcdivd.obj (.text:__TI_frcdivd)
                  0000d094    000002d6                            : addd.obj (.text:__mspabi_addd)
                  0000d36a    00000286                            : frcmpyd.obj (.text:__TI_frcmpyd)
                  0000d5f0    00000280                            : mpyd.obj (.text:__mspabi_mpyd)
                  0000d870    00000252                            : frcaddd.obj (.text:__TI_frcaddd)
                  0000dac2    00000220                            : divd.obj (.text:__mspabi_divd)
                  0000dce2    0000019a     main.obj (.text:beatDetectorCheckForBeat)
                  0000de7c    0000017a     main.obj (.text:pulseOxCheckSample)
                  0000dff6    00000132     rts430x_lc_sd_eabi.lib : fs_add.obj (.text)
                  0000e128    00000124     main.obj (.text:spO2CalcUpdate)
                  0000e24c    00000106     main.obj (.text:readFifoData)
                  0000e352    000000f2     main.obj (.text:beatDetectorDecreaseThreshold)
                  0000e444    000000ee     rts430x_lc_sd_eabi.lib : copy_decompress_lzss.obj (.text:decompress:lzss:__TI_decompress_lzss)
                  0000e532    000000d8                            : cmpd.obj (.text:__mspabi_cmpd)
                  0000e60a    000000d6     main.obj (.text:pulseOxCheckCurrentBias)
                  0000e6e0    000000ce     main.obj (.text:_isr:USCI_B0_ISR)
                  0000e7ae    000000b8     rts430x_lc_sd_eabi.lib : fs_mpy.obj (.text)
                  0000e866    000000b2                            : renormd.obj (.text:__TI_renormd)
                  0000e918    000000b2                            : cpy_tbl.obj (.text:copy_in)
                  0000e9ca    000000b2     main.obj (.text:main)
                  0000ea7c    000000ae     rts430x_lc_sd_eabi.lib : memory.obj (.text:malloc)
                  0000eb2a    0000009e                            : fltlid.obj (.text:__mspabi_fltlid)
                  0000ebc8    00000096                            : autoinit_wdt.obj (.text:_auto_init_hold_wdt)
                  0000ec5e    00000090     main.obj (.text:butterworthStep)
                  0000ecee    00000090     rts430x_lc_sd_eabi.lib : fs_div.obj (.text)
                  0000ed7e    0000008c                            : cvtdf.obj (.text:__mspabi_cvtdf)
                  0000ee0a    00000080                            : fltuld.obj (.text:__mspabi_fltuld)
                  0000ee8a    00000080     main.obj (.text:begin)
                  0000ef0a    00000078     main.obj (.text:getRawValues)
                  0000ef82    00000072     main.obj (.text:Send_Int)
                  0000eff4    00000070     main.obj (.text:Send_Nibble)
                  0000f064    0000006e     rts430x_lc_sd_eabi.lib : cvtfd.obj (.text:__mspabi_cvtfd)
                  0000f0d2    0000006c     main.obj (.text:beatDetectorGetRate)
                  0000f13e    00000068     rts430x_lc_sd_eabi.lib : fs_toi.obj (.text)
                  0000f1a6    00000068     main.obj (.text:sendInt)
                  0000f20e    00000064     main.obj (.text:sendFloat)
                  0000f272    0000005e     main.obj (.text:InitLCD)
                  0000f2d0    00000052     main.obj (.text:pulseOxBegin)
                  0000f322    0000004c     main.obj (.text:I2C_Master_WriteReg)
                  0000f36e    0000004a     rts430x_lc_sd_eabi.lib : fs_cmp.obj (.text)
                  0000f3b8    00000046                            : fs_tou.obj (.text)
                  0000f3fe    00000040     main.obj (.text:I2C_Master_ReadReg)
                  0000f43e    00000040     rts430x_lc_sd_eabi.lib : cpy_util.obj (.text:__memcpy_far)
                  0000f47e    0000003e     main.obj (.text:Send_Byte)
                  0000f4bc    0000003e     rts430x_lc_sd_eabi.lib : copy_zero_init.obj (.text:decompress:ZI:__TI_zero_init)
                  0000f4fa    0000003e                            : asr32.obj (.text:l_asr_const)
                  0000f538    0000003e                            : lsl32.obj (.text:l_lsl_const)
                  0000f576    0000003e                            : lsr32.obj (.text:l_lsr_const)
                  0000f5b4    0000003c                            : copy_decompress_none.obj (.text:decompress:none:__TI_decompress_none)
                  0000f5f0    0000003a     main.obj (.text:dcStepIr)
                  0000f62a    0000003a     main.obj (.text:dcStepRed)
                  0000f664    00000038     main.obj (.text:initClockTo16MHz)
                  0000f69c    00000038     rts430x_lc_sd_eabi.lib : memory.obj (.text:minit)
                  0000f6d4    00000036                            : fs_itof.obj (.text)
                  0000f70a    00000032                            : fs_ultof.obj (.text)
                  0000f73c    0000002e                            : subd.obj (.text:__mspabi_subd)
                  0000f76a    0000002e     main.obj (.text:readRegister)
                  0000f798    0000002e     main.obj (.text:setHighresModeEnabled)
                  0000f7c6    0000002c     rts430x_lc_sd_eabi.lib : div16s.obj (.text)
                  0000f7f2    0000002a                            : memory.obj (.text:calloc)
                  0000f81c    0000002a     main.obj (.text:getDCW)
                  0000f846    0000002a     main.obj (.text:writeRegister)
                  0000f870    00000026     main.obj (.text:Atraso_us)
                  0000f896    00000024     main.obj (.text:initGPIO)
                  0000f8ba    00000024     rts430x_lc_sd_eabi.lib : fs_utof.obj (.text)
                  0000f8de    00000024                            : mult32_f5hw.obj (.text)
                  0000f902    00000024     main.obj (.text:setSamplingRate)
                  0000f926    00000022     main.obj (.text:initI2C)
                  0000f948    00000022     main.obj (.text:setDCAlpha)
                  0000f96a    00000020     main.obj (.text:setLedsPulseWidth)
                  0000f98a    00000020     main.obj (.text:spO2CalcReset)
                  0000f9aa    0000001e     main.obj (.text:initUart)
                  0000f9c8    0000001a     rts430x_lc_sd_eabi.lib : boot_special.obj (.text:_isr:_c_int00_noargs_noexit)
                  0000f9e2    00000018     main.obj (.text:Send_Data)
                  0000f9fa    00000018     rts430x_lc_sd_eabi.lib : mult16_f5hw.obj (.text)
                  0000fa12    00000016     main.obj (.text:burstRead)
                  0000fa28    00000016     rts430x_lc_sd_eabi.lib : div16u.obj (.text)
                  0000fa3e    00000014                            : memset.obj (.text:memset)
                  0000fa52    00000014     main.obj (.text:millis)
                  0000fa66    00000012     main.obj (.text:CopyArray)
                  0000fa78    00000012     main.obj (.text:Send_String)
                  0000fa8a    00000012     rts430x_lc_sd_eabi.lib : memcpy.obj (.text:memcpy)
                  0000fa9c    00000012     main.obj (.text:sendString)
                  0000faae    00000010     rts430x_lc_sd_eabi.lib : asr32.obj (.text:l_asr)
                  0000fabe    00000010                            : lsl32.obj (.text:l_lsl)
                  0000face    00000010                            : lsr32.obj (.text:l_lsr)
                  0000fade    0000000e     main.obj (.text:sendData)
                  0000faec    0000000e     main.obj (.text:setLedsCurrent)
                  0000fafa    0000000c     main.obj (.text:initWDT)
                  0000fb06    0000000c     main.obj (.text:pulseOxUpdate)
                  0000fb12    0000000a     main.obj (.text:_isr:WDT_ISR)
                  0000fb1c    0000000a     main.obj (.text:beatDetectorGetCurrentThreshold)
                  0000fb26    0000000a     rts430x_lc_sd_eabi.lib : fs_neg.obj (.text)
                  0000fb30    0000000a     main.obj (.text:setMode)
                  0000fb3a    00000008     rts430x_lc_sd_eabi.lib : isr_trap.obj (.text:_isr:__TI_ISR_TRAP)
                  0000fb42    00000006                            : exit.obj (.text:abort)
                  0000fb48    00000006     main.obj (.text:getPartId)
                  0000fb4e    00000006     main.obj (.text:spO2CalcGetSpO2)
                  0000fb54    00000004     rts430x_lc_sd_eabi.lib : pre_init.obj (.text:_system_pre_init)
                  0000fb58    00000002                            : _lock.obj (.text:_nop)
                  0000fb5a    00000002                            : startup.obj (.text:_system_post_cinit)

$fill000   0    0000ff80    00000004     
                  0000ff80    00000004     --HOLE-- [fill = ffff]

$fill001   0    0000ff84    00000004     
                  0000ff84    00000004     --HOLE-- [fill = ffff]

PORT2      0    0000ffda    00000002     
                  0000ffda    00000002     rts430x_lc_sd_eabi.lib : int41.obj (.int41)

PORT1      0    0000ffdc    00000002     
                  0000ffdc    00000002     rts430x_lc_sd_eabi.lib : int42.obj (.int42)

ADC        0    0000ffde    00000002     
                  0000ffde    00000002     rts430x_lc_sd_eabi.lib : int43.obj (.int43)

USCI_B0    0    0000ffe0    00000002     
                  0000ffe0    00000002     main.obj (.int44)

USCI_A1    0    0000ffe2    00000002     
                  0000ffe2    00000002     rts430x_lc_sd_eabi.lib : int45.obj (.int45)

USCI_A0    0    0000ffe4    00000002     
                  0000ffe4    00000002     rts430x_lc_sd_eabi.lib : int46.obj (.int46)

WDT        0    0000ffe6    00000002     
                  0000ffe6    00000002     main.obj (.int47)

RTC        0    0000ffe8    00000002     
                  0000ffe8    00000002     rts430x_lc_sd_eabi.lib : int48.obj (.int48)

TIMER3_A1 
*          0    0000ffea    00000002     
                  0000ffea    00000002     rts430x_lc_sd_eabi.lib : int49.obj (.int49)

TIMER3_A0 
*          0    0000ffec    00000002     
                  0000ffec    00000002     rts430x_lc_sd_eabi.lib : int50.obj (.int50)

TIMER2_A1 
*          0    0000ffee    00000002     
                  0000ffee    00000002     rts430x_lc_sd_eabi.lib : int51.obj (.int51)

TIMER2_A0 
*          0    0000fff0    00000002     
                  0000fff0    00000002     rts430x_lc_sd_eabi.lib : int52.obj (.int52)

TIMER1_A1 
*          0    0000fff2    00000002     
                  0000fff2    00000002     rts430x_lc_sd_eabi.lib : int53.obj (.int53)

TIMER1_A0 
*          0    0000fff4    00000002     
                  0000fff4    00000002     rts430x_lc_sd_eabi.lib : int54.obj (.int54)

TIMER0_A1 
*          0    0000fff6    00000002     
                  0000fff6    00000002     rts430x_lc_sd_eabi.lib : int55.obj (.int55)

TIMER0_A0 
*          0    0000fff8    00000002     
                  0000fff8    00000002     rts430x_lc_sd_eabi.lib : int56.obj (.int56)

UNMI       0    0000fffa    00000002     
                  0000fffa    00000002     rts430x_lc_sd_eabi.lib : int57.obj (.int57)

SYSNMI     0    0000fffc    00000002     
                  0000fffc    00000002     rts430x_lc_sd_eabi.lib : int58.obj (.int58)

.reset     0    0000fffe    00000002     
                  0000fffe    00000002     rts430x_lc_sd_eabi.lib : boot.obj (.reset)

MODULE SUMMARY

       Module                     code    ro data   rw data
       ------                     ----    -------   -------
    .\
       main.obj                   4324    227       246    
    +--+--------------------------+-------+---------+---------+
       Total:                     4324    227       246    
                                                           
    C:\ti\ccsv7\tools\compiler\ti-cgt-msp430_16.9.4.LTS\lib\rts430x_lc_sd_eabi.lib
       e_log.obj                  1594    0         0      
       frcdivd.obj                1144    0         0      
       addd.obj                   726     0         0      
       frcmpyd.obj                646     0         0      
       mpyd.obj                   640     0         0      
       frcaddd.obj                594     0         0      
       divd.obj                   544     0         0      
       fs_add.obj                 306     0         0      
       memory.obj                 272     0         8      
       copy_decompress_lzss.obj   238     0         0      
       cmpd.obj                   216     0         0      
       fs_mpy.obj                 184     0         0      
       cpy_tbl.obj                178     0         0      
       renormd.obj                178     0         0      
       fltlid.obj                 158     0         0      
       autoinit_wdt.obj           150     0         0      
       fs_div.obj                 144     0         0      
       cvtdf.obj                  140     0         0      
       fltuld.obj                 128     0         0      
       cvtfd.obj                  110     0         0      
       fs_toi.obj                 104     0         0      
       asr32.obj                  78      0         0      
       lsl32.obj                  78      0         0      
       lsr32.obj                  78      0         0      
       fs_cmp.obj                 74      0         0      
       fs_tou.obj                 70      0         0      
       cpy_util.obj               64      0         0      
       copy_zero_init.obj         62      0         0      
       copy_decompress_none.obj   60      0         0      
       fs_itof.obj                54      0         0      
       fs_ultof.obj               50      0         0      
       subd.obj                   46      0         0      
       div16s.obj                 44      0         0      
       fs_utof.obj                36      0         0      
       mult32_f5hw.obj            36      0         0      
       boot_special.obj           26      0         0      
       mult16_f5hw.obj            24      0         0      
       div16u.obj                 22      0         0      
       memset.obj                 20      0         0      
       memcpy.obj                 18      0         0      
       _lock.obj                  2       0         8      
       fs_neg.obj                 10      0         0      
       isr_trap.obj               8       0         0      
       exit.obj                   6       0         0      
       pre_init.obj               4       0         0      
       boot.obj                   0       2         0      
       errno.obj                  0       0         2      
       int41.obj                  0       2         0      
       int42.obj                  0       2         0      
       int43.obj                  0       2         0      
       int45.obj                  0       2         0      
       int46.obj                  0       2         0      
       int48.obj                  0       2         0      
       int49.obj                  0       2         0      
       int50.obj                  0       2         0      
       int51.obj                  0       2         0      
       int52.obj                  0       2         0      
       int53.obj                  0       2         0      
       int54.obj                  0       2         0      
       int55.obj                  0       2         0      
       int56.obj                  0       2         0      
       int57.obj                  0       2         0      
       int58.obj                  0       2         0      
       startup.obj                2       0         0      
    +--+--------------------------+-------+---------+---------+
       Total:                     9366    34        18     
                                                           
       Heap:                      0       0         160    
       Stack:                     0       0         160    
       Linker Generated:          0       256       0      
    +--+--------------------------+-------+---------+---------+
       Grand Total:               13690   517       584    


LINKER GENERATED COPY TABLES

__TI_cinit_table @ 0000c4f2 records: 2, size/record: 8, table size: 16
	.data: load addr=0000c400, load size=000000de bytes, run addr=00002000, run size=000000d8 bytes, compression=copy
	.bss: load addr=0000c4ec, load size=00000006 bytes, run addr=00002178, run size=00000030 bytes, compression=zero_init


LINKER GENERATED HANDLER TABLE

__TI_handler_table @ 0000c4e0 records: 3, size/record: 4, table size: 12
	index: 0, handler: __TI_zero_init
	index: 1, handler: __TI_decompress_lzss
	index: 2, handler: __TI_decompress_none


GLOBAL SYMBOLS: SORTED ALPHABETICALLY BY Name 

address   name                           
-------   ----                           
00000700  ADCCTL0                        
00000701  ADCCTL0_H                      
00000700  ADCCTL0_L                      
00000702  ADCCTL1                        
00000703  ADCCTL1_H                      
00000702  ADCCTL1_L                      
00000704  ADCCTL2                        
00000705  ADCCTL2_H                      
00000704  ADCCTL2_L                      
00000708  ADCHI                          
00000709  ADCHI_H                        
00000708  ADCHI_L                        
0000071a  ADCIE                          
0000071b  ADCIE_H                        
0000071a  ADCIE_L                        
0000071c  ADCIFG                         
0000071d  ADCIFG_H                       
0000071c  ADCIFG_L                       
0000071e  ADCIV                          
0000071f  ADCIV_H                        
0000071e  ADCIV_L                        
00000706  ADCLO                          
00000707  ADCLO_H                        
00000706  ADCLO_L                        
0000070a  ADCMCTL0                       
0000070b  ADCMCTL0_H                     
0000070a  ADCMCTL0_L                     
00000712  ADCMEM0                        
00000713  ADCMEM0_H                      
00000712  ADCMEM0_L                      
0000f870  Atraso_us                      
00000660  BAKMEM0                        
00000661  BAKMEM0_H                      
00000660  BAKMEM0_L                      
00000662  BAKMEM1                        
00000674  BAKMEM10                       
00000675  BAKMEM10_H                     
00000674  BAKMEM10_L                     
00000676  BAKMEM11                       
00000677  BAKMEM11_H                     
00000676  BAKMEM11_L                     
00000678  BAKMEM12                       
00000679  BAKMEM12_H                     
00000678  BAKMEM12_L                     
0000067a  BAKMEM13                       
0000067b  BAKMEM13_H                     
0000067a  BAKMEM13_L                     
0000067c  BAKMEM14                       
0000067d  BAKMEM14_H                     
0000067c  BAKMEM14_L                     
0000067e  BAKMEM15                       
0000067f  BAKMEM15_H                     
0000067e  BAKMEM15_L                     
00000663  BAKMEM1_H                      
00000662  BAKMEM1_L                      
00000664  BAKMEM2                        
00000665  BAKMEM2_H                      
00000664  BAKMEM2_L                      
00000666  BAKMEM3                        
00000667  BAKMEM3_H                      
00000666  BAKMEM3_L                      
00000668  BAKMEM4                        
00000669  BAKMEM4_H                      
00000668  BAKMEM4_L                      
0000066a  BAKMEM5                        
0000066b  BAKMEM5_H                      
0000066a  BAKMEM5_L                      
0000066c  BAKMEM6                        
0000066d  BAKMEM6_H                      
0000066c  BAKMEM6_L                      
0000066e  BAKMEM7                        
0000066f  BAKMEM7_H                      
0000066e  BAKMEM7_L                      
00000670  BAKMEM8                        
00000671  BAKMEM8_H                      
00000670  BAKMEM8_L                      
00000672  BAKMEM9                        
00000673  BAKMEM9_H                      
00000672  BAKMEM9_L                      
0000fb42  C$$EXIT                        
000001c0  CRCDI                          
000001c2  CRCDIRB                        
000001c3  CRCDIRB_H                      
000001c2  CRCDIRB_L                      
000001c1  CRCDI_H                        
000001c0  CRCDI_L                        
000001c4  CRCINIRES                      
000001c5  CRCINIRES_H                    
000001c4  CRCINIRES_L                    
000001c6  CRCRESR                        
000001c7  CRCRESR_H                      
000001c6  CRCRESR_L                      
00000180  CSCTL0                         
00000181  CSCTL0_H                       
00000180  CSCTL0_L                       
00000182  CSCTL1                         
00000183  CSCTL1_H                       
00000182  CSCTL1_L                       
00000184  CSCTL2                         
00000185  CSCTL2_H                       
00000184  CSCTL2_L                       
00000186  CSCTL3                         
00000187  CSCTL3_H                       
00000186  CSCTL3_L                       
00000188  CSCTL4                         
00000189  CSCTL4_H                       
00000188  CSCTL4_L                       
0000018a  CSCTL5                         
0000018b  CSCTL5_H                       
0000018a  CSCTL5_L                       
0000018c  CSCTL6                         
0000018d  CSCTL6_H                       
0000018c  CSCTL6_L                       
0000018e  CSCTL7                         
0000018f  CSCTL7_H                       
0000018e  CSCTL7_L                       
00000190  CSCTL8                         
00000191  CSCTL8_H                       
00000190  CSCTL8_L                       
0000fa66  CopyArray                      
000001a0  FRCTL0                         
000001a1  FRCTL0_H                       
000001a0  FRCTL0_L                       
000001a4  GCCTL0                         
000001a5  GCCTL0_H                       
000001a4  GCCTL0_L                       
000001a6  GCCTL1                         
000001a7  GCCTL1_H                       
000001a6  GCCTL1_L                       
0000f3fe  I2C_Master_ReadReg             
0000f322  I2C_Master_WriteReg            
0000f272  InitLCD                        
000004c4  MAC                            
000004da  MAC32H                         
000004db  MAC32H_H                       
000004da  MAC32H_L                       
000004d8  MAC32L                         
000004d9  MAC32L_H                       
000004d8  MAC32L_L                       
000004c6  MACS                           
000004de  MACS32H                        
000004df  MACS32H_H                      
000004de  MACS32H_L                      
000004dc  MACS32L                        
000004dd  MACS32L_H                      
000004dc  MACS32L_L                      
000004c7  MACS_H                         
000004c6  MACS_L                         
000004c5  MAC_H                          
000004c4  MAC_L                          
000004c0  MPY                            
000004ec  MPY32CTL0                      
000004ed  MPY32CTL0_H                    
000004ec  MPY32CTL0_L                    
000004d2  MPY32H                         
000004d3  MPY32H_H                       
000004d2  MPY32H_L                       
000004d0  MPY32L                         
000004d1  MPY32L_H                       
000004d0  MPY32L_L                       
000004c2  MPYS                           
000004d6  MPYS32H                        
000004d7  MPYS32H_H                      
000004d6  MPYS32H_L                      
000004d4  MPYS32L                        
000004d5  MPYS32L_H                      
000004d4  MPYS32L_L                      
000004c3  MPYS_H                         
000004c2  MPYS_L                         
000004c1  MPY_H                          
000004c0  MPY_L                          
00002000  MasterMode                     
000004c8  OP2                            
000004e2  OP2H                           
000004e3  OP2H_H                         
000004e2  OP2H_L                         
000004e0  OP2L                           
000004e1  OP2L_H                         
000004e0  OP2L_L                         
000004c9  OP2_H                          
000004c8  OP2_L                          
0000020e  P1IV                           
0000021e  P2IV                           
00000204  PADIR                          
00000205  PADIR_H                        
00000204  PADIR_L                        
0000021a  PAIE                           
00000218  PAIES                          
00000219  PAIES_H                        
00000218  PAIES_L                        
0000021b  PAIE_H                         
0000021a  PAIE_L                         
0000021c  PAIFG                          
0000021d  PAIFG_H                        
0000021c  PAIFG_L                        
00000200  PAIN                           
00000201  PAIN_H                         
00000200  PAIN_L                         
00000202  PAOUT                          
00000203  PAOUT_H                        
00000202  PAOUT_L                        
00000206  PAREN                          
00000207  PAREN_H                        
00000206  PAREN_L                        
0000020a  PASEL0                         
0000020b  PASEL0_H                       
0000020a  PASEL0_L                       
0000020c  PASEL1                         
0000020d  PASEL1_H                       
0000020c  PASEL1_L                       
00000224  PBDIR                          
00000225  PBDIR_H                        
00000224  PBDIR_L                        
00000220  PBIN                           
00000221  PBIN_H                         
00000220  PBIN_L                         
00000222  PBOUT                          
00000223  PBOUT_H                        
00000222  PBOUT_L                        
00000226  PBREN                          
00000227  PBREN_H                        
00000226  PBREN_L                        
0000022a  PBSEL0                         
0000022b  PBSEL0_H                       
0000022a  PBSEL0_L                       
0000022c  PBSEL1                         
0000022d  PBSEL1_H                       
0000022c  PBSEL1_L                       
00000130  PM5CTL0                        
00000131  PM5CTL0_H                      
00000130  PM5CTL0_L                      
00000120  PMMCTL0                        
00000121  PMMCTL0_H                      
00000120  PMMCTL0_L                      
00000122  PMMCTL1                        
00000123  PMMCTL1_H                      
00000122  PMMCTL1_L                      
00000124  PMMCTL2                        
00000125  PMMCTL2_H                      
00000124  PMMCTL2_L                      
0000012e  PMMIE                          
0000012f  PMMIE_H                        
0000012e  PMMIE_L                        
0000012a  PMMIFG                         
0000012b  PMMIFG_H                       
0000012a  PMMIFG_L                       
000004e4  RES0                           
000004e5  RES0_H                         
000004e4  RES0_L                         
000004e6  RES1                           
000004e7  RES1_H                         
000004e6  RES1_L                         
000004e8  RES2                           
000004e9  RES2_H                         
000004e8  RES2_L                         
000004ea  RES3                           
000004eb  RES3_H                         
000004ea  RES3_L                         
000004cc  RESHI                          
000004cd  RESHI_H                        
000004cc  RESHI_L                        
000004ca  RESLO                          
000004cb  RESLO_H                        
000004ca  RESLO_L                        
0000030c  RTCCNT                         
0000030d  RTCCNT_H                       
0000030c  RTCCNT_L                       
00000300  RTCCTL                         
00000301  RTCCTL_H                       
00000300  RTCCTL_L                       
00000304  RTCIV                          
00000305  RTCIV_H                        
00000304  RTCIV_L                        
00000308  RTCMOD                         
00000309  RTCMOD_H                       
00000308  RTCMOD_L                       
00002003  RXByteCtr                      
0000204c  ReceiveBuffer                  
00002004  ReceiveIndex                   
00000100  SFRIE1                         
00000101  SFRIE1_H                       
00000100  SFRIE1_L                       
00000102  SFRIFG1                        
00000103  SFRIFG1_H                      
00000102  SFRIFG1_L                      
00000104  SFRRPCR                        
00000105  SFRRPCR_H                      
00000104  SFRRPCR_L                      
000004ce  SUMEXT                         
000004cf  SUMEXT_H                       
000004ce  SUMEXT_L                       
00000158  SYSBERRIV                      
00000159  SYSBERRIV_H                    
00000158  SYSBERRIV_L                    
00000142  SYSBSLC                        
00000143  SYSBSLC_H                      
00000142  SYSBSLC_L                      
00000160  SYSCFG0                        
00000161  SYSCFG0_H                      
00000160  SYSCFG0_L                      
00000162  SYSCFG1                        
00000163  SYSCFG1_H                      
00000162  SYSCFG1_L                      
00000164  SYSCFG2                        
00000165  SYSCFG2_H                      
00000164  SYSCFG2_L                      
00000140  SYSCTL                         
00000141  SYSCTL_H                       
00000140  SYSCTL_L                       
00000146  SYSJMBC                        
00000147  SYSJMBC_H                      
00000146  SYSJMBC_L                      
00000148  SYSJMBI0                       
00000149  SYSJMBI0_H                     
00000148  SYSJMBI0_L                     
0000014a  SYSJMBI1                       
0000014b  SYSJMBI1_H                     
0000014a  SYSJMBI1_L                     
0000014c  SYSJMBO0                       
0000014d  SYSJMBO0_H                     
0000014c  SYSJMBO0_L                     
0000014e  SYSJMBO1                       
0000014f  SYSJMBO1_H                     
0000014e  SYSJMBO1_L                     
0000015e  SYSRSTIV                       
0000015f  SYSRSTIV_H                     
0000015e  SYSRSTIV_L                     
0000015c  SYSSNIV                        
0000015d  SYSSNIV_H                      
0000015c  SYSSNIV_L                      
0000015a  SYSUNIV                        
0000015b  SYSUNIV_H                      
0000015a  SYSUNIV_L                      
0000f47e  Send_Byte                      
0000f9e2  Send_Data                      
0000ef82  Send_Int                       
0000eff4  Send_Nibble                    
0000fa78  Send_String                    
00000392  TA0CCR0                        
00000394  TA0CCR1                        
00000396  TA0CCR2                        
00000382  TA0CCTL0                       
00000384  TA0CCTL1                       
00000386  TA0CCTL2                       
00000380  TA0CTL                         
000003a0  TA0EX0                         
000003ae  TA0IV                          
00000390  TA0R                           
000003d2  TA1CCR0                        
000003d4  TA1CCR1                        
000003d6  TA1CCR2                        
000003c2  TA1CCTL0                       
000003c4  TA1CCTL1                       
000003c6  TA1CCTL2                       
000003c0  TA1CTL                         
000003e0  TA1EX0                         
000003ee  TA1IV                          
000003d0  TA1R                           
00000412  TA2CCR0                        
00000414  TA2CCR1                        
00000402  TA2CCTL0                       
00000404  TA2CCTL1                       
00000400  TA2CTL                         
00000420  TA2EX0                         
0000042e  TA2IV                          
00000410  TA2R                           
00000452  TA3CCR0                        
00000454  TA3CCR1                        
00000442  TA3CCTL0                       
00000444  TA3CCTL1                       
00000440  TA3CTL                         
00000460  TA3EX0                         
0000046e  TA3IV                          
00000450  TA3R                           
00002005  TXByteCtr                      
0000208c  TransmitBuffer                 
00002006  TransmitIndex                  
00002002  TransmitRegAddr                
00000510  UCA0ABCTL                      
00000506  UCA0BRW                        
00000507  UCA0BRW_H                      
00000506  UCA0BRW_L                      
00000500  UCA0CTLW0                      
00000501  UCA0CTLW0_H                    
00000500  UCA0CTLW0_L                    
00000502  UCA0CTLW1                      
00000503  UCA0CTLW1_H                    
00000502  UCA0CTLW1_L                    
0000051a  UCA0IE                         
0000051b  UCA0IE_H                       
0000051a  UCA0IE_L                       
0000051c  UCA0IFG                        
0000051d  UCA0IFG_H                      
0000051c  UCA0IFG_L                      
00000512  UCA0IRCTL                      
00000513  UCA0IRCTL_H                    
00000512  UCA0IRCTL_L                    
0000051e  UCA0IV                         
00000508  UCA0MCTLW                      
00000509  UCA0MCTLW_H                    
00000508  UCA0MCTLW_L                    
0000050c  UCA0RXBUF                      
0000050d  UCA0RXBUF_H                    
0000050c  UCA0RXBUF_L                    
0000050a  UCA0STATW                      
0000050e  UCA0TXBUF                      
0000050f  UCA0TXBUF_H                    
0000050e  UCA0TXBUF_L                    
00000530  UCA1ABCTL                      
00000526  UCA1BRW                        
00000527  UCA1BRW_H                      
00000526  UCA1BRW_L                      
00000520  UCA1CTLW0                      
00000521  UCA1CTLW0_H                    
00000520  UCA1CTLW0_L                    
00000522  UCA1CTLW1                      
00000523  UCA1CTLW1_H                    
00000522  UCA1CTLW1_L                    
0000053a  UCA1IE                         
0000053b  UCA1IE_H                       
0000053a  UCA1IE_L                       
0000053c  UCA1IFG                        
0000053d  UCA1IFG_H                      
0000053c  UCA1IFG_L                      
00000532  UCA1IRCTL                      
00000533  UCA1IRCTL_H                    
00000532  UCA1IRCTL_L                    
0000053e  UCA1IV                         
00000528  UCA1MCTLW                      
00000529  UCA1MCTLW_H                    
00000528  UCA1MCTLW_L                    
0000052c  UCA1RXBUF                      
0000052d  UCA1RXBUF_H                    
0000052c  UCA1RXBUF_L                    
0000052a  UCA1STATW                      
0000052e  UCA1TXBUF                      
0000052f  UCA1TXBUF_H                    
0000052e  UCA1TXBUF_L                    
0000055e  UCB0ADDMASK                    
0000055f  UCB0ADDMASK_H                  
0000055e  UCB0ADDMASK_L                  
0000055c  UCB0ADDRX                      
0000055d  UCB0ADDRX_H                    
0000055c  UCB0ADDRX_L                    
00000546  UCB0BRW                        
00000547  UCB0BRW_H                      
00000546  UCB0BRW_L                      
00000540  UCB0CTLW0                      
00000541  UCB0CTLW0_H                    
00000540  UCB0CTLW0_L                    
00000542  UCB0CTLW1                      
00000543  UCB0CTLW1_H                    
00000542  UCB0CTLW1_L                    
00000554  UCB0I2COA0                     
00000555  UCB0I2COA0_H                   
00000554  UCB0I2COA0_L                   
00000556  UCB0I2COA1                     
00000557  UCB0I2COA1_H                   
00000556  UCB0I2COA1_L                   
00000558  UCB0I2COA2                     
00000559  UCB0I2COA2_H                   
00000558  UCB0I2COA2_L                   
0000055a  UCB0I2COA3                     
0000055b  UCB0I2COA3_H                   
0000055a  UCB0I2COA3_L                   
00000560  UCB0I2CSA                      
00000561  UCB0I2CSA_H                    
00000560  UCB0I2CSA_L                    
0000056a  UCB0IE                         
0000056b  UCB0IE_H                       
0000056a  UCB0IE_L                       
0000056c  UCB0IFG                        
0000056d  UCB0IFG_H                      
0000056c  UCB0IFG_L                      
0000056e  UCB0IV                         
0000054c  UCB0RXBUF                      
0000054d  UCB0RXBUF_H                    
0000054c  UCB0RXBUF_L                    
00000548  UCB0STATW                      
00000549  UCB0STATW_H                    
00000548  UCB0STATW_L                    
0000054a  UCB0TBCNT                      
0000054b  UCB0TBCNT_H                    
0000054a  UCB0TBCNT_L                    
0000054e  UCB0TXBUF                      
0000054f  UCB0TXBUF_H                    
0000054e  UCB0TXBUF_L                    
0000e6e0  USCI_B0_ISR                    
000001cc  WDTCTL                         
000001cd  WDTCTL_H                       
000001cc  WDTCTL_L                       
0000fb12  WDT_ISR                        
00003000  __STACK_END                    
000000a0  __STACK_SIZE                   
000000a0  __SYSMEM_SIZE                  
UNDEFED   __TI_BINIT_Base                
UNDEFED   __TI_BINIT_Limit               
0000c4f2  __TI_CINIT_Base                
0000c502  __TI_CINIT_Limit               
0000c4e0  __TI_Handler_Table_Base        
0000c4ec  __TI_Handler_Table_Limit       
UNDEFED   __TI_INITARRAY_Base            
UNDEFED   __TI_INITARRAY_Limit           
0000fb3a  __TI_ISR_TRAP                  
0000e444  __TI_decompress_lzss           
0000f5b4  __TI_decompress_none           
0000d870  __TI_frcaddd                   
0000cc1c  __TI_frcdivd                   
0000d36a  __TI_frcmpyd                   
0000ffda  __TI_int41                     
0000ffdc  __TI_int42                     
0000ffde  __TI_int43                     
0000ffe0  __TI_int44                     
0000ffe2  __TI_int45                     
0000ffe4  __TI_int46                     
0000ffe6  __TI_int47                     
0000ffe8  __TI_int48                     
0000ffea  __TI_int49                     
0000ffec  __TI_int50                     
0000ffee  __TI_int51                     
0000fff0  __TI_int52                     
0000fff2  __TI_int53                     
0000fff4  __TI_int54                     
0000fff6  __TI_int55                     
0000fff8  __TI_int56                     
0000fffa  __TI_int57                     
0000fffc  __TI_int58                     
ffffffff  __TI_pprof_out_hndl            
ffffffff  __TI_prof_data_size            
ffffffff  __TI_prof_data_start           
0000e866  __TI_renormd                   
0000f4bc  __TI_zero_init                 
ffffffff  __c_args__                     
0000f43e  __memcpy_far                   
0000d094  __mspabi_addd                  
0000dffc  __mspabi_addf                  
0000e532  __mspabi_cmpd                  
0000f36e  __mspabi_cmpf                  
0000ed7e  __mspabi_cvtdf                 
0000f064  __mspabi_cvtfd                 
0000dac2  __mspabi_divd                  
0000ecee  __mspabi_divf                  
0000f7c6  __mspabi_divi                  
0000fa28  __mspabi_divu                  
0000f13e  __mspabi_fixfi                 
0000f3b8  __mspabi_fixfu                 
0000f6d4  __mspabi_fltif                 
0000eb2a  __mspabi_fltlid                
0000f8ba  __mspabi_fltuf                 
0000ee0a  __mspabi_fltuld                
0000f70a  __mspabi_fltulf                
0000d5f0  __mspabi_mpyd                  
0000e7ae  __mspabi_mpyf                  
0000f9fa  __mspabi_mpyi_f5hw             
0000f8de  __mspabi_mpyl_f5hw             
0000fb26  __mspabi_negf                  
0000f7c6  __mspabi_remi                  
0000fa28  __mspabi_remu                  
0000fabe  __mspabi_slll                  
0000f570  __mspabi_slll_1                
0000f54c  __mspabi_slll_10               
0000f548  __mspabi_slll_11               
0000f544  __mspabi_slll_12               
0000f540  __mspabi_slll_13               
0000f53c  __mspabi_slll_14               
0000f538  __mspabi_slll_15               
0000f56c  __mspabi_slll_2                
0000f568  __mspabi_slll_3                
0000f564  __mspabi_slll_4                
0000f560  __mspabi_slll_5                
0000f55c  __mspabi_slll_6                
0000f558  __mspabi_slll_7                
0000f554  __mspabi_slll_8                
0000f550  __mspabi_slll_9                
0000faae  __mspabi_sral                  
0000f532  __mspabi_sral_1                
0000f50e  __mspabi_sral_10               
0000f50a  __mspabi_sral_11               
0000f506  __mspabi_sral_12               
0000f502  __mspabi_sral_13               
0000f4fe  __mspabi_sral_14               
0000f4fa  __mspabi_sral_15               
0000f52e  __mspabi_sral_2                
0000f52a  __mspabi_sral_3                
0000f526  __mspabi_sral_4                
0000f522  __mspabi_sral_5                
0000f51e  __mspabi_sral_6                
0000f51a  __mspabi_sral_7                
0000f516  __mspabi_sral_8                
0000f512  __mspabi_sral_9                
0000face  __mspabi_srll                  
0000f5ae  __mspabi_srll_1                
0000f58a  __mspabi_srll_10               
0000f586  __mspabi_srll_11               
0000f582  __mspabi_srll_12               
0000f57e  __mspabi_srll_13               
0000f57a  __mspabi_srll_14               
0000f576  __mspabi_srll_15               
0000f5aa  __mspabi_srll_2                
0000f5a6  __mspabi_srll_3                
0000f5a2  __mspabi_srll_4                
0000f59e  __mspabi_srll_5                
0000f59a  __mspabi_srll_6                
0000f596  __mspabi_srll_7                
0000f592  __mspabi_srll_8                
0000f58e  __mspabi_srll_9                
0000f73c  __mspabi_subd                  
0000dff6  __mspabi_subf                  
0000ebc8  _auto_init_hold_wdt            
0000f9c8  _c_int00_noargs_noexit         
000020cc  _lock                          
00002048  _millis                        
0000fb58  _nop                           
0000fffe  _reset_vector                  
00002f60  _stack                         
000020d8  _sys_memory                    
0000fb5a  _system_post_cinit             
0000fb54  _system_pre_init               
000020d0  _unlock                        
0000fb42  abort                          
00002196  alphaIr                        
0000219a  alphaRed                       
0000dce2  beatDetectorAddSample          
0000dce2  beatDetectorCheckForBeat       
0000e352  beatDetectorDecreaseThreshold  
0000fb1c  beatDetectorGetCurrentThreshold
0000f0d2  beatDetectorGetRate            
0000200e  beatPeriod                     
0000202a  beatsDetectedNum               
0000ee8a  begin                          
0000fa12  burstRead                      
0000ec5e  butterworthStep                
0000f7f2  calloc                         
0000e918  copy_in                        
0000f5f0  dcStepIr                       
0000f62a  dcStepRed                      
0000201e  dcwIr                          
0000201a  dcwRed                         
000021a2  debuggingMode                  
000020d4  errno                          
0000f81c  getDCW                         
0000fb48  getPartId                      
0000ef0a  getRawValues                   
0000f664  initClockTo16MHz               
0000f896  initGPIO                       
0000f926  initI2C                        
0000f9aa  initUart                       
0000fafa  initWDT                        
00002022  irACValueSqSum                 
00002178  irBuffer                       
000021a4  irBuffer_ptr                   
00002034  irLedCurrent                   
00002012  lastMaxValue                   
0000c5e2  log                            
0000c5e2  logl                           
0000e9ca  main                           
0000ea7c  malloc                         
0000fa8a  memcpy                         
0000fa3e  memset                         
0000fa52  millis                         
0000f69c  minit                          
0000219e  onBeatDetected                 
0000f2d0  pulseOxBegin                   
0000e60a  pulseOxCheckCurrentBias        
0000de7c  pulseOxCheckSample             
0000f0d2  pulseOxGetHeartRate            
0000fb4e  pulseOxGetSpO2                 
0000fb06  pulseOxUpdate                  
0000e24c  readFifoData                   
0000f76a  readRegister                   
00002026  redACValueSqSum                
00002180  redBuffer                      
000021a6  redBuffer_ptr                  
00002036  redLedCurrentIndex             
0000202c  samplesRecorded                
0000fade  sendData                       
0000f20e  sendFloat                      
0000f1a6  sendInt                        
0000fa9c  sendString                     
0000f948  setDCAlpha                     
0000f798  setHighresModeEnabled          
0000faec  setLedsCurrent                 
0000f96a  setLedsPulseWidth              
0000fb30  setMode                        
0000f902  setSamplingRate                
00002030  spO2                           
0000fb4e  spO2CalcGetSpO2                
0000f98a  spO2CalcReset                  
0000e128  spO2CalcUpdate                 
0000c5a8  spO2LUT                        
00002032  state                          
00002008  stateBeat                      
0000200a  threshold                      
00002038  tsFirstBeatDetected            
00002016  tsLastBeat                     
0000203c  tsLastBeatDetected             
00002040  tsLastBiasCheck                
00002044  tsLastCurrentAdjustment        
0000e24c  update                         
00002188  v                              
0000f846  writeRegister                  


GLOBAL SYMBOLS: SORTED BY Symbol Address 

address   name                           
-------   ----                           
000000a0  __STACK_SIZE                   
000000a0  __SYSMEM_SIZE                  
00000100  SFRIE1                         
00000100  SFRIE1_L                       
00000101  SFRIE1_H                       
00000102  SFRIFG1                        
00000102  SFRIFG1_L                      
00000103  SFRIFG1_H                      
00000104  SFRRPCR                        
00000104  SFRRPCR_L                      
00000105  SFRRPCR_H                      
00000120  PMMCTL0                        
00000120  PMMCTL0_L                      
00000121  PMMCTL0_H                      
00000122  PMMCTL1                        
00000122  PMMCTL1_L                      
00000123  PMMCTL1_H                      
00000124  PMMCTL2                        
00000124  PMMCTL2_L                      
00000125  PMMCTL2_H                      
0000012a  PMMIFG                         
0000012a  PMMIFG_L                       
0000012b  PMMIFG_H                       
0000012e  PMMIE                          
0000012e  PMMIE_L                        
0000012f  PMMIE_H                        
00000130  PM5CTL0                        
00000130  PM5CTL0_L                      
00000131  PM5CTL0_H                      
00000140  SYSCTL                         
00000140  SYSCTL_L                       
00000141  SYSCTL_H                       
00000142  SYSBSLC                        
00000142  SYSBSLC_L                      
00000143  SYSBSLC_H                      
00000146  SYSJMBC                        
00000146  SYSJMBC_L                      
00000147  SYSJMBC_H                      
00000148  SYSJMBI0                       
00000148  SYSJMBI0_L                     
00000149  SYSJMBI0_H                     
0000014a  SYSJMBI1                       
0000014a  SYSJMBI1_L                     
0000014b  SYSJMBI1_H                     
0000014c  SYSJMBO0                       
0000014c  SYSJMBO0_L                     
0000014d  SYSJMBO0_H                     
0000014e  SYSJMBO1                       
0000014e  SYSJMBO1_L                     
0000014f  SYSJMBO1_H                     
00000158  SYSBERRIV                      
00000158  SYSBERRIV_L                    
00000159  SYSBERRIV_H                    
0000015a  SYSUNIV                        
0000015a  SYSUNIV_L                      
0000015b  SYSUNIV_H                      
0000015c  SYSSNIV                        
0000015c  SYSSNIV_L                      
0000015d  SYSSNIV_H                      
0000015e  SYSRSTIV                       
0000015e  SYSRSTIV_L                     
0000015f  SYSRSTIV_H                     
00000160  SYSCFG0                        
00000160  SYSCFG0_L                      
00000161  SYSCFG0_H                      
00000162  SYSCFG1                        
00000162  SYSCFG1_L                      
00000163  SYSCFG1_H                      
00000164  SYSCFG2                        
00000164  SYSCFG2_L                      
00000165  SYSCFG2_H                      
00000180  CSCTL0                         
00000180  CSCTL0_L                       
00000181  CSCTL0_H                       
00000182  CSCTL1                         
00000182  CSCTL1_L                       
00000183  CSCTL1_H                       
00000184  CSCTL2                         
00000184  CSCTL2_L                       
00000185  CSCTL2_H                       
00000186  CSCTL3                         
00000186  CSCTL3_L                       
00000187  CSCTL3_H                       
00000188  CSCTL4                         
00000188  CSCTL4_L                       
00000189  CSCTL4_H                       
0000018a  CSCTL5                         
0000018a  CSCTL5_L                       
0000018b  CSCTL5_H                       
0000018c  CSCTL6                         
0000018c  CSCTL6_L                       
0000018d  CSCTL6_H                       
0000018e  CSCTL7                         
0000018e  CSCTL7_L                       
0000018f  CSCTL7_H                       
00000190  CSCTL8                         
00000190  CSCTL8_L                       
00000191  CSCTL8_H                       
000001a0  FRCTL0                         
000001a0  FRCTL0_L                       
000001a1  FRCTL0_H                       
000001a4  GCCTL0                         
000001a4  GCCTL0_L                       
000001a5  GCCTL0_H                       
000001a6  GCCTL1                         
000001a6  GCCTL1_L                       
000001a7  GCCTL1_H                       
000001c0  CRCDI                          
000001c0  CRCDI_L                        
000001c1  CRCDI_H                        
000001c2  CRCDIRB                        
000001c2  CRCDIRB_L                      
000001c3  CRCDIRB_H                      
000001c4  CRCINIRES                      
000001c4  CRCINIRES_L                    
000001c5  CRCINIRES_H                    
000001c6  CRCRESR                        
000001c6  CRCRESR_L                      
000001c7  CRCRESR_H                      
000001cc  WDTCTL                         
000001cc  WDTCTL_L                       
000001cd  WDTCTL_H                       
00000200  PAIN                           
00000200  PAIN_L                         
00000201  PAIN_H                         
00000202  PAOUT                          
00000202  PAOUT_L                        
00000203  PAOUT_H                        
00000204  PADIR                          
00000204  PADIR_L                        
00000205  PADIR_H                        
00000206  PAREN                          
00000206  PAREN_L                        
00000207  PAREN_H                        
0000020a  PASEL0                         
0000020a  PASEL0_L                       
0000020b  PASEL0_H                       
0000020c  PASEL1                         
0000020c  PASEL1_L                       
0000020d  PASEL1_H                       
0000020e  P1IV                           
00000218  PAIES                          
00000218  PAIES_L                        
00000219  PAIES_H                        
0000021a  PAIE                           
0000021a  PAIE_L                         
0000021b  PAIE_H                         
0000021c  PAIFG                          
0000021c  PAIFG_L                        
0000021d  PAIFG_H                        
0000021e  P2IV                           
00000220  PBIN                           
00000220  PBIN_L                         
00000221  PBIN_H                         
00000222  PBOUT                          
00000222  PBOUT_L                        
00000223  PBOUT_H                        
00000224  PBDIR                          
00000224  PBDIR_L                        
00000225  PBDIR_H                        
00000226  PBREN                          
00000226  PBREN_L                        
00000227  PBREN_H                        
0000022a  PBSEL0                         
0000022a  PBSEL0_L                       
0000022b  PBSEL0_H                       
0000022c  PBSEL1                         
0000022c  PBSEL1_L                       
0000022d  PBSEL1_H                       
00000300  RTCCTL                         
00000300  RTCCTL_L                       
00000301  RTCCTL_H                       
00000304  RTCIV                          
00000304  RTCIV_L                        
00000305  RTCIV_H                        
00000308  RTCMOD                         
00000308  RTCMOD_L                       
00000309  RTCMOD_H                       
0000030c  RTCCNT                         
0000030c  RTCCNT_L                       
0000030d  RTCCNT_H                       
00000380  TA0CTL                         
00000382  TA0CCTL0                       
00000384  TA0CCTL1                       
00000386  TA0CCTL2                       
00000390  TA0R                           
00000392  TA0CCR0                        
00000394  TA0CCR1                        
00000396  TA0CCR2                        
000003a0  TA0EX0                         
000003ae  TA0IV                          
000003c0  TA1CTL                         
000003c2  TA1CCTL0                       
000003c4  TA1CCTL1                       
000003c6  TA1CCTL2                       
000003d0  TA1R                           
000003d2  TA1CCR0                        
000003d4  TA1CCR1                        
000003d6  TA1CCR2                        
000003e0  TA1EX0                         
000003ee  TA1IV                          
00000400  TA2CTL                         
00000402  TA2CCTL0                       
00000404  TA2CCTL1                       
00000410  TA2R                           
00000412  TA2CCR0                        
00000414  TA2CCR1                        
00000420  TA2EX0                         
0000042e  TA2IV                          
00000440  TA3CTL                         
00000442  TA3CCTL0                       
00000444  TA3CCTL1                       
00000450  TA3R                           
00000452  TA3CCR0                        
00000454  TA3CCR1                        
00000460  TA3EX0                         
0000046e  TA3IV                          
000004c0  MPY                            
000004c0  MPY_L                          
000004c1  MPY_H                          
000004c2  MPYS                           
000004c2  MPYS_L                         
000004c3  MPYS_H                         
000004c4  MAC                            
000004c4  MAC_L                          
000004c5  MAC_H                          
000004c6  MACS                           
000004c6  MACS_L                         
000004c7  MACS_H                         
000004c8  OP2                            
000004c8  OP2_L                          
000004c9  OP2_H                          
000004ca  RESLO                          
000004ca  RESLO_L                        
000004cb  RESLO_H                        
000004cc  RESHI                          
000004cc  RESHI_L                        
000004cd  RESHI_H                        
000004ce  SUMEXT                         
000004ce  SUMEXT_L                       
000004cf  SUMEXT_H                       
000004d0  MPY32L                         
000004d0  MPY32L_L                       
000004d1  MPY32L_H                       
000004d2  MPY32H                         
000004d2  MPY32H_L                       
000004d3  MPY32H_H                       
000004d4  MPYS32L                        
000004d4  MPYS32L_L                      
000004d5  MPYS32L_H                      
000004d6  MPYS32H                        
000004d6  MPYS32H_L                      
000004d7  MPYS32H_H                      
000004d8  MAC32L                         
000004d8  MAC32L_L                       
000004d9  MAC32L_H                       
000004da  MAC32H                         
000004da  MAC32H_L                       
000004db  MAC32H_H                       
000004dc  MACS32L                        
000004dc  MACS32L_L                      
000004dd  MACS32L_H                      
000004de  MACS32H                        
000004de  MACS32H_L                      
000004df  MACS32H_H                      
000004e0  OP2L                           
000004e0  OP2L_L                         
000004e1  OP2L_H                         
000004e2  OP2H                           
000004e2  OP2H_L                         
000004e3  OP2H_H                         
000004e4  RES0                           
000004e4  RES0_L                         
000004e5  RES0_H                         
000004e6  RES1                           
000004e6  RES1_L                         
000004e7  RES1_H                         
000004e8  RES2                           
000004e8  RES2_L                         
000004e9  RES2_H                         
000004ea  RES3                           
000004ea  RES3_L                         
000004eb  RES3_H                         
000004ec  MPY32CTL0                      
000004ec  MPY32CTL0_L                    
000004ed  MPY32CTL0_H                    
00000500  UCA0CTLW0                      
00000500  UCA0CTLW0_L                    
00000501  UCA0CTLW0_H                    
00000502  UCA0CTLW1                      
00000502  UCA0CTLW1_L                    
00000503  UCA0CTLW1_H                    
00000506  UCA0BRW                        
00000506  UCA0BRW_L                      
00000507  UCA0BRW_H                      
00000508  UCA0MCTLW                      
00000508  UCA0MCTLW_L                    
00000509  UCA0MCTLW_H                    
0000050a  UCA0STATW                      
0000050c  UCA0RXBUF                      
0000050c  UCA0RXBUF_L                    
0000050d  UCA0RXBUF_H                    
0000050e  UCA0TXBUF                      
0000050e  UCA0TXBUF_L                    
0000050f  UCA0TXBUF_H                    
00000510  UCA0ABCTL                      
00000512  UCA0IRCTL                      
00000512  UCA0IRCTL_L                    
00000513  UCA0IRCTL_H                    
0000051a  UCA0IE                         
0000051a  UCA0IE_L                       
0000051b  UCA0IE_H                       
0000051c  UCA0IFG                        
0000051c  UCA0IFG_L                      
0000051d  UCA0IFG_H                      
0000051e  UCA0IV                         
00000520  UCA1CTLW0                      
00000520  UCA1CTLW0_L                    
00000521  UCA1CTLW0_H                    
00000522  UCA1CTLW1                      
00000522  UCA1CTLW1_L                    
00000523  UCA1CTLW1_H                    
00000526  UCA1BRW                        
00000526  UCA1BRW_L                      
00000527  UCA1BRW_H                      
00000528  UCA1MCTLW                      
00000528  UCA1MCTLW_L                    
00000529  UCA1MCTLW_H                    
0000052a  UCA1STATW                      
0000052c  UCA1RXBUF                      
0000052c  UCA1RXBUF_L                    
0000052d  UCA1RXBUF_H                    
0000052e  UCA1TXBUF                      
0000052e  UCA1TXBUF_L                    
0000052f  UCA1TXBUF_H                    
00000530  UCA1ABCTL                      
00000532  UCA1IRCTL                      
00000532  UCA1IRCTL_L                    
00000533  UCA1IRCTL_H                    
0000053a  UCA1IE                         
0000053a  UCA1IE_L                       
0000053b  UCA1IE_H                       
0000053c  UCA1IFG                        
0000053c  UCA1IFG_L                      
0000053d  UCA1IFG_H                      
0000053e  UCA1IV                         
00000540  UCB0CTLW0                      
00000540  UCB0CTLW0_L                    
00000541  UCB0CTLW0_H                    
00000542  UCB0CTLW1                      
00000542  UCB0CTLW1_L                    
00000543  UCB0CTLW1_H                    
00000546  UCB0BRW                        
00000546  UCB0BRW_L                      
00000547  UCB0BRW_H                      
00000548  UCB0STATW                      
00000548  UCB0STATW_L                    
00000549  UCB0STATW_H                    
0000054a  UCB0TBCNT                      
0000054a  UCB0TBCNT_L                    
0000054b  UCB0TBCNT_H                    
0000054c  UCB0RXBUF                      
0000054c  UCB0RXBUF_L                    
0000054d  UCB0RXBUF_H                    
0000054e  UCB0TXBUF                      
0000054e  UCB0TXBUF_L                    
0000054f  UCB0TXBUF_H                    
00000554  UCB0I2COA0                     
00000554  UCB0I2COA0_L                   
00000555  UCB0I2COA0_H                   
00000556  UCB0I2COA1                     
00000556  UCB0I2COA1_L                   
00000557  UCB0I2COA1_H                   
00000558  UCB0I2COA2                     
00000558  UCB0I2COA2_L                   
00000559  UCB0I2COA2_H                   
0000055a  UCB0I2COA3                     
0000055a  UCB0I2COA3_L                   
0000055b  UCB0I2COA3_H                   
0000055c  UCB0ADDRX                      
0000055c  UCB0ADDRX_L                    
0000055d  UCB0ADDRX_H                    
0000055e  UCB0ADDMASK                    
0000055e  UCB0ADDMASK_L                  
0000055f  UCB0ADDMASK_H                  
00000560  UCB0I2CSA                      
00000560  UCB0I2CSA_L                    
00000561  UCB0I2CSA_H                    
0000056a  UCB0IE                         
0000056a  UCB0IE_L                       
0000056b  UCB0IE_H                       
0000056c  UCB0IFG                        
0000056c  UCB0IFG_L                      
0000056d  UCB0IFG_H                      
0000056e  UCB0IV                         
00000660  BAKMEM0                        
00000660  BAKMEM0_L                      
00000661  BAKMEM0_H                      
00000662  BAKMEM1                        
00000662  BAKMEM1_L                      
00000663  BAKMEM1_H                      
00000664  BAKMEM2                        
00000664  BAKMEM2_L                      
00000665  BAKMEM2_H                      
00000666  BAKMEM3                        
00000666  BAKMEM3_L                      
00000667  BAKMEM3_H                      
00000668  BAKMEM4                        
00000668  BAKMEM4_L                      
00000669  BAKMEM4_H                      
0000066a  BAKMEM5                        
0000066a  BAKMEM5_L                      
0000066b  BAKMEM5_H                      
0000066c  BAKMEM6                        
0000066c  BAKMEM6_L                      
0000066d  BAKMEM6_H                      
0000066e  BAKMEM7                        
0000066e  BAKMEM7_L                      
0000066f  BAKMEM7_H                      
00000670  BAKMEM8                        
00000670  BAKMEM8_L                      
00000671  BAKMEM8_H                      
00000672  BAKMEM9                        
00000672  BAKMEM9_L                      
00000673  BAKMEM9_H                      
00000674  BAKMEM10                       
00000674  BAKMEM10_L                     
00000675  BAKMEM10_H                     
00000676  BAKMEM11                       
00000676  BAKMEM11_L                     
00000677  BAKMEM11_H                     
00000678  BAKMEM12                       
00000678  BAKMEM12_L                     
00000679  BAKMEM12_H                     
0000067a  BAKMEM13                       
0000067a  BAKMEM13_L                     
0000067b  BAKMEM13_H                     
0000067c  BAKMEM14                       
0000067c  BAKMEM14_L                     
0000067d  BAKMEM14_H                     
0000067e  BAKMEM15                       
0000067e  BAKMEM15_L                     
0000067f  BAKMEM15_H                     
00000700  ADCCTL0                        
00000700  ADCCTL0_L                      
00000701  ADCCTL0_H                      
00000702  ADCCTL1                        
00000702  ADCCTL1_L                      
00000703  ADCCTL1_H                      
00000704  ADCCTL2                        
00000704  ADCCTL2_L                      
00000705  ADCCTL2_H                      
00000706  ADCLO                          
00000706  ADCLO_L                        
00000707  ADCLO_H                        
00000708  ADCHI                          
00000708  ADCHI_L                        
00000709  ADCHI_H                        
0000070a  ADCMCTL0                       
0000070a  ADCMCTL0_L                     
0000070b  ADCMCTL0_H                     
00000712  ADCMEM0                        
00000712  ADCMEM0_L                      
00000713  ADCMEM0_H                      
0000071a  ADCIE                          
0000071a  ADCIE_L                        
0000071b  ADCIE_H                        
0000071c  ADCIFG                         
0000071c  ADCIFG_L                       
0000071d  ADCIFG_H                       
0000071e  ADCIV                          
0000071e  ADCIV_L                        
0000071f  ADCIV_H                        
00002000  MasterMode                     
00002002  TransmitRegAddr                
00002003  RXByteCtr                      
00002004  ReceiveIndex                   
00002005  TXByteCtr                      
00002006  TransmitIndex                  
00002008  stateBeat                      
0000200a  threshold                      
0000200e  beatPeriod                     
00002012  lastMaxValue                   
00002016  tsLastBeat                     
0000201a  dcwRed                         
0000201e  dcwIr                          
00002022  irACValueSqSum                 
00002026  redACValueSqSum                
0000202a  beatsDetectedNum               
0000202c  samplesRecorded                
00002030  spO2                           
00002032  state                          
00002034  irLedCurrent                   
00002036  redLedCurrentIndex             
00002038  tsFirstBeatDetected            
0000203c  tsLastBeatDetected             
00002040  tsLastBiasCheck                
00002044  tsLastCurrentAdjustment        
00002048  _millis                        
0000204c  ReceiveBuffer                  
0000208c  TransmitBuffer                 
000020cc  _lock                          
000020d0  _unlock                        
000020d4  errno                          
000020d8  _sys_memory                    
00002178  irBuffer                       
00002180  redBuffer                      
00002188  v                              
00002196  alphaIr                        
0000219a  alphaRed                       
0000219e  onBeatDetected                 
000021a2  debuggingMode                  
000021a4  irBuffer_ptr                   
000021a6  redBuffer_ptr                  
00002f60  _stack                         
00003000  __STACK_END                    
0000c4e0  __TI_Handler_Table_Base        
0000c4ec  __TI_Handler_Table_Limit       
0000c4f2  __TI_CINIT_Base                
0000c502  __TI_CINIT_Limit               
0000c5a8  spO2LUT                        
0000c5e2  log                            
0000c5e2  logl                           
0000cc1c  __TI_frcdivd                   
0000d094  __mspabi_addd                  
0000d36a  __TI_frcmpyd                   
0000d5f0  __mspabi_mpyd                  
0000d870  __TI_frcaddd                   
0000dac2  __mspabi_divd                  
0000dce2  beatDetectorAddSample          
0000dce2  beatDetectorCheckForBeat       
0000de7c  pulseOxCheckSample             
0000dff6  __mspabi_subf                  
0000dffc  __mspabi_addf                  
0000e128  spO2CalcUpdate                 
0000e24c  readFifoData                   
0000e24c  update                         
0000e352  beatDetectorDecreaseThreshold  
0000e444  __TI_decompress_lzss           
0000e532  __mspabi_cmpd                  
0000e60a  pulseOxCheckCurrentBias        
0000e6e0  USCI_B0_ISR                    
0000e7ae  __mspabi_mpyf                  
0000e866  __TI_renormd                   
0000e918  copy_in                        
0000e9ca  main                           
0000ea7c  malloc                         
0000eb2a  __mspabi_fltlid                
0000ebc8  _auto_init_hold_wdt            
0000ec5e  butterworthStep                
0000ecee  __mspabi_divf                  
0000ed7e  __mspabi_cvtdf                 
0000ee0a  __mspabi_fltuld                
0000ee8a  begin                          
0000ef0a  getRawValues                   
0000ef82  Send_Int                       
0000eff4  Send_Nibble                    
0000f064  __mspabi_cvtfd                 
0000f0d2  beatDetectorGetRate            
0000f0d2  pulseOxGetHeartRate            
0000f13e  __mspabi_fixfi                 
0000f1a6  sendInt                        
0000f20e  sendFloat                      
0000f272  InitLCD                        
0000f2d0  pulseOxBegin                   
0000f322  I2C_Master_WriteReg            
0000f36e  __mspabi_cmpf                  
0000f3b8  __mspabi_fixfu                 
0000f3fe  I2C_Master_ReadReg             
0000f43e  __memcpy_far                   
0000f47e  Send_Byte                      
0000f4bc  __TI_zero_init                 
0000f4fa  __mspabi_sral_15               
0000f4fe  __mspabi_sral_14               
0000f502  __mspabi_sral_13               
0000f506  __mspabi_sral_12               
0000f50a  __mspabi_sral_11               
0000f50e  __mspabi_sral_10               
0000f512  __mspabi_sral_9                
0000f516  __mspabi_sral_8                
0000f51a  __mspabi_sral_7                
0000f51e  __mspabi_sral_6                
0000f522  __mspabi_sral_5                
0000f526  __mspabi_sral_4                
0000f52a  __mspabi_sral_3                
0000f52e  __mspabi_sral_2                
0000f532  __mspabi_sral_1                
0000f538  __mspabi_slll_15               
0000f53c  __mspabi_slll_14               
0000f540  __mspabi_slll_13               
0000f544  __mspabi_slll_12               
0000f548  __mspabi_slll_11               
0000f54c  __mspabi_slll_10               
0000f550  __mspabi_slll_9                
0000f554  __mspabi_slll_8                
0000f558  __mspabi_slll_7                
0000f55c  __mspabi_slll_6                
0000f560  __mspabi_slll_5                
0000f564  __mspabi_slll_4                
0000f568  __mspabi_slll_3                
0000f56c  __mspabi_slll_2                
0000f570  __mspabi_slll_1                
0000f576  __mspabi_srll_15               
0000f57a  __mspabi_srll_14               
0000f57e  __mspabi_srll_13               
0000f582  __mspabi_srll_12               
0000f586  __mspabi_srll_11               
0000f58a  __mspabi_srll_10               
0000f58e  __mspabi_srll_9                
0000f592  __mspabi_srll_8                
0000f596  __mspabi_srll_7                
0000f59a  __mspabi_srll_6                
0000f59e  __mspabi_srll_5                
0000f5a2  __mspabi_srll_4                
0000f5a6  __mspabi_srll_3                
0000f5aa  __mspabi_srll_2                
0000f5ae  __mspabi_srll_1                
0000f5b4  __TI_decompress_none           
0000f5f0  dcStepIr                       
0000f62a  dcStepRed                      
0000f664  initClockTo16MHz               
0000f69c  minit                          
0000f6d4  __mspabi_fltif                 
0000f70a  __mspabi_fltulf                
0000f73c  __mspabi_subd                  
0000f76a  readRegister                   
0000f798  setHighresModeEnabled          
0000f7c6  __mspabi_divi                  
0000f7c6  __mspabi_remi                  
0000f7f2  calloc                         
0000f81c  getDCW                         
0000f846  writeRegister                  
0000f870  Atraso_us                      
0000f896  initGPIO                       
0000f8ba  __mspabi_fltuf                 
0000f8de  __mspabi_mpyl_f5hw             
0000f902  setSamplingRate                
0000f926  initI2C                        
0000f948  setDCAlpha                     
0000f96a  setLedsPulseWidth              
0000f98a  spO2CalcReset                  
0000f9aa  initUart                       
0000f9c8  _c_int00_noargs_noexit         
0000f9e2  Send_Data                      
0000f9fa  __mspabi_mpyi_f5hw             
0000fa12  burstRead                      
0000fa28  __mspabi_divu                  
0000fa28  __mspabi_remu                  
0000fa3e  memset                         
0000fa52  millis                         
0000fa66  CopyArray                      
0000fa78  Send_String                    
0000fa8a  memcpy                         
0000fa9c  sendString                     
0000faae  __mspabi_sral                  
0000fabe  __mspabi_slll                  
0000face  __mspabi_srll                  
0000fade  sendData                       
0000faec  setLedsCurrent                 
0000fafa  initWDT                        
0000fb06  pulseOxUpdate                  
0000fb12  WDT_ISR                        
0000fb1c  beatDetectorGetCurrentThreshold
0000fb26  __mspabi_negf                  
0000fb30  setMode                        
0000fb3a  __TI_ISR_TRAP                  
0000fb42  C$$EXIT                        
0000fb42  abort                          
0000fb48  getPartId                      
0000fb4e  pulseOxGetSpO2                 
0000fb4e  spO2CalcGetSpO2                
0000fb54  _system_pre_init               
0000fb58  _nop                           
0000fb5a  _system_post_cinit             
0000ffda  __TI_int41                     
0000ffdc  __TI_int42                     
0000ffde  __TI_int43                     
0000ffe0  __TI_int44                     
0000ffe2  __TI_int45                     
0000ffe4  __TI_int46                     
0000ffe6  __TI_int47                     
0000ffe8  __TI_int48                     
0000ffea  __TI_int49                     
0000ffec  __TI_int50                     
0000ffee  __TI_int51                     
0000fff0  __TI_int52                     
0000fff2  __TI_int53                     
0000fff4  __TI_int54                     
0000fff6  __TI_int55                     
0000fff8  __TI_int56                     
0000fffa  __TI_int57                     
0000fffc  __TI_int58                     
0000fffe  _reset_vector                  
ffffffff  __TI_pprof_out_hndl            
ffffffff  __TI_prof_data_size            
ffffffff  __TI_prof_data_start           
ffffffff  __c_args__                     
UNDEFED   __TI_BINIT_Base                
UNDEFED   __TI_BINIT_Limit               
UNDEFED   __TI_INITARRAY_Base            
UNDEFED   __TI_INITARRAY_Limit           

[701 symbols]
