<?xml version="1.0"?>
<link_info>
   <banner>MSP430 Linker PC v16.9.4.LTS</banner>
   <copyright>Copyright (c) 2003-2017 Texas Instruments Incorporated</copyright>
   <link_time>0x5b1aade9</link_time>
   <link_errors>0x0</link_errors>
   <output_file>PC3.out</output_file>
   <entry_point>
      <name>_c_int00_noargs_noexit</name>
      <address>0xf6c8</address>
   </entry_point>
   <input_file_list>
      <input_file id="fl-2">
         <path>.\</path>
         <kind>object</kind>
         <file>main.obj</file>
         <name>main.obj</name>
      </input_file>
      <input_file id="fl-8">
         <kind>object</kind>
         <file>&lt;internal&gt;</file>
         <name>&lt;internal&gt;</name>
      </input_file>
      <input_file id="fl-23">
         <path>C:\ti\ccsv7\tools\compiler\ti-cgt-msp430_16.9.4.LTS\lib\</path>
         <kind>archive</kind>
         <file>rts430x_lc_sd_eabi.lib</file>
         <name>addd.obj</name>
      </input_file>
      <input_file id="fl-24">
         <path>C:\ti\ccsv7\tools\compiler\ti-cgt-msp430_16.9.4.LTS\lib\</path>
         <kind>archive</kind>
         <file>rts430x_lc_sd_eabi.lib</file>
         <name>boot.obj</name>
      </input_file>
      <input_file id="fl-25">
         <path>C:\ti\ccsv7\tools\compiler\ti-cgt-msp430_16.9.4.LTS\lib\</path>
         <kind>archive</kind>
         <file>rts430x_lc_sd_eabi.lib</file>
         <name>boot_special.obj</name>
      </input_file>
      <input_file id="fl-26">
         <path>C:\ti\ccsv7\tools\compiler\ti-cgt-msp430_16.9.4.LTS\lib\</path>
         <kind>archive</kind>
         <file>rts430x_lc_sd_eabi.lib</file>
         <name>copy_decompress_lzss.obj</name>
      </input_file>
      <input_file id="fl-27">
         <path>C:\ti\ccsv7\tools\compiler\ti-cgt-msp430_16.9.4.LTS\lib\</path>
         <kind>archive</kind>
         <file>rts430x_lc_sd_eabi.lib</file>
         <name>copy_decompress_none.obj</name>
      </input_file>
      <input_file id="fl-28">
         <path>C:\ti\ccsv7\tools\compiler\ti-cgt-msp430_16.9.4.LTS\lib\</path>
         <kind>archive</kind>
         <file>rts430x_lc_sd_eabi.lib</file>
         <name>copy_zero_init.obj</name>
      </input_file>
      <input_file id="fl-29">
         <path>C:\ti\ccsv7\tools\compiler\ti-cgt-msp430_16.9.4.LTS\lib\</path>
         <kind>archive</kind>
         <file>rts430x_lc_sd_eabi.lib</file>
         <name>cpy_util.obj</name>
      </input_file>
      <input_file id="fl-2a">
         <path>C:\ti\ccsv7\tools\compiler\ti-cgt-msp430_16.9.4.LTS\lib\</path>
         <kind>archive</kind>
         <file>rts430x_lc_sd_eabi.lib</file>
         <name>cvtdf.obj</name>
      </input_file>
      <input_file id="fl-2b">
         <path>C:\ti\ccsv7\tools\compiler\ti-cgt-msp430_16.9.4.LTS\lib\</path>
         <kind>archive</kind>
         <file>rts430x_lc_sd_eabi.lib</file>
         <name>cvtfd.obj</name>
      </input_file>
      <input_file id="fl-2c">
         <path>C:\ti\ccsv7\tools\compiler\ti-cgt-msp430_16.9.4.LTS\lib\</path>
         <kind>archive</kind>
         <file>rts430x_lc_sd_eabi.lib</file>
         <name>div16s.obj</name>
      </input_file>
      <input_file id="fl-2d">
         <path>C:\ti\ccsv7\tools\compiler\ti-cgt-msp430_16.9.4.LTS\lib\</path>
         <kind>archive</kind>
         <file>rts430x_lc_sd_eabi.lib</file>
         <name>div16u.obj</name>
      </input_file>
      <input_file id="fl-2e">
         <path>C:\ti\ccsv7\tools\compiler\ti-cgt-msp430_16.9.4.LTS\lib\</path>
         <kind>archive</kind>
         <file>rts430x_lc_sd_eabi.lib</file>
         <name>divd.obj</name>
      </input_file>
      <input_file id="fl-2f">
         <path>C:\ti\ccsv7\tools\compiler\ti-cgt-msp430_16.9.4.LTS\lib\</path>
         <kind>archive</kind>
         <file>rts430x_lc_sd_eabi.lib</file>
         <name>e_log.obj</name>
      </input_file>
      <input_file id="fl-30">
         <path>C:\ti\ccsv7\tools\compiler\ti-cgt-msp430_16.9.4.LTS\lib\</path>
         <kind>archive</kind>
         <file>rts430x_lc_sd_eabi.lib</file>
         <name>errno.obj</name>
      </input_file>
      <input_file id="fl-31">
         <path>C:\ti\ccsv7\tools\compiler\ti-cgt-msp430_16.9.4.LTS\lib\</path>
         <kind>archive</kind>
         <file>rts430x_lc_sd_eabi.lib</file>
         <name>exit.obj</name>
      </input_file>
      <input_file id="fl-32">
         <path>C:\ti\ccsv7\tools\compiler\ti-cgt-msp430_16.9.4.LTS\lib\</path>
         <kind>archive</kind>
         <file>rts430x_lc_sd_eabi.lib</file>
         <name>exit_gvars.obj</name>
      </input_file>
      <input_file id="fl-33">
         <path>C:\ti\ccsv7\tools\compiler\ti-cgt-msp430_16.9.4.LTS\lib\</path>
         <kind>archive</kind>
         <file>rts430x_lc_sd_eabi.lib</file>
         <name>fltid.obj</name>
      </input_file>
      <input_file id="fl-34">
         <path>C:\ti\ccsv7\tools\compiler\ti-cgt-msp430_16.9.4.LTS\lib\</path>
         <kind>archive</kind>
         <file>rts430x_lc_sd_eabi.lib</file>
         <name>fltlid.obj</name>
      </input_file>
      <input_file id="fl-35">
         <path>C:\ti\ccsv7\tools\compiler\ti-cgt-msp430_16.9.4.LTS\lib\</path>
         <kind>archive</kind>
         <file>rts430x_lc_sd_eabi.lib</file>
         <name>fltuld.obj</name>
      </input_file>
      <input_file id="fl-36">
         <path>C:\ti\ccsv7\tools\compiler\ti-cgt-msp430_16.9.4.LTS\lib\</path>
         <kind>archive</kind>
         <file>rts430x_lc_sd_eabi.lib</file>
         <name>frcaddd.obj</name>
      </input_file>
      <input_file id="fl-37">
         <path>C:\ti\ccsv7\tools\compiler\ti-cgt-msp430_16.9.4.LTS\lib\</path>
         <kind>archive</kind>
         <file>rts430x_lc_sd_eabi.lib</file>
         <name>frcdivd.obj</name>
      </input_file>
      <input_file id="fl-38">
         <path>C:\ti\ccsv7\tools\compiler\ti-cgt-msp430_16.9.4.LTS\lib\</path>
         <kind>archive</kind>
         <file>rts430x_lc_sd_eabi.lib</file>
         <name>fs_add.obj</name>
      </input_file>
      <input_file id="fl-39">
         <path>C:\ti\ccsv7\tools\compiler\ti-cgt-msp430_16.9.4.LTS\lib\</path>
         <kind>archive</kind>
         <file>rts430x_lc_sd_eabi.lib</file>
         <name>fs_cmp.obj</name>
      </input_file>
      <input_file id="fl-3a">
         <path>C:\ti\ccsv7\tools\compiler\ti-cgt-msp430_16.9.4.LTS\lib\</path>
         <kind>archive</kind>
         <file>rts430x_lc_sd_eabi.lib</file>
         <name>fs_div.obj</name>
      </input_file>
      <input_file id="fl-3b">
         <path>C:\ti\ccsv7\tools\compiler\ti-cgt-msp430_16.9.4.LTS\lib\</path>
         <kind>archive</kind>
         <file>rts430x_lc_sd_eabi.lib</file>
         <name>fs_itof.obj</name>
      </input_file>
      <input_file id="fl-3c">
         <path>C:\ti\ccsv7\tools\compiler\ti-cgt-msp430_16.9.4.LTS\lib\</path>
         <kind>archive</kind>
         <file>rts430x_lc_sd_eabi.lib</file>
         <name>fs_mpy.obj</name>
      </input_file>
      <input_file id="fl-3d">
         <path>C:\ti\ccsv7\tools\compiler\ti-cgt-msp430_16.9.4.LTS\lib\</path>
         <kind>archive</kind>
         <file>rts430x_lc_sd_eabi.lib</file>
         <name>fs_neg.obj</name>
      </input_file>
      <input_file id="fl-3e">
         <path>C:\ti\ccsv7\tools\compiler\ti-cgt-msp430_16.9.4.LTS\lib\</path>
         <kind>archive</kind>
         <file>rts430x_lc_sd_eabi.lib</file>
         <name>fs_toi.obj</name>
      </input_file>
      <input_file id="fl-3f">
         <path>C:\ti\ccsv7\tools\compiler\ti-cgt-msp430_16.9.4.LTS\lib\</path>
         <kind>archive</kind>
         <file>rts430x_lc_sd_eabi.lib</file>
         <name>fs_ultof.obj</name>
      </input_file>
      <input_file id="fl-40">
         <path>C:\ti\ccsv7\tools\compiler\ti-cgt-msp430_16.9.4.LTS\lib\</path>
         <kind>archive</kind>
         <file>rts430x_lc_sd_eabi.lib</file>
         <name>fs_utof.obj</name>
      </input_file>
      <input_file id="fl-41">
         <path>C:\ti\ccsv7\tools\compiler\ti-cgt-msp430_16.9.4.LTS\lib\</path>
         <kind>archive</kind>
         <file>rts430x_lc_sd_eabi.lib</file>
         <name>int41.obj</name>
      </input_file>
      <input_file id="fl-42">
         <path>C:\ti\ccsv7\tools\compiler\ti-cgt-msp430_16.9.4.LTS\lib\</path>
         <kind>archive</kind>
         <file>rts430x_lc_sd_eabi.lib</file>
         <name>int42.obj</name>
      </input_file>
      <input_file id="fl-43">
         <path>C:\ti\ccsv7\tools\compiler\ti-cgt-msp430_16.9.4.LTS\lib\</path>
         <kind>archive</kind>
         <file>rts430x_lc_sd_eabi.lib</file>
         <name>int43.obj</name>
      </input_file>
      <input_file id="fl-44">
         <path>C:\ti\ccsv7\tools\compiler\ti-cgt-msp430_16.9.4.LTS\lib\</path>
         <kind>archive</kind>
         <file>rts430x_lc_sd_eabi.lib</file>
         <name>int45.obj</name>
      </input_file>
      <input_file id="fl-45">
         <path>C:\ti\ccsv7\tools\compiler\ti-cgt-msp430_16.9.4.LTS\lib\</path>
         <kind>archive</kind>
         <file>rts430x_lc_sd_eabi.lib</file>
         <name>int46.obj</name>
      </input_file>
      <input_file id="fl-46">
         <path>C:\ti\ccsv7\tools\compiler\ti-cgt-msp430_16.9.4.LTS\lib\</path>
         <kind>archive</kind>
         <file>rts430x_lc_sd_eabi.lib</file>
         <name>int48.obj</name>
      </input_file>
      <input_file id="fl-47">
         <path>C:\ti\ccsv7\tools\compiler\ti-cgt-msp430_16.9.4.LTS\lib\</path>
         <kind>archive</kind>
         <file>rts430x_lc_sd_eabi.lib</file>
         <name>int49.obj</name>
      </input_file>
      <input_file id="fl-48">
         <path>C:\ti\ccsv7\tools\compiler\ti-cgt-msp430_16.9.4.LTS\lib\</path>
         <kind>archive</kind>
         <file>rts430x_lc_sd_eabi.lib</file>
         <name>int50.obj</name>
      </input_file>
      <input_file id="fl-49">
         <path>C:\ti\ccsv7\tools\compiler\ti-cgt-msp430_16.9.4.LTS\lib\</path>
         <kind>archive</kind>
         <file>rts430x_lc_sd_eabi.lib</file>
         <name>int51.obj</name>
      </input_file>
      <input_file id="fl-4a">
         <path>C:\ti\ccsv7\tools\compiler\ti-cgt-msp430_16.9.4.LTS\lib\</path>
         <kind>archive</kind>
         <file>rts430x_lc_sd_eabi.lib</file>
         <name>int52.obj</name>
      </input_file>
      <input_file id="fl-4b">
         <path>C:\ti\ccsv7\tools\compiler\ti-cgt-msp430_16.9.4.LTS\lib\</path>
         <kind>archive</kind>
         <file>rts430x_lc_sd_eabi.lib</file>
         <name>int53.obj</name>
      </input_file>
      <input_file id="fl-4c">
         <path>C:\ti\ccsv7\tools\compiler\ti-cgt-msp430_16.9.4.LTS\lib\</path>
         <kind>archive</kind>
         <file>rts430x_lc_sd_eabi.lib</file>
         <name>int54.obj</name>
      </input_file>
      <input_file id="fl-4d">
         <path>C:\ti\ccsv7\tools\compiler\ti-cgt-msp430_16.9.4.LTS\lib\</path>
         <kind>archive</kind>
         <file>rts430x_lc_sd_eabi.lib</file>
         <name>int55.obj</name>
      </input_file>
      <input_file id="fl-4e">
         <path>C:\ti\ccsv7\tools\compiler\ti-cgt-msp430_16.9.4.LTS\lib\</path>
         <kind>archive</kind>
         <file>rts430x_lc_sd_eabi.lib</file>
         <name>int56.obj</name>
      </input_file>
      <input_file id="fl-4f">
         <path>C:\ti\ccsv7\tools\compiler\ti-cgt-msp430_16.9.4.LTS\lib\</path>
         <kind>archive</kind>
         <file>rts430x_lc_sd_eabi.lib</file>
         <name>int57.obj</name>
      </input_file>
      <input_file id="fl-50">
         <path>C:\ti\ccsv7\tools\compiler\ti-cgt-msp430_16.9.4.LTS\lib\</path>
         <kind>archive</kind>
         <file>rts430x_lc_sd_eabi.lib</file>
         <name>int58.obj</name>
      </input_file>
      <input_file id="fl-51">
         <path>C:\ti\ccsv7\tools\compiler\ti-cgt-msp430_16.9.4.LTS\lib\</path>
         <kind>archive</kind>
         <file>rts430x_lc_sd_eabi.lib</file>
         <name>isr_trap.obj</name>
      </input_file>
      <input_file id="fl-52">
         <path>C:\ti\ccsv7\tools\compiler\ti-cgt-msp430_16.9.4.LTS\lib\</path>
         <kind>archive</kind>
         <file>rts430x_lc_sd_eabi.lib</file>
         <name>lsl32.obj</name>
      </input_file>
      <input_file id="fl-53">
         <path>C:\ti\ccsv7\tools\compiler\ti-cgt-msp430_16.9.4.LTS\lib\</path>
         <kind>archive</kind>
         <file>rts430x_lc_sd_eabi.lib</file>
         <name>lsr32.obj</name>
      </input_file>
      <input_file id="fl-54">
         <path>C:\ti\ccsv7\tools\compiler\ti-cgt-msp430_16.9.4.LTS\lib\</path>
         <kind>archive</kind>
         <file>rts430x_lc_sd_eabi.lib</file>
         <name>lsr64.obj</name>
      </input_file>
      <input_file id="fl-55">
         <path>C:\ti\ccsv7\tools\compiler\ti-cgt-msp430_16.9.4.LTS\lib\</path>
         <kind>archive</kind>
         <file>rts430x_lc_sd_eabi.lib</file>
         <name>memcpy.obj</name>
      </input_file>
      <input_file id="fl-56">
         <path>C:\ti\ccsv7\tools\compiler\ti-cgt-msp430_16.9.4.LTS\lib\</path>
         <kind>archive</kind>
         <file>rts430x_lc_sd_eabi.lib</file>
         <name>memory.obj</name>
      </input_file>
      <input_file id="fl-57">
         <path>C:\ti\ccsv7\tools\compiler\ti-cgt-msp430_16.9.4.LTS\lib\</path>
         <kind>archive</kind>
         <file>rts430x_lc_sd_eabi.lib</file>
         <name>memset.obj</name>
      </input_file>
      <input_file id="fl-58">
         <path>C:\ti\ccsv7\tools\compiler\ti-cgt-msp430_16.9.4.LTS\lib\</path>
         <kind>archive</kind>
         <file>rts430x_lc_sd_eabi.lib</file>
         <name>mpu_init.obj</name>
      </input_file>
      <input_file id="fl-59">
         <path>C:\ti\ccsv7\tools\compiler\ti-cgt-msp430_16.9.4.LTS\lib\</path>
         <kind>archive</kind>
         <file>rts430x_lc_sd_eabi.lib</file>
         <name>mpyd.obj</name>
      </input_file>
      <input_file id="fl-5a">
         <path>C:\ti\ccsv7\tools\compiler\ti-cgt-msp430_16.9.4.LTS\lib\</path>
         <kind>archive</kind>
         <file>rts430x_lc_sd_eabi.lib</file>
         <name>mult16.obj</name>
      </input_file>
      <input_file id="fl-5b">
         <path>C:\ti\ccsv7\tools\compiler\ti-cgt-msp430_16.9.4.LTS\lib\</path>
         <kind>archive</kind>
         <file>rts430x_lc_sd_eabi.lib</file>
         <name>mult1632_f5hw.obj</name>
      </input_file>
      <input_file id="fl-5c">
         <path>C:\ti\ccsv7\tools\compiler\ti-cgt-msp430_16.9.4.LTS\lib\</path>
         <kind>archive</kind>
         <file>rts430x_lc_sd_eabi.lib</file>
         <name>mult16_f5hw.obj</name>
      </input_file>
      <input_file id="fl-5d">
         <path>C:\ti\ccsv7\tools\compiler\ti-cgt-msp430_16.9.4.LTS\lib\</path>
         <kind>archive</kind>
         <file>rts430x_lc_sd_eabi.lib</file>
         <name>mult32.obj</name>
      </input_file>
      <input_file id="fl-5e">
         <path>C:\ti\ccsv7\tools\compiler\ti-cgt-msp430_16.9.4.LTS\lib\</path>
         <kind>archive</kind>
         <file>rts430x_lc_sd_eabi.lib</file>
         <name>mult3264_f5hw.obj</name>
      </input_file>
      <input_file id="fl-5f">
         <path>C:\ti\ccsv7\tools\compiler\ti-cgt-msp430_16.9.4.LTS\lib\</path>
         <kind>archive</kind>
         <file>rts430x_lc_sd_eabi.lib</file>
         <name>mult32_f5hw.obj</name>
      </input_file>
      <input_file id="fl-60">
         <path>C:\ti\ccsv7\tools\compiler\ti-cgt-msp430_16.9.4.LTS\lib\</path>
         <kind>archive</kind>
         <file>rts430x_lc_sd_eabi.lib</file>
         <name>mult64_f5hw.obj</name>
      </input_file>
      <input_file id="fl-61">
         <path>C:\ti\ccsv7\tools\compiler\ti-cgt-msp430_16.9.4.LTS\lib\</path>
         <kind>archive</kind>
         <file>rts430x_lc_sd_eabi.lib</file>
         <name>pre_init.obj</name>
      </input_file>
      <input_file id="fl-62">
         <path>C:\ti\ccsv7\tools\compiler\ti-cgt-msp430_16.9.4.LTS\lib\</path>
         <kind>archive</kind>
         <file>rts430x_lc_sd_eabi.lib</file>
         <name>renormd.obj</name>
      </input_file>
      <input_file id="fl-63">
         <path>C:\ti\ccsv7\tools\compiler\ti-cgt-msp430_16.9.4.LTS\lib\</path>
         <kind>archive</kind>
         <file>rts430x_lc_sd_eabi.lib</file>
         <name>subd.obj</name>
      </input_file>
      <input_file id="fl-64">
         <path>C:\ti\ccsv7\tools\compiler\ti-cgt-msp430_16.9.4.LTS\lib\</path>
         <kind>archive</kind>
         <file>rts430x_lc_sd_eabi.lib</file>
         <name>_lock.obj</name>
      </input_file>
      <input_file id="fl-65">
         <path>C:\ti\ccsv7\tools\compiler\ti-cgt-msp430_16.9.4.LTS\lib\</path>
         <kind>archive</kind>
         <file>rts430x_lc_sd_eabi.lib</file>
         <name>args_main.obj</name>
      </input_file>
      <input_file id="fl-66">
         <path>C:\ti\ccsv7\tools\compiler\ti-cgt-msp430_16.9.4.LTS\lib\</path>
         <kind>archive</kind>
         <file>rts430x_lc_sd_eabi.lib</file>
         <name>asr32.obj</name>
      </input_file>
      <input_file id="fl-67">
         <path>C:\ti\ccsv7\tools\compiler\ti-cgt-msp430_16.9.4.LTS\lib\</path>
         <kind>archive</kind>
         <file>rts430x_lc_sd_eabi.lib</file>
         <name>autoinit_wdt.obj</name>
      </input_file>
      <input_file id="fl-68">
         <path>C:\ti\ccsv7\tools\compiler\ti-cgt-msp430_16.9.4.LTS\lib\</path>
         <kind>archive</kind>
         <file>rts430x_lc_sd_eabi.lib</file>
         <name>cmpd.obj</name>
      </input_file>
      <input_file id="fl-69">
         <path>C:\ti\ccsv7\tools\compiler\ti-cgt-msp430_16.9.4.LTS\lib\</path>
         <kind>archive</kind>
         <file>rts430x_lc_sd_eabi.lib</file>
         <name>cpy_tbl.obj</name>
      </input_file>
      <input_file id="fl-6a">
         <path>C:\ti\ccsv7\tools\compiler\ti-cgt-msp430_16.9.4.LTS\lib\</path>
         <kind>archive</kind>
         <file>rts430x_lc_sd_eabi.lib</file>
         <name>frcmpyd.obj</name>
      </input_file>
      <input_file id="fl-6b">
         <path>C:\ti\ccsv7\tools\compiler\ti-cgt-msp430_16.9.4.LTS\lib\</path>
         <kind>archive</kind>
         <file>rts430x_lc_sd_eabi.lib</file>
         <name>startup.obj</name>
      </input_file>
   </input_file_list>
   <object_component_list>
      <object_component id="oc-685">
         <name>.cinit..data.load</name>
         <load_address>0xc400</load_address>
         <run_address>0xc400</run_address>
         <size>0xde</size>
      </object_component>
      <object_component id="oc-682">
         <name>__TI_handler_table</name>
         <load_address>0xc4e0</load_address>
         <run_address>0xc4e0</run_address>
         <size>0xc</size>
      </object_component>
      <object_component id="oc-684">
         <name>.cinit..bss.load</name>
         <load_address>0xc4ec</load_address>
         <run_address>0xc4ec</run_address>
         <size>0x6</size>
      </object_component>
      <object_component id="oc-683">
         <name>__TI_cinit_table</name>
         <load_address>0xc4f2</load_address>
         <run_address>0xc4f2</run_address>
         <size>0x10</size>
      </object_component>
      <object_component id="oc-622">
         <name>.binit</name>
         <load_address>0xc502</load_address>
         <run_address>0xc502</run_address>
         <size>0x0</size>
      </object_component>
      <object_component id="oc-36c">
         <name>.const:.string</name>
         <load_address>0xc502</load_address>
         <run_address>0xc502</run_address>
         <size>0x9e</size>
         <input_file_ref idref="fl-2"/>
      </object_component>
      <object_component id="oc-58f">
         <name>.const:.string:spO2LUT</name>
         <load_address>0xc5a0</load_address>
         <run_address>0xc5a0</run_address>
         <size>0x2b</size>
         <input_file_ref idref="fl-2"/>
      </object_component>
      <object_component id="oc-42f">
         <name>.const:$P$T0$1</name>
         <load_address>0xc5cc</load_address>
         <run_address>0xc5cc</run_address>
         <size>0xa</size>
         <input_file_ref idref="fl-2"/>
      </object_component>
      <object_component id="oc-589">
         <name>.text:log</name>
         <load_address>0xc5d6</load_address>
         <run_address>0xc5d6</run_address>
         <size>0x63a</size>
         <input_file_ref idref="fl-2f"/>
      </object_component>
      <object_component id="oc-511">
         <name>.text:__TI_frcdivd</name>
         <load_address>0xcc10</load_address>
         <run_address>0xcc10</run_address>
         <size>0x478</size>
         <input_file_ref idref="fl-37"/>
      </object_component>
      <object_component id="oc-564">
         <name>.text:__mspabi_addd</name>
         <load_address>0xd088</load_address>
         <run_address>0xd088</run_address>
         <size>0x2d6</size>
         <input_file_ref idref="fl-23"/>
      </object_component>
      <object_component id="oc-51e">
         <name>.text:__TI_frcmpyd</name>
         <load_address>0xd35e</load_address>
         <run_address>0xd35e</run_address>
         <size>0x286</size>
         <input_file_ref idref="fl-6a"/>
      </object_component>
      <object_component id="oc-445">
         <name>.text:__mspabi_mpyd</name>
         <load_address>0xd5e4</load_address>
         <run_address>0xd5e4</run_address>
         <size>0x280</size>
         <input_file_ref idref="fl-59"/>
      </object_component>
      <object_component id="oc-5be">
         <name>.text:__TI_frcaddd</name>
         <load_address>0xd864</load_address>
         <run_address>0xd864</run_address>
         <size>0x252</size>
         <input_file_ref idref="fl-36"/>
      </object_component>
      <object_component id="oc-43f">
         <name>.text:__mspabi_divd</name>
         <load_address>0xdab6</load_address>
         <run_address>0xdab6</run_address>
         <size>0x220</size>
         <input_file_ref idref="fl-2e"/>
      </object_component>
      <object_component id="oc-4e3">
         <name>.text:beatDetectorCheckForBeat</name>
         <load_address>0xdcd6</load_address>
         <run_address>0xdcd6</run_address>
         <size>0x19a</size>
         <input_file_ref idref="fl-2"/>
      </object_component>
      <object_component id="oc-426">
         <name>.text:pulseOxCheckSample</name>
         <load_address>0xde70</load_address>
         <run_address>0xde70</run_address>
         <size>0x17a</size>
         <input_file_ref idref="fl-2"/>
      </object_component>
      <object_component id="oc-461">
         <name>.text</name>
         <load_address>0xdfea</load_address>
         <run_address>0xdfea</run_address>
         <size>0x132</size>
         <input_file_ref idref="fl-38"/>
      </object_component>
      <object_component id="oc-4ef">
         <name>.text:spO2CalcUpdate</name>
         <load_address>0xe11c</load_address>
         <run_address>0xe11c</run_address>
         <size>0x124</size>
         <input_file_ref idref="fl-2"/>
      </object_component>
      <object_component id="oc-420">
         <name>.text:readFifoData</name>
         <load_address>0xe240</load_address>
         <run_address>0xe240</run_address>
         <size>0x106</size>
         <input_file_ref idref="fl-2"/>
      </object_component>
      <object_component id="oc-577">
         <name>.text:beatDetectorDecreaseThreshold</name>
         <load_address>0xe346</load_address>
         <run_address>0xe346</run_address>
         <size>0xf2</size>
         <input_file_ref idref="fl-2"/>
      </object_component>
      <object_component id="oc-68">
         <name>.text:decompress:lzss:__TI_decompress_lzss</name>
         <load_address>0xe438</load_address>
         <run_address>0xe438</run_address>
         <size>0xee</size>
         <input_file_ref idref="fl-26"/>
      </object_component>
      <object_component id="oc-5db">
         <name>.text:__mspabi_cmpd</name>
         <load_address>0xe526</load_address>
         <run_address>0xe526</run_address>
         <size>0xd8</size>
         <input_file_ref idref="fl-68"/>
      </object_component>
      <object_component id="oc-2c2">
         <name>.text:_isr:USCI_B0_ISR</name>
         <load_address>0xe5fe</load_address>
         <run_address>0xe5fe</run_address>
         <size>0xce</size>
         <input_file_ref idref="fl-2"/>
      </object_component>
      <object_component id="oc-466">
         <name>.text</name>
         <load_address>0xe6cc</load_address>
         <run_address>0xe6cc</run_address>
         <size>0xb8</size>
         <input_file_ref idref="fl-3c"/>
      </object_component>
      <object_component id="oc-605">
         <name>.text:__TI_renormd</name>
         <load_address>0xe784</load_address>
         <run_address>0xe784</run_address>
         <size>0xb2</size>
         <input_file_ref idref="fl-62"/>
      </object_component>
      <object_component id="oc-327">
         <name>.text:copy_in</name>
         <load_address>0xe836</load_address>
         <run_address>0xe836</run_address>
         <size>0xb2</size>
         <input_file_ref idref="fl-69"/>
      </object_component>
      <object_component id="oc-538">
         <name>.text:malloc</name>
         <load_address>0xe8e8</load_address>
         <run_address>0xe8e8</run_address>
         <size>0xae</size>
         <input_file_ref idref="fl-56"/>
      </object_component>
      <object_component id="oc-2f4">
         <name>.text:main</name>
         <load_address>0xe996</load_address>
         <run_address>0xe996</run_address>
         <size>0xa8</size>
         <input_file_ref idref="fl-2"/>
      </object_component>
      <object_component id="oc-5d5">
         <name>.text:__mspabi_fltlid</name>
         <load_address>0xea3e</load_address>
         <run_address>0xea3e</run_address>
         <size>0x9e</size>
         <input_file_ref idref="fl-34"/>
      </object_component>
      <object_component id="oc-2da">
         <name>.text:_auto_init_hold_wdt</name>
         <load_address>0xeadc</load_address>
         <run_address>0xeadc</run_address>
         <size>0x96</size>
         <input_file_ref idref="fl-67"/>
      </object_component>
      <object_component id="oc-4dd">
         <name>.text:butterworthStep</name>
         <load_address>0xeb72</load_address>
         <run_address>0xeb72</run_address>
         <size>0x90</size>
         <input_file_ref idref="fl-2"/>
      </object_component>
      <object_component id="oc-584">
         <name>.text</name>
         <load_address>0xec02</load_address>
         <run_address>0xec02</run_address>
         <size>0x90</size>
         <input_file_ref idref="fl-3a"/>
      </object_component>
      <object_component id="oc-44b">
         <name>.text:__mspabi_cvtdf</name>
         <load_address>0xec92</load_address>
         <run_address>0xec92</run_address>
         <size>0x8c</size>
         <input_file_ref idref="fl-2a"/>
      </object_component>
      <object_component id="oc-56b">
         <name>.text:__mspabi_fltuld</name>
         <load_address>0xed1e</load_address>
         <run_address>0xed1e</run_address>
         <size>0x80</size>
         <input_file_ref idref="fl-35"/>
      </object_component>
      <object_component id="oc-407">
         <name>.text:begin</name>
         <load_address>0xed9e</load_address>
         <run_address>0xed9e</run_address>
         <size>0x80</size>
         <input_file_ref idref="fl-2"/>
      </object_component>
      <object_component id="oc-4fc">
         <name>.text:getRawValues</name>
         <load_address>0xee1e</load_address>
         <run_address>0xee1e</run_address>
         <size>0x78</size>
         <input_file_ref idref="fl-2"/>
      </object_component>
      <object_component id="oc-439">
         <name>.text:__mspabi_cvtfd</name>
         <load_address>0xee96</load_address>
         <run_address>0xee96</run_address>
         <size>0x6e</size>
         <input_file_ref idref="fl-2b"/>
      </object_component>
      <object_component id="oc-391">
         <name>.text:beatDetectorGetRate</name>
         <load_address>0xef04</load_address>
         <run_address>0xef04</run_address>
         <size>0x6c</size>
         <input_file_ref idref="fl-2"/>
      </object_component>
      <object_component id="oc-457">
         <name>.text</name>
         <load_address>0xef70</load_address>
         <run_address>0xef70</run_address>
         <size>0x68</size>
         <input_file_ref idref="fl-3e"/>
      </object_component>
      <object_component id="oc-385">
         <name>.text:sendInt</name>
         <load_address>0xefd8</load_address>
         <run_address>0xefd8</run_address>
         <size>0x68</size>
         <input_file_ref idref="fl-2"/>
      </object_component>
      <object_component id="oc-397">
         <name>.text:sendFloat</name>
         <load_address>0xf040</load_address>
         <run_address>0xf040</run_address>
         <size>0x64</size>
         <input_file_ref idref="fl-2"/>
      </object_component>
      <object_component id="oc-36d">
         <name>.text:pulseOxBegin</name>
         <load_address>0xf0a4</load_address>
         <run_address>0xf0a4</run_address>
         <size>0x52</size>
         <input_file_ref idref="fl-2"/>
      </object_component>
      <object_component id="oc-545">
         <name>.text:I2C_Master_WriteReg</name>
         <load_address>0xf0f6</load_address>
         <run_address>0xf0f6</run_address>
         <size>0x4c</size>
         <input_file_ref idref="fl-2"/>
      </object_component>
      <object_component id="oc-434">
         <name>.text</name>
         <load_address>0xf142</load_address>
         <run_address>0xf142</run_address>
         <size>0x4a</size>
         <input_file_ref idref="fl-39"/>
      </object_component>
      <object_component id="oc-54c">
         <name>.text:I2C_Master_ReadReg</name>
         <load_address>0xf18c</load_address>
         <run_address>0xf18c</run_address>
         <size>0x40</size>
         <input_file_ref idref="fl-2"/>
      </object_component>
      <object_component id="oc-2b1">
         <name>.text:__memcpy_far</name>
         <load_address>0xf1cc</load_address>
         <run_address>0xf1cc</run_address>
         <size>0x40</size>
         <input_file_ref idref="fl-29"/>
      </object_component>
      <object_component id="oc-86">
         <name>.text:decompress:ZI:__TI_zero_init</name>
         <load_address>0xf20c</load_address>
         <run_address>0xf20c</run_address>
         <size>0x3e</size>
         <input_file_ref idref="fl-28"/>
      </object_component>
      <object_component id="oc-506">
         <name>.text:l_asr_const</name>
         <load_address>0xf24a</load_address>
         <run_address>0xf24a</run_address>
         <size>0x3e</size>
         <input_file_ref idref="fl-66"/>
      </object_component>
      <object_component id="oc-526">
         <name>.text:l_lsl_const</name>
         <load_address>0xf288</load_address>
         <run_address>0xf288</run_address>
         <size>0x3e</size>
         <input_file_ref idref="fl-52"/>
      </object_component>
      <object_component id="oc-596">
         <name>.text:l_lsr_const</name>
         <load_address>0xf2c6</load_address>
         <run_address>0xf2c6</run_address>
         <size>0x3e</size>
         <input_file_ref idref="fl-53"/>
      </object_component>
      <object_component id="oc-6e">
         <name>.text:decompress:none:__TI_decompress_none</name>
         <load_address>0xf304</load_address>
         <run_address>0xf304</run_address>
         <size>0x3c</size>
         <input_file_ref idref="fl-27"/>
      </object_component>
      <object_component id="oc-4d1">
         <name>.text:dcStepIr</name>
         <load_address>0xf340</load_address>
         <run_address>0xf340</run_address>
         <size>0x3a</size>
         <input_file_ref idref="fl-2"/>
      </object_component>
      <object_component id="oc-4d7">
         <name>.text:dcStepRed</name>
         <load_address>0xf37a</load_address>
         <run_address>0xf37a</run_address>
         <size>0x3a</size>
         <input_file_ref idref="fl-2"/>
      </object_component>
      <object_component id="oc-354">
         <name>.text:initClockTo16MHz</name>
         <load_address>0xf3b4</load_address>
         <run_address>0xf3b4</run_address>
         <size>0x38</size>
         <input_file_ref idref="fl-2"/>
      </object_component>
      <object_component id="oc-5ae">
         <name>.text:minit</name>
         <load_address>0xf3ec</load_address>
         <run_address>0xf3ec</run_address>
         <size>0x38</size>
         <input_file_ref idref="fl-56"/>
      </object_component>
      <object_component id="oc-45c">
         <name>.text</name>
         <load_address>0xf424</load_address>
         <run_address>0xf424</run_address>
         <size>0x36</size>
         <input_file_ref idref="fl-3b"/>
      </object_component>
      <object_component id="oc-57f">
         <name>.text</name>
         <load_address>0xf45a</load_address>
         <run_address>0xf45a</run_address>
         <size>0x32</size>
         <input_file_ref idref="fl-3f"/>
      </object_component>
      <object_component id="oc-5c9">
         <name>.text:__mspabi_subd</name>
         <load_address>0xf48c</load_address>
         <run_address>0xf48c</run_address>
         <size>0x2e</size>
         <input_file_ref idref="fl-63"/>
      </object_component>
      <object_component id="oc-4ba">
         <name>.text:readRegister</name>
         <load_address>0xf4ba</load_address>
         <run_address>0xf4ba</run_address>
         <size>0x2e</size>
         <input_file_ref idref="fl-2"/>
      </object_component>
      <object_component id="oc-49e">
         <name>.text:setHighresModeEnabled</name>
         <load_address>0xf4e8</load_address>
         <run_address>0xf4e8</run_address>
         <size>0x2e</size>
         <input_file_ref idref="fl-2"/>
      </object_component>
      <object_component id="oc-4c6">
         <name>.text</name>
         <load_address>0xf516</load_address>
         <run_address>0xf516</run_address>
         <size>0x2c</size>
         <input_file_ref idref="fl-2c"/>
      </object_component>
      <object_component id="oc-4a5">
         <name>.text:calloc</name>
         <load_address>0xf542</load_address>
         <run_address>0xf542</run_address>
         <size>0x2a</size>
         <input_file_ref idref="fl-56"/>
      </object_component>
      <object_component id="oc-4af">
         <name>.text:writeRegister</name>
         <load_address>0xf56c</load_address>
         <run_address>0xf56c</run_address>
         <size>0x2a</size>
         <input_file_ref idref="fl-2"/>
      </object_component>
      <object_component id="oc-35a">
         <name>.text:initGPIO</name>
         <load_address>0xf596</load_address>
         <run_address>0xf596</run_address>
         <size>0x24</size>
         <input_file_ref idref="fl-2"/>
      </object_component>
      <object_component id="oc-4cc">
         <name>.text</name>
         <load_address>0xf5ba</load_address>
         <run_address>0xf5ba</run_address>
         <size>0x24</size>
         <input_file_ref idref="fl-40"/>
      </object_component>
      <object_component id="oc-59b">
         <name>.text</name>
         <load_address>0xf5de</load_address>
         <run_address>0xf5de</run_address>
         <size>0x24</size>
         <input_file_ref idref="fl-5f"/>
      </object_component>
      <object_component id="oc-498">
         <name>.text:setSamplingRate</name>
         <load_address>0xf602</load_address>
         <run_address>0xf602</run_address>
         <size>0x24</size>
         <input_file_ref idref="fl-2"/>
      </object_component>
      <object_component id="oc-360">
         <name>.text:initI2C</name>
         <load_address>0xf626</load_address>
         <run_address>0xf626</run_address>
         <size>0x22</size>
         <input_file_ref idref="fl-2"/>
      </object_component>
      <object_component id="oc-419">
         <name>.text:setDCAlpha</name>
         <load_address>0xf648</load_address>
         <run_address>0xf648</run_address>
         <size>0x22</size>
         <input_file_ref idref="fl-2"/>
      </object_component>
      <object_component id="oc-492">
         <name>.text:setLedsPulseWidth</name>
         <load_address>0xf66a</load_address>
         <run_address>0xf66a</run_address>
         <size>0x20</size>
         <input_file_ref idref="fl-2"/>
      </object_component>
      <object_component id="oc-4e9">
         <name>.text:spO2CalcReset</name>
         <load_address>0xf68a</load_address>
         <run_address>0xf68a</run_address>
         <size>0x20</size>
         <input_file_ref idref="fl-2"/>
      </object_component>
      <object_component id="oc-366">
         <name>.text:initUart</name>
         <load_address>0xf6aa</load_address>
         <run_address>0xf6aa</run_address>
         <size>0x1e</size>
         <input_file_ref idref="fl-2"/>
      </object_component>
      <object_component id="oc-a4">
         <name>.text:_isr:_c_int00_noargs_noexit</name>
         <load_address>0xf6c8</load_address>
         <run_address>0xf6c8</run_address>
         <size>0x1a</size>
         <input_file_ref idref="fl-25"/>
      </object_component>
      <object_component id="oc-3cc">
         <name>.text</name>
         <load_address>0xf6e2</load_address>
         <run_address>0xf6e2</run_address>
         <size>0x18</size>
         <input_file_ref idref="fl-5c"/>
      </object_component>
      <object_component id="oc-4c0">
         <name>.text:burstRead</name>
         <load_address>0xf6fa</load_address>
         <run_address>0xf6fa</run_address>
         <size>0x16</size>
         <input_file_ref idref="fl-2"/>
      </object_component>
      <object_component id="oc-55a">
         <name>.text</name>
         <load_address>0xf710</load_address>
         <run_address>0xf710</run_address>
         <size>0x16</size>
         <input_file_ref idref="fl-2d"/>
      </object_component>
      <object_component id="oc-53f">
         <name>.text:memset</name>
         <load_address>0xf726</load_address>
         <run_address>0xf726</run_address>
         <size>0x14</size>
         <input_file_ref idref="fl-57"/>
      </object_component>
      <object_component id="oc-571">
         <name>.text:millis</name>
         <load_address>0xf73a</load_address>
         <run_address>0xf73a</run_address>
         <size>0x14</size>
         <input_file_ref idref="fl-2"/>
      </object_component>
      <object_component id="oc-552">
         <name>.text:CopyArray</name>
         <load_address>0xf74e</load_address>
         <run_address>0xf74e</run_address>
         <size>0x12</size>
         <input_file_ref idref="fl-2"/>
      </object_component>
      <object_component id="oc-3d1">
         <name>.text:memcpy</name>
         <load_address>0xf760</load_address>
         <run_address>0xf760</run_address>
         <size>0x12</size>
         <input_file_ref idref="fl-55"/>
      </object_component>
      <object_component id="oc-379">
         <name>.text:sendString</name>
         <load_address>0xf772</load_address>
         <run_address>0xf772</run_address>
         <size>0x12</size>
         <input_file_ref idref="fl-2"/>
      </object_component>
      <object_component id="oc-600">
         <name>.text:l_asr</name>
         <load_address>0xf784</load_address>
         <run_address>0xf784</run_address>
         <size>0x10</size>
         <input_file_ref idref="fl-66"/>
      </object_component>
      <object_component id="oc-5f6">
         <name>.text:l_lsl</name>
         <load_address>0xf794</load_address>
         <run_address>0xf794</run_address>
         <size>0x10</size>
         <input_file_ref idref="fl-52"/>
      </object_component>
      <object_component id="oc-5fb">
         <name>.text:l_lsr</name>
         <load_address>0xf7a4</load_address>
         <run_address>0xf7a4</run_address>
         <size>0x10</size>
         <input_file_ref idref="fl-53"/>
      </object_component>
      <object_component id="oc-38b">
         <name>.text:sendData</name>
         <load_address>0xf7b4</load_address>
         <run_address>0xf7b4</run_address>
         <size>0xe</size>
         <input_file_ref idref="fl-2"/>
      </object_component>
      <object_component id="oc-413">
         <name>.text:setLedsCurrent</name>
         <load_address>0xf7c2</load_address>
         <run_address>0xf7c2</run_address>
         <size>0xe</size>
         <input_file_ref idref="fl-2"/>
      </object_component>
      <object_component id="oc-34e">
         <name>.text:initWDT</name>
         <load_address>0xf7d0</load_address>
         <run_address>0xf7d0</run_address>
         <size>0xc</size>
         <input_file_ref idref="fl-2"/>
      </object_component>
      <object_component id="oc-2c8">
         <name>.text:_isr:WDT_ISR</name>
         <load_address>0xf7dc</load_address>
         <run_address>0xf7dc</run_address>
         <size>0xa</size>
         <input_file_ref idref="fl-2"/>
      </object_component>
      <object_component id="oc-4f5">
         <name>.text:beatDetectorGetCurrentThreshold</name>
         <load_address>0xf7e6</load_address>
         <run_address>0xf7e6</run_address>
         <size>0xa</size>
         <input_file_ref idref="fl-2"/>
      </object_component>
      <object_component id="oc-452">
         <name>.text</name>
         <load_address>0xf7f0</load_address>
         <run_address>0xf7f0</run_address>
         <size>0xa</size>
         <input_file_ref idref="fl-3d"/>
      </object_component>
      <object_component id="oc-40d">
         <name>.text:setMode</name>
         <load_address>0xf7fa</load_address>
         <run_address>0xf7fa</run_address>
         <size>0xa</size>
         <input_file_ref idref="fl-2"/>
      </object_component>
      <object_component id="oc-2bd">
         <name>.text:_isr:__TI_ISR_TRAP</name>
         <load_address>0xf804</load_address>
         <run_address>0xf804</run_address>
         <size>0x8</size>
         <input_file_ref idref="fl-51"/>
      </object_component>
      <object_component id="oc-373">
         <name>.text:pulseOxUpdate</name>
         <load_address>0xf80c</load_address>
         <run_address>0xf80c</run_address>
         <size>0x8</size>
         <input_file_ref idref="fl-2"/>
      </object_component>
      <object_component id="oc-2fc">
         <name>.text:abort</name>
         <load_address>0xf814</load_address>
         <run_address>0xf814</run_address>
         <size>0x6</size>
         <input_file_ref idref="fl-31"/>
      </object_component>
      <object_component id="oc-48c">
         <name>.text:getPartId</name>
         <load_address>0xf81a</load_address>
         <run_address>0xf81a</run_address>
         <size>0x6</size>
         <input_file_ref idref="fl-2"/>
      </object_component>
      <object_component id="oc-37f">
         <name>.text:spO2CalcGetSpO2</name>
         <load_address>0xf820</load_address>
         <run_address>0xf820</run_address>
         <size>0x6</size>
         <input_file_ref idref="fl-2"/>
      </object_component>
      <object_component id="oc-2d4">
         <name>.text:_system_pre_init</name>
         <load_address>0xf826</load_address>
         <run_address>0xf826</run_address>
         <size>0x4</size>
         <input_file_ref idref="fl-61"/>
      </object_component>
      <object_component id="oc-3ef">
         <name>.text:_nop</name>
         <load_address>0xf82a</load_address>
         <run_address>0xf82a</run_address>
         <size>0x2</size>
         <input_file_ref idref="fl-64"/>
      </object_component>
      <object_component id="oc-32d">
         <name>.text:_system_post_cinit</name>
         <load_address>0xf82c</load_address>
         <run_address>0xf82c</run_address>
         <size>0x2</size>
         <input_file_ref idref="fl-6b"/>
      </object_component>
      <object_component id="oc-5b4">
         <name>.bss</name>
         <uninitialized>true</uninitialized>
         <run_address>0x2190</run_address>
         <size>0x6</size>
         <input_file_ref idref="fl-56"/>
      </object_component>
      <object_component id="oc-4a4">
         <name>.common:redBuffer</name>
         <uninitialized>true</uninitialized>
         <run_address>0x2180</run_address>
         <size>0x8</size>
      </object_component>
      <object_component id="oc-4ab">
         <name>.common:irBuffer</name>
         <uninitialized>true</uninitialized>
         <run_address>0x2178</run_address>
         <size>0x8</size>
      </object_component>
      <object_component id="oc-4ac">
         <name>.common:redBuffer_ptr</name>
         <uninitialized>true</uninitialized>
         <run_address>0x21a6</run_address>
         <size>0x2</size>
      </object_component>
      <object_component id="oc-4ad">
         <name>.common:irBuffer_ptr</name>
         <uninitialized>true</uninitialized>
         <run_address>0x21a4</run_address>
         <size>0x2</size>
      </object_component>
      <object_component id="oc-563">
         <name>.common:v</name>
         <uninitialized>true</uninitialized>
         <run_address>0x2188</run_address>
         <size>0x8</size>
      </object_component>
      <object_component id="oc-4b7">
         <name>.common:alphaRed</name>
         <uninitialized>true</uninitialized>
         <run_address>0x219a</run_address>
         <size>0x4</size>
      </object_component>
      <object_component id="oc-4b8">
         <name>.common:alphaIr</name>
         <uninitialized>true</uninitialized>
         <run_address>0x2196</run_address>
         <size>0x4</size>
      </object_component>
      <object_component id="oc-406">
         <name>.common:debuggingMode</name>
         <uninitialized>true</uninitialized>
         <run_address>0x21a2</run_address>
         <size>0x2</size>
      </object_component>
      <object_component id="oc-4fb">
         <name>.common:onBeatDetected</name>
         <uninitialized>true</uninitialized>
         <run_address>0x219e</run_address>
         <size>0x4</size>
      </object_component>
      <object_component id="oc-316">
         <name>.data</name>
         <load_address>0x2000</load_address>
         <run_address>0x2000</run_address>
         <size>0x4c</size>
         <input_file_ref idref="fl-2"/>
      </object_component>
      <object_component id="oc-31c">
         <name>.data:ReceiveBuffer</name>
         <load_address>0x204c</load_address>
         <run_address>0x204c</run_address>
         <size>0x40</size>
         <input_file_ref idref="fl-2"/>
      </object_component>
      <object_component id="oc-319">
         <name>.data:TransmitBuffer</name>
         <load_address>0x208c</load_address>
         <run_address>0x208c</run_address>
         <size>0x40</size>
         <input_file_ref idref="fl-2"/>
      </object_component>
      <object_component id="oc-5d2">
         <name>.data</name>
         <load_address>0x20d4</load_address>
         <run_address>0x20d4</run_address>
         <size>0x2</size>
         <input_file_ref idref="fl-30"/>
      </object_component>
      <object_component id="oc-5ab">
         <name>.data</name>
         <load_address>0x20d6</load_address>
         <run_address>0x20d6</run_address>
         <size>0x2</size>
         <input_file_ref idref="fl-56"/>
      </object_component>
      <object_component id="oc-33f">
         <name>.data:_lock</name>
         <load_address>0x20cc</load_address>
         <run_address>0x20cc</run_address>
         <size>0x4</size>
         <input_file_ref idref="fl-64"/>
      </object_component>
      <object_component id="oc-348">
         <name>.data:_unlock</name>
         <load_address>0x20d0</load_address>
         <run_address>0x20d0</run_address>
         <size>0x4</size>
         <input_file_ref idref="fl-64"/>
      </object_component>
      <object_component id="oc-2a3">
         <name>.sysmem</name>
         <uninitialized>true</uninitialized>
         <run_address>0x20d8</run_address>
         <size>0x4</size>
         <input_file_ref idref="fl-56"/>
      </object_component>
      <object_component id="oc-687">
         <name>.sysmem</name>
         <uninitialized>true</uninitialized>
         <run_address>0x20d8</run_address>
         <size>0x0</size>
      </object_component>
      <object_component id="oc-29f">
         <name>.stack</name>
         <uninitialized>true</uninitialized>
         <run_address>0x2f60</run_address>
         <size>0x2</size>
         <input_file_ref idref="fl-24"/>
      </object_component>
      <object_component id="oc-686">
         <name>.stack</name>
         <uninitialized>true</uninitialized>
         <run_address>0x2f60</run_address>
         <size>0x0</size>
      </object_component>
      <object_component id="oc-74">
         <name>.int41</name>
         <load_address>0xffda</load_address>
         <run_address>0xffda</run_address>
         <size>0x2</size>
         <input_file_ref idref="fl-41"/>
      </object_component>
      <object_component id="oc-75">
         <name>.int42</name>
         <load_address>0xffdc</load_address>
         <run_address>0xffdc</run_address>
         <size>0x2</size>
         <input_file_ref idref="fl-42"/>
      </object_component>
      <object_component id="oc-76">
         <name>.int43</name>
         <load_address>0xffde</load_address>
         <run_address>0xffde</run_address>
         <size>0x2</size>
         <input_file_ref idref="fl-43"/>
      </object_component>
      <object_component id="oc-77">
         <name>.int44</name>
         <load_address>0xffe0</load_address>
         <run_address>0xffe0</run_address>
         <size>0x2</size>
         <input_file_ref idref="fl-2"/>
      </object_component>
      <object_component id="oc-78">
         <name>.int45</name>
         <load_address>0xffe2</load_address>
         <run_address>0xffe2</run_address>
         <size>0x2</size>
         <input_file_ref idref="fl-44"/>
      </object_component>
      <object_component id="oc-79">
         <name>.int46</name>
         <load_address>0xffe4</load_address>
         <run_address>0xffe4</run_address>
         <size>0x2</size>
         <input_file_ref idref="fl-45"/>
      </object_component>
      <object_component id="oc-7a">
         <name>.int47</name>
         <load_address>0xffe6</load_address>
         <run_address>0xffe6</run_address>
         <size>0x2</size>
         <input_file_ref idref="fl-2"/>
      </object_component>
      <object_component id="oc-7b">
         <name>.int48</name>
         <load_address>0xffe8</load_address>
         <run_address>0xffe8</run_address>
         <size>0x2</size>
         <input_file_ref idref="fl-46"/>
      </object_component>
      <object_component id="oc-7c">
         <name>.int49</name>
         <load_address>0xffea</load_address>
         <run_address>0xffea</run_address>
         <size>0x2</size>
         <input_file_ref idref="fl-47"/>
      </object_component>
      <object_component id="oc-7d">
         <name>.int50</name>
         <load_address>0xffec</load_address>
         <run_address>0xffec</run_address>
         <size>0x2</size>
         <input_file_ref idref="fl-48"/>
      </object_component>
      <object_component id="oc-7e">
         <name>.int51</name>
         <load_address>0xffee</load_address>
         <run_address>0xffee</run_address>
         <size>0x2</size>
         <input_file_ref idref="fl-49"/>
      </object_component>
      <object_component id="oc-7f">
         <name>.int52</name>
         <load_address>0xfff0</load_address>
         <run_address>0xfff0</run_address>
         <size>0x2</size>
         <input_file_ref idref="fl-4a"/>
      </object_component>
      <object_component id="oc-80">
         <name>.int53</name>
         <load_address>0xfff2</load_address>
         <run_address>0xfff2</run_address>
         <size>0x2</size>
         <input_file_ref idref="fl-4b"/>
      </object_component>
      <object_component id="oc-81">
         <name>.int54</name>
         <load_address>0xfff4</load_address>
         <run_address>0xfff4</run_address>
         <size>0x2</size>
         <input_file_ref idref="fl-4c"/>
      </object_component>
      <object_component id="oc-82">
         <name>.int55</name>
         <load_address>0xfff6</load_address>
         <run_address>0xfff6</run_address>
         <size>0x2</size>
         <input_file_ref idref="fl-4d"/>
      </object_component>
      <object_component id="oc-83">
         <name>.int56</name>
         <load_address>0xfff8</load_address>
         <run_address>0xfff8</run_address>
         <size>0x2</size>
         <input_file_ref idref="fl-4e"/>
      </object_component>
      <object_component id="oc-84">
         <name>.int57</name>
         <load_address>0xfffa</load_address>
         <run_address>0xfffa</run_address>
         <size>0x2</size>
         <input_file_ref idref="fl-4f"/>
      </object_component>
      <object_component id="oc-85">
         <name>.int58</name>
         <load_address>0xfffc</load_address>
         <run_address>0xfffc</run_address>
         <size>0x2</size>
         <input_file_ref idref="fl-50"/>
      </object_component>
      <object_component id="oc-2a2">
         <name>.reset</name>
         <load_address>0xfffe</load_address>
         <run_address>0xfffe</run_address>
         <size>0x2</size>
         <input_file_ref idref="fl-24"/>
      </object_component>
      <object_component id="oc-3c8">
         <name>.debug_info</name>
         <load_address>0x0</load_address>
         <run_address>0x0</run_address>
         <size>0x968</size>
         <input_file_ref idref="fl-2"/>
      </object_component>
      <object_component id="oc-317">
         <name>.debug_info</name>
         <load_address>0x968</load_address>
         <run_address>0x968</run_address>
         <size>0x4bc</size>
         <input_file_ref idref="fl-2"/>
      </object_component>
      <object_component id="oc-31d">
         <name>.debug_info</name>
         <load_address>0xe24</load_address>
         <run_address>0xe24</run_address>
         <size>0xc1</size>
         <input_file_ref idref="fl-2"/>
      </object_component>
      <object_component id="oc-31a">
         <name>.debug_info</name>
         <load_address>0xee5</load_address>
         <run_address>0xee5</run_address>
         <size>0xc3</size>
         <input_file_ref idref="fl-2"/>
      </object_component>
      <object_component id="oc-590">
         <name>.debug_info</name>
         <load_address>0xfa8</load_address>
         <run_address>0xfa8</run_address>
         <size>0xb5</size>
         <input_file_ref idref="fl-2"/>
      </object_component>
      <object_component id="oc-430">
         <name>.debug_info</name>
         <load_address>0x105d</load_address>
         <run_address>0x105d</run_address>
         <size>0xb4</size>
         <input_file_ref idref="fl-2"/>
      </object_component>
      <object_component id="oc-553">
         <name>.debug_info</name>
         <load_address>0x1111</load_address>
         <run_address>0x1111</run_address>
         <size>0x12d</size>
         <input_file_ref idref="fl-2"/>
      </object_component>
      <object_component id="oc-546">
         <name>.debug_info</name>
         <load_address>0x123e</load_address>
         <run_address>0x123e</run_address>
         <size>0x1ac</size>
         <input_file_ref idref="fl-2"/>
      </object_component>
      <object_component id="oc-4b0">
         <name>.debug_info</name>
         <load_address>0x13ea</load_address>
         <run_address>0x13ea</run_address>
         <size>0x182</size>
         <input_file_ref idref="fl-2"/>
      </object_component>
      <object_component id="oc-54d">
         <name>.debug_info</name>
         <load_address>0x156c</load_address>
         <run_address>0x156c</run_address>
         <size>0x181</size>
         <input_file_ref idref="fl-2"/>
      </object_component>
      <object_component id="oc-4bb">
         <name>.debug_info</name>
         <load_address>0x16ed</load_address>
         <run_address>0x16ed</run_address>
         <size>0x16f</size>
         <input_file_ref idref="fl-2"/>
      </object_component>
      <object_component id="oc-4c1">
         <name>.debug_info</name>
         <load_address>0x185c</load_address>
         <run_address>0x185c</run_address>
         <size>0x18c</size>
         <input_file_ref idref="fl-2"/>
      </object_component>
      <object_component id="oc-421">
         <name>.debug_info</name>
         <load_address>0x19e8</load_address>
         <run_address>0x19e8</run_address>
         <size>0x1bb</size>
         <input_file_ref idref="fl-2"/>
      </object_component>
      <object_component id="oc-4ea">
         <name>.debug_info</name>
         <load_address>0x1ba3</load_address>
         <run_address>0x1ba3</run_address>
         <size>0x111</size>
         <input_file_ref idref="fl-2"/>
      </object_component>
      <object_component id="oc-4f0">
         <name>.debug_info</name>
         <load_address>0x1cb4</load_address>
         <run_address>0x1cb4</run_address>
         <size>0x392</size>
         <input_file_ref idref="fl-2"/>
      </object_component>
      <object_component id="oc-380">
         <name>.debug_info</name>
         <load_address>0x2046</load_address>
         <run_address>0x2046</run_address>
         <size>0x119</size>
         <input_file_ref idref="fl-2"/>
      </object_component>
      <object_component id="oc-499">
         <name>.debug_info</name>
         <load_address>0x215f</load_address>
         <run_address>0x215f</run_address>
         <size>0x160</size>
         <input_file_ref idref="fl-2"/>
      </object_component>
      <object_component id="oc-40e">
         <name>.debug_info</name>
         <load_address>0x22bf</load_address>
         <run_address>0x22bf</run_address>
         <size>0x118</size>
         <input_file_ref idref="fl-2"/>
      </object_component>
      <object_component id="oc-493">
         <name>.debug_info</name>
         <load_address>0x23d7</load_address>
         <run_address>0x23d7</run_address>
         <size>0x168</size>
         <input_file_ref idref="fl-2"/>
      </object_component>
      <object_component id="oc-414">
         <name>.debug_info</name>
         <load_address>0x253f</load_address>
         <run_address>0x253f</run_address>
         <size>0x169</size>
         <input_file_ref idref="fl-2"/>
      </object_component>
      <object_component id="oc-49f">
         <name>.debug_info</name>
         <load_address>0x26a8</load_address>
         <run_address>0x26a8</run_address>
         <size>0x171</size>
         <input_file_ref idref="fl-2"/>
      </object_component>
      <object_component id="oc-41a">
         <name>.debug_info</name>
         <load_address>0x2819</load_address>
         <run_address>0x2819</run_address>
         <size>0x14d</size>
         <input_file_ref idref="fl-2"/>
      </object_component>
      <object_component id="oc-38c">
         <name>.debug_info</name>
         <load_address>0x2966</load_address>
         <run_address>0x2966</run_address>
         <size>0xfd</size>
         <input_file_ref idref="fl-2"/>
      </object_component>
      <object_component id="oc-37a">
         <name>.debug_info</name>
         <load_address>0x2a63</load_address>
         <run_address>0x2a63</run_address>
         <size>0x109</size>
         <input_file_ref idref="fl-2"/>
      </object_component>
      <object_component id="oc-386">
         <name>.debug_info</name>
         <load_address>0x2b6c</load_address>
         <run_address>0x2b6c</run_address>
         <size>0x170</size>
         <input_file_ref idref="fl-2"/>
      </object_component>
      <object_component id="oc-398">
         <name>.debug_info</name>
         <load_address>0x2cdc</load_address>
         <run_address>0x2cdc</run_address>
         <size>0x1d2</size>
         <input_file_ref idref="fl-2"/>
      </object_component>
      <object_component id="oc-4fd">
         <name>.debug_info</name>
         <load_address>0x2eae</load_address>
         <run_address>0x2eae</run_address>
         <size>0x155</size>
         <input_file_ref idref="fl-2"/>
      </object_component>
      <object_component id="oc-4d2">
         <name>.debug_info</name>
         <load_address>0x3003</load_address>
         <run_address>0x3003</run_address>
         <size>0x17f</size>
         <input_file_ref idref="fl-2"/>
      </object_component>
      <object_component id="oc-4d8">
         <name>.debug_info</name>
         <load_address>0x3182</load_address>
         <run_address>0x3182</run_address>
         <size>0x187</size>
         <input_file_ref idref="fl-2"/>
      </object_component>
      <object_component id="oc-4de">
         <name>.debug_info</name>
         <load_address>0x3309</load_address>
         <run_address>0x3309</run_address>
         <size>0x1aa</size>
         <input_file_ref idref="fl-2"/>
      </object_component>
      <object_component id="oc-572">
         <name>.debug_info</name>
         <load_address>0x34b3</load_address>
         <run_address>0x34b3</run_address>
         <size>0x10d</size>
         <input_file_ref idref="fl-2"/>
      </object_component>
      <object_component id="oc-578">
         <name>.debug_info</name>
         <load_address>0x35c0</load_address>
         <run_address>0x35c0</run_address>
         <size>0x236</size>
         <input_file_ref idref="fl-2"/>
      </object_component>
      <object_component id="oc-4e4">
         <name>.debug_info</name>
         <load_address>0x37f6</load_address>
         <run_address>0x37f6</run_address>
         <size>0x336</size>
         <input_file_ref idref="fl-2"/>
      </object_component>
      <object_component id="oc-392">
         <name>.debug_info</name>
         <load_address>0x3b2c</load_address>
         <run_address>0x3b2c</run_address>
         <size>0x197</size>
         <input_file_ref idref="fl-2"/>
      </object_component>
      <object_component id="oc-4f6">
         <name>.debug_info</name>
         <load_address>0x3cc3</load_address>
         <run_address>0x3cc3</run_address>
         <size>0x135</size>
         <input_file_ref idref="fl-2"/>
      </object_component>
      <object_component id="oc-427">
         <name>.debug_info</name>
         <load_address>0x3df8</load_address>
         <run_address>0x3df8</run_address>
         <size>0x413</size>
         <input_file_ref idref="fl-2"/>
      </object_component>
      <object_component id="oc-374">
         <name>.debug_info</name>
         <load_address>0x420b</load_address>
         <run_address>0x420b</run_address>
         <size>0x130</size>
         <input_file_ref idref="fl-2"/>
      </object_component>
      <object_component id="oc-48d">
         <name>.debug_info</name>
         <load_address>0x433b</load_address>
         <run_address>0x433b</run_address>
         <size>0xfd</size>
         <input_file_ref idref="fl-2"/>
      </object_component>
      <object_component id="oc-408">
         <name>.debug_info</name>
         <load_address>0x4438</load_address>
         <run_address>0x4438</run_address>
         <size>0x184</size>
         <input_file_ref idref="fl-2"/>
      </object_component>
      <object_component id="oc-36e">
         <name>.debug_info</name>
         <load_address>0x45bc</load_address>
         <run_address>0x45bc</run_address>
         <size>0x1c3</size>
         <input_file_ref idref="fl-2"/>
      </object_component>
      <object_component id="oc-34f">
         <name>.debug_info</name>
         <load_address>0x477f</load_address>
         <run_address>0x477f</run_address>
         <size>0xe7</size>
         <input_file_ref idref="fl-2"/>
      </object_component>
      <object_component id="oc-355">
         <name>.debug_info</name>
         <load_address>0x4866</load_address>
         <run_address>0x4866</run_address>
         <size>0xf1</size>
         <input_file_ref idref="fl-2"/>
      </object_component>
      <object_component id="oc-35b">
         <name>.debug_info</name>
         <load_address>0x4957</load_address>
         <run_address>0x4957</run_address>
         <size>0xe1</size>
         <input_file_ref idref="fl-2"/>
      </object_component>
      <object_component id="oc-361">
         <name>.debug_info</name>
         <load_address>0x4a38</load_address>
         <run_address>0x4a38</run_address>
         <size>0xdd</size>
         <input_file_ref idref="fl-2"/>
      </object_component>
      <object_component id="oc-367">
         <name>.debug_info</name>
         <load_address>0x4b15</load_address>
         <run_address>0x4b15</run_address>
         <size>0xe7</size>
         <input_file_ref idref="fl-2"/>
      </object_component>
      <object_component id="oc-2f5">
         <name>.debug_info</name>
         <load_address>0x4bfc</load_address>
         <run_address>0x4bfc</run_address>
         <size>0x222</size>
         <input_file_ref idref="fl-2"/>
      </object_component>
      <object_component id="oc-2c9">
         <name>.debug_info</name>
         <load_address>0x4e1e</load_address>
         <run_address>0x4e1e</run_address>
         <size>0xe8</size>
         <input_file_ref idref="fl-2"/>
      </object_component>
      <object_component id="oc-2c3">
         <name>.debug_info</name>
         <load_address>0x4f06</load_address>
         <run_address>0x4f06</run_address>
         <size>0xfb</size>
         <input_file_ref idref="fl-2"/>
      </object_component>
      <object_component id="oc-473">
         <name>.debug_info</name>
         <load_address>0x5001</load_address>
         <run_address>0x5001</run_address>
         <size>0x86</size>
         <input_file_ref idref="fl-2"/>
      </object_component>
      <object_component id="oc-478">
         <name>.debug_info</name>
         <load_address>0x5087</load_address>
         <run_address>0x5087</run_address>
         <size>0x110</size>
         <input_file_ref idref="fl-2"/>
      </object_component>
      <object_component id="oc-3b7">
         <name>.debug_info</name>
         <load_address>0x5197</load_address>
         <run_address>0x5197</run_address>
         <size>0x67</size>
         <input_file_ref idref="fl-2"/>
      </object_component>
      <object_component id="oc-3b2">
         <name>.debug_info</name>
         <load_address>0x51fe</load_address>
         <run_address>0x51fe</run_address>
         <size>0x8b</size>
         <input_file_ref idref="fl-2"/>
      </object_component>
      <object_component id="oc-3c1">
         <name>.debug_info</name>
         <load_address>0x5289</load_address>
         <run_address>0x5289</run_address>
         <size>0x199</size>
         <input_file_ref idref="fl-2"/>
      </object_component>
      <object_component id="oc-3bc">
         <name>.debug_info</name>
         <load_address>0x5422</load_address>
         <run_address>0x5422</run_address>
         <size>0x9d</size>
         <input_file_ref idref="fl-2"/>
      </object_component>
      <object_component id="oc-39e">
         <name>.debug_info</name>
         <load_address>0x54bf</load_address>
         <run_address>0x54bf</run_address>
         <size>0x8b</size>
         <input_file_ref idref="fl-2"/>
      </object_component>
      <object_component id="oc-320">
         <name>.debug_info</name>
         <load_address>0x554a</load_address>
         <run_address>0x554a</run_address>
         <size>0x18b</size>
         <input_file_ref idref="fl-2"/>
      </object_component>
      <object_component id="oc-5c5">
         <name>.debug_info</name>
         <load_address>0x56d5</load_address>
         <run_address>0x56d5</run_address>
         <size>0x201</size>
         <input_file_ref idref="fl-23"/>
      </object_component>
      <object_component id="oc-565">
         <name>.debug_info</name>
         <load_address>0x58d6</load_address>
         <run_address>0x58d6</run_address>
         <size>0x227</size>
         <input_file_ref idref="fl-23"/>
      </object_component>
      <object_component id="oc-518">
         <name>.debug_info</name>
         <load_address>0x5afd</load_address>
         <run_address>0x5afd</run_address>
         <size>0x94</size>
         <input_file_ref idref="fl-23"/>
      </object_component>
      <object_component id="oc-2ac">
         <name>.debug_info</name>
         <load_address>0x5b91</load_address>
         <run_address>0x5b91</run_address>
         <size>0x84</size>
         <input_file_ref idref="fl-23"/>
      </object_component>
      <object_component id="oc-2a0">
         <name>.debug_info</name>
         <load_address>0x5c15</load_address>
         <run_address>0x5c15</run_address>
         <size>0xf5</size>
         <input_file_ref idref="fl-24"/>
      </object_component>
      <object_component id="oc-a5">
         <name>.debug_info</name>
         <load_address>0x5d0a</load_address>
         <run_address>0x5d0a</run_address>
         <size>0x196</size>
         <input_file_ref idref="fl-25"/>
      </object_component>
      <object_component id="oc-6c">
         <name>.debug_info</name>
         <load_address>0x5ea0</load_address>
         <run_address>0x5ea0</run_address>
         <size>0x2ad</size>
         <input_file_ref idref="fl-26"/>
      </object_component>
      <object_component id="oc-30d">
         <name>.debug_info</name>
         <load_address>0x614d</load_address>
         <run_address>0x614d</run_address>
         <size>0x46</size>
         <input_file_ref idref="fl-26"/>
      </object_component>
      <object_component id="oc-2a7">
         <name>.debug_info</name>
         <load_address>0x6193</load_address>
         <run_address>0x6193</run_address>
         <size>0x60</size>
         <input_file_ref idref="fl-26"/>
      </object_component>
      <object_component id="oc-2bc">
         <name>.debug_info</name>
         <load_address>0x61f3</load_address>
         <run_address>0x61f3</run_address>
         <size>0x1cf</size>
         <input_file_ref idref="fl-27"/>
      </object_component>
      <object_component id="oc-70">
         <name>.debug_info</name>
         <load_address>0x63c2</load_address>
         <run_address>0x63c2</run_address>
         <size>0x1e7</size>
         <input_file_ref idref="fl-27"/>
      </object_component>
      <object_component id="oc-2b7">
         <name>.debug_info</name>
         <load_address>0x65a9</load_address>
         <run_address>0x65a9</run_address>
         <size>0x46</size>
         <input_file_ref idref="fl-27"/>
      </object_component>
      <object_component id="oc-87">
         <name>.debug_info</name>
         <load_address>0x65ef</load_address>
         <run_address>0x65ef</run_address>
         <size>0x1b6</size>
         <input_file_ref idref="fl-28"/>
      </object_component>
      <object_component id="oc-2cf">
         <name>.debug_info</name>
         <load_address>0x67a5</load_address>
         <run_address>0x67a5</run_address>
         <size>0x46</size>
         <input_file_ref idref="fl-28"/>
      </object_component>
      <object_component id="oc-2b2">
         <name>.debug_info</name>
         <load_address>0x67eb</load_address>
         <run_address>0x67eb</run_address>
         <size>0x119</size>
         <input_file_ref idref="fl-29"/>
      </object_component>
      <object_component id="oc-52c">
         <name>.debug_info</name>
         <load_address>0x6904</load_address>
         <run_address>0x6904</run_address>
         <size>0x1bf</size>
         <input_file_ref idref="fl-2a"/>
      </object_component>
      <object_component id="oc-44e">
         <name>.debug_info</name>
         <load_address>0x6ac3</load_address>
         <run_address>0x6ac3</run_address>
         <size>0x1a0</size>
         <input_file_ref idref="fl-2a"/>
      </object_component>
      <object_component id="oc-50c">
         <name>.debug_info</name>
         <load_address>0x6c63</load_address>
         <run_address>0x6c63</run_address>
         <size>0xdb</size>
         <input_file_ref idref="fl-2a"/>
      </object_component>
      <object_component id="oc-43c">
         <name>.debug_info</name>
         <load_address>0x6d3e</load_address>
         <run_address>0x6d3e</run_address>
         <size>0x17d</size>
         <input_file_ref idref="fl-2b"/>
      </object_component>
      <object_component id="oc-4c9">
         <name>.debug_info</name>
         <load_address>0x6ebb</load_address>
         <run_address>0x6ebb</run_address>
         <size>0x12d</size>
         <input_file_ref idref="fl-2c"/>
      </object_component>
      <object_component id="oc-55c">
         <name>.debug_info</name>
         <load_address>0x6fe8</load_address>
         <run_address>0x6fe8</run_address>
         <size>0x119</size>
         <input_file_ref idref="fl-2d"/>
      </object_component>
      <object_component id="oc-51d">
         <name>.debug_info</name>
         <load_address>0x7101</load_address>
         <run_address>0x7101</run_address>
         <size>0x1fc</size>
         <input_file_ref idref="fl-2e"/>
      </object_component>
      <object_component id="oc-440">
         <name>.debug_info</name>
         <load_address>0x72fd</load_address>
         <run_address>0x72fd</run_address>
         <size>0x247</size>
         <input_file_ref idref="fl-2e"/>
      </object_component>
      <object_component id="oc-58d">
         <name>.debug_info</name>
         <load_address>0x7544</load_address>
         <run_address>0x7544</run_address>
         <size>0x78e</size>
         <input_file_ref idref="fl-2f"/>
      </object_component>
      <object_component id="oc-5e2">
         <name>.debug_info</name>
         <load_address>0x7cd2</load_address>
         <run_address>0x7cd2</run_address>
         <size>0x39</size>
         <input_file_ref idref="fl-2f"/>
      </object_component>
      <object_component id="oc-5d3">
         <name>.debug_info</name>
         <load_address>0x7d0b</load_address>
         <run_address>0x7d0b</run_address>
         <size>0xf3</size>
         <input_file_ref idref="fl-30"/>
      </object_component>
      <object_component id="oc-2fd">
         <name>.debug_info</name>
         <load_address>0x7dfe</load_address>
         <run_address>0x7dfe</run_address>
         <size>0x117</size>
         <input_file_ref idref="fl-31"/>
      </object_component>
      <object_component id="oc-615">
         <name>.debug_info</name>
         <load_address>0x7f15</load_address>
         <run_address>0x7f15</run_address>
         <size>0x1c5</size>
         <input_file_ref idref="fl-34"/>
      </object_component>
      <object_component id="oc-5d7">
         <name>.debug_info</name>
         <load_address>0x80da</load_address>
         <run_address>0x80da</run_address>
         <size>0x1e8</size>
         <input_file_ref idref="fl-34"/>
      </object_component>
      <object_component id="oc-5c7">
         <name>.debug_info</name>
         <load_address>0x82c2</load_address>
         <run_address>0x82c2</run_address>
         <size>0x1c5</size>
         <input_file_ref idref="fl-35"/>
      </object_component>
      <object_component id="oc-56d">
         <name>.debug_info</name>
         <load_address>0x8487</load_address>
         <run_address>0x8487</run_address>
         <size>0x1b6</size>
         <input_file_ref idref="fl-35"/>
      </object_component>
      <object_component id="oc-60c">
         <name>.debug_info</name>
         <load_address>0x863d</load_address>
         <run_address>0x863d</run_address>
         <size>0x1fa</size>
         <input_file_ref idref="fl-36"/>
      </object_component>
      <object_component id="oc-5c1">
         <name>.debug_info</name>
         <load_address>0x8837</load_address>
         <run_address>0x8837</run_address>
         <size>0x2b1</size>
         <input_file_ref idref="fl-36"/>
      </object_component>
      <object_component id="oc-5a1">
         <name>.debug_info</name>
         <load_address>0x8ae8</load_address>
         <run_address>0x8ae8</run_address>
         <size>0x1cc</size>
         <input_file_ref idref="fl-37"/>
      </object_component>
      <object_component id="oc-515">
         <name>.debug_info</name>
         <load_address>0x8cb4</load_address>
         <run_address>0x8cb4</run_address>
         <size>0x5b2</size>
         <input_file_ref idref="fl-37"/>
      </object_component>
      <object_component id="oc-463">
         <name>.debug_info</name>
         <load_address>0x9266</load_address>
         <run_address>0x9266</run_address>
         <size>0x119</size>
         <input_file_ref idref="fl-38"/>
      </object_component>
      <object_component id="oc-437">
         <name>.debug_info</name>
         <load_address>0x937f</load_address>
         <run_address>0x937f</run_address>
         <size>0x125</size>
         <input_file_ref idref="fl-39"/>
      </object_component>
      <object_component id="oc-586">
         <name>.debug_info</name>
         <load_address>0x94a4</load_address>
         <run_address>0x94a4</run_address>
         <size>0x119</size>
         <input_file_ref idref="fl-3a"/>
      </object_component>
      <object_component id="oc-45d">
         <name>.debug_info</name>
         <load_address>0x95bd</load_address>
         <run_address>0x95bd</run_address>
         <size>0x122</size>
         <input_file_ref idref="fl-3b"/>
      </object_component>
      <object_component id="oc-467">
         <name>.debug_info</name>
         <load_address>0x96df</load_address>
         <run_address>0x96df</run_address>
         <size>0x119</size>
         <input_file_ref idref="fl-3c"/>
      </object_component>
      <object_component id="oc-454">
         <name>.debug_info</name>
         <load_address>0x97f8</load_address>
         <run_address>0x97f8</run_address>
         <size>0x119</size>
         <input_file_ref idref="fl-3d"/>
      </object_component>
      <object_component id="oc-45a">
         <name>.debug_info</name>
         <load_address>0x9911</load_address>
         <run_address>0x9911</run_address>
         <size>0x12d</size>
         <input_file_ref idref="fl-3e"/>
      </object_component>
      <object_component id="oc-581">
         <name>.debug_info</name>
         <load_address>0x9a3e</load_address>
         <run_address>0x9a3e</run_address>
         <size>0x11f</size>
         <input_file_ref idref="fl-3f"/>
      </object_component>
      <object_component id="oc-4cf">
         <name>.debug_info</name>
         <load_address>0x9b5d</load_address>
         <run_address>0x9b5d</run_address>
         <size>0x11c</size>
         <input_file_ref idref="fl-40"/>
      </object_component>
      <object_component id="oc-2be">
         <name>.debug_info</name>
         <load_address>0x9c79</load_address>
         <run_address>0x9c79</run_address>
         <size>0x107</size>
         <input_file_ref idref="fl-51"/>
      </object_component>
      <object_component id="oc-5f7">
         <name>.debug_info</name>
         <load_address>0x9d80</load_address>
         <run_address>0x9d80</run_address>
         <size>0x118</size>
         <input_file_ref idref="fl-52"/>
      </object_component>
      <object_component id="oc-527">
         <name>.debug_info</name>
         <load_address>0x9e98</load_address>
         <run_address>0x9e98</run_address>
         <size>0x11e</size>
         <input_file_ref idref="fl-52"/>
      </object_component>
      <object_component id="oc-5fc">
         <name>.debug_info</name>
         <load_address>0x9fb6</load_address>
         <run_address>0x9fb6</run_address>
         <size>0x118</size>
         <input_file_ref idref="fl-53"/>
      </object_component>
      <object_component id="oc-597">
         <name>.debug_info</name>
         <load_address>0xa0ce</load_address>
         <run_address>0xa0ce</run_address>
         <size>0x11e</size>
         <input_file_ref idref="fl-53"/>
      </object_component>
      <object_component id="oc-47f">
         <name>.debug_info</name>
         <load_address>0xa1ec</load_address>
[...]
         <object_component_ref idref="oc-4e3"/>
      </symbol>
      <symbol id="sm-468">
         <name>beatDetectorGetCurrentThreshold</name>
         <value>0xf7e6</value>
         <object_component_ref idref="oc-4f5"/>
      </symbol>
      <symbol id="sm-469">
         <name>RXByteCtr</name>
         <value>0x2003</value>
         <object_component_ref idref="oc-316"/>
      </symbol>
      <symbol id="sm-46a">
         <name>spO2</name>
         <value>0x2030</value>
         <object_component_ref idref="oc-316"/>
      </symbol>
      <symbol id="sm-46b">
         <name>tsLastBeatDetected</name>
         <value>0x203c</value>
         <object_component_ref idref="oc-316"/>
      </symbol>
      <symbol id="sm-497">
         <name>__mspabi_addd</name>
         <value>0xd088</value>
         <object_component_ref idref="oc-564"/>
      </symbol>
      <symbol id="sm-49f">
         <name>_stack</name>
         <value>0x2f60</value>
         <object_component_ref idref="oc-29f"/>
      </symbol>
      <symbol id="sm-4a0">
         <name>_reset_vector</name>
         <value>0xfffe</value>
         <object_component_ref idref="oc-2a2"/>
      </symbol>
      <symbol id="sm-4aa">
         <name>_c_int00_noargs_noexit</name>
         <value>0xf6c8</value>
         <object_component_ref idref="oc-a4"/>
      </symbol>
      <symbol id="sm-4c6">
         <name>__TI_decompress_lzss</name>
         <value>0xe438</value>
         <object_component_ref idref="oc-68"/>
      </symbol>
      <symbol id="sm-4d7">
         <name>__TI_decompress_none</name>
         <value>0xf304</value>
         <object_component_ref idref="oc-6e"/>
      </symbol>
      <symbol id="sm-4e7">
         <name>__TI_zero_init</name>
         <value>0xf20c</value>
         <object_component_ref idref="oc-86"/>
      </symbol>
      <symbol id="sm-4f2">
         <name>__memcpy_far</name>
         <value>0xf1cc</value>
         <object_component_ref idref="oc-2b1"/>
      </symbol>
      <symbol id="sm-50a">
         <name>__mspabi_cvtdf</name>
         <value>0xec92</value>
         <object_component_ref idref="oc-44b"/>
      </symbol>
      <symbol id="sm-518">
         <name>__mspabi_cvtfd</name>
         <value>0xee96</value>
         <object_component_ref idref="oc-439"/>
      </symbol>
      <symbol id="sm-524">
         <name>__mspabi_remi</name>
         <value>0xf516</value>
         <object_component_ref idref="oc-4c6"/>
      </symbol>
      <symbol id="sm-525">
         <name>__mspabi_divi</name>
         <value>0xf516</value>
         <object_component_ref idref="oc-4c6"/>
      </symbol>
      <symbol id="sm-52f">
         <name>__mspabi_remu</name>
         <value>0xf710</value>
         <object_component_ref idref="oc-55a"/>
      </symbol>
      <symbol id="sm-530">
         <name>__mspabi_divu</name>
         <value>0xf710</value>
         <object_component_ref idref="oc-55a"/>
      </symbol>
      <symbol id="sm-551">
         <name>__mspabi_divd</name>
         <value>0xdab6</value>
         <object_component_ref idref="oc-43f"/>
      </symbol>
      <symbol id="sm-58a">
         <name>log</name>
         <value>0xc5d6</value>
         <object_component_ref idref="oc-589"/>
      </symbol>
      <symbol id="sm-58b">
         <name>logl</name>
         <value>0xc5d6</value>
         <object_component_ref idref="oc-589"/>
      </symbol>
      <symbol id="sm-592">
         <name>errno</name>
         <value>0x20d4</value>
         <object_component_ref idref="oc-5d2"/>
      </symbol>
      <symbol id="sm-59c">
         <name>C$$EXIT</name>
         <value>0xf814</value>
         <object_component_ref idref="oc-2fc"/>
      </symbol>
      <symbol id="sm-59d">
         <name>abort</name>
         <value>0xf814</value>
         <object_component_ref idref="oc-2fc"/>
      </symbol>
      <symbol id="sm-5b7">
         <name>__mspabi_fltlid</name>
         <value>0xea3e</value>
         <object_component_ref idref="oc-5d5"/>
      </symbol>
      <symbol id="sm-5cc">
         <name>__mspabi_fltuld</name>
         <value>0xed1e</value>
         <object_component_ref idref="oc-56b"/>
      </symbol>
      <symbol id="sm-5ed">
         <name>__TI_frcaddd</name>
         <value>0xd864</value>
         <object_component_ref idref="oc-5be"/>
      </symbol>
      <symbol id="sm-608">
         <name>__TI_frcdivd</name>
         <value>0xcc10</value>
         <object_component_ref idref="oc-511"/>
      </symbol>
      <symbol id="sm-623">
         <name>__mspabi_subf</name>
         <value>0xdfea</value>
         <object_component_ref idref="oc-461"/>
      </symbol>
      <symbol id="sm-624">
         <name>__mspabi_addf</name>
         <value>0xdff0</value>
         <object_component_ref idref="oc-461"/>
      </symbol>
      <symbol id="sm-634">
         <name>__mspabi_cmpf</name>
         <value>0xf142</value>
         <object_component_ref idref="oc-434"/>
      </symbol>
      <symbol id="sm-646">
         <name>__mspabi_divf</name>
         <value>0xec02</value>
         <object_component_ref idref="oc-584"/>
      </symbol>
      <symbol id="sm-653">
         <name>__mspabi_fltif</name>
         <value>0xf424</value>
         <object_component_ref idref="oc-45c"/>
      </symbol>
      <symbol id="sm-66a">
         <name>__mspabi_mpyf</name>
         <value>0xe6cc</value>
         <object_component_ref idref="oc-466"/>
      </symbol>
      <symbol id="sm-673">
         <name>__mspabi_negf</name>
         <value>0xf7f0</value>
         <object_component_ref idref="oc-452"/>
      </symbol>
      <symbol id="sm-685">
         <name>__mspabi_fixfi</name>
         <value>0xef70</value>
         <object_component_ref idref="oc-457"/>
      </symbol>
      <symbol id="sm-691">
         <name>__mspabi_fltulf</name>
         <value>0xf45a</value>
         <object_component_ref idref="oc-57f"/>
      </symbol>
      <symbol id="sm-69c">
         <name>__mspabi_fltuf</name>
         <value>0xf5ba</value>
         <object_component_ref idref="oc-4cc"/>
      </symbol>
      <symbol id="sm-69f">
         <name>__TI_int41</name>
         <value>0xffda</value>
         <object_component_ref idref="oc-74"/>
      </symbol>
      <symbol id="sm-6a2">
         <name>__TI_int42</name>
         <value>0xffdc</value>
         <object_component_ref idref="oc-75"/>
      </symbol>
      <symbol id="sm-6a5">
         <name>__TI_int43</name>
         <value>0xffde</value>
         <object_component_ref idref="oc-76"/>
      </symbol>
      <symbol id="sm-6a8">
         <name>__TI_int45</name>
         <value>0xffe2</value>
         <object_component_ref idref="oc-78"/>
      </symbol>
      <symbol id="sm-6ab">
         <name>__TI_int46</name>
         <value>0xffe4</value>
         <object_component_ref idref="oc-79"/>
      </symbol>
      <symbol id="sm-6ae">
         <name>__TI_int48</name>
         <value>0xffe8</value>
         <object_component_ref idref="oc-7b"/>
      </symbol>
      <symbol id="sm-6b1">
         <name>__TI_int49</name>
         <value>0xffea</value>
         <object_component_ref idref="oc-7c"/>
      </symbol>
      <symbol id="sm-6b4">
         <name>__TI_int50</name>
         <value>0xffec</value>
         <object_component_ref idref="oc-7d"/>
      </symbol>
      <symbol id="sm-6b7">
         <name>__TI_int51</name>
         <value>0xffee</value>
         <object_component_ref idref="oc-7e"/>
      </symbol>
      <symbol id="sm-6ba">
         <name>__TI_int52</name>
         <value>0xfff0</value>
         <object_component_ref idref="oc-7f"/>
      </symbol>
      <symbol id="sm-6bd">
         <name>__TI_int53</name>
         <value>0xfff2</value>
         <object_component_ref idref="oc-80"/>
      </symbol>
      <symbol id="sm-6c0">
         <name>__TI_int54</name>
         <value>0xfff4</value>
         <object_component_ref idref="oc-81"/>
      </symbol>
      <symbol id="sm-6c3">
         <name>__TI_int55</name>
         <value>0xfff6</value>
         <object_component_ref idref="oc-82"/>
      </symbol>
      <symbol id="sm-6c6">
         <name>__TI_int56</name>
         <value>0xfff8</value>
         <object_component_ref idref="oc-83"/>
      </symbol>
      <symbol id="sm-6c9">
         <name>__TI_int57</name>
         <value>0xfffa</value>
         <object_component_ref idref="oc-84"/>
      </symbol>
      <symbol id="sm-6cc">
         <name>__TI_int58</name>
         <value>0xfffc</value>
         <object_component_ref idref="oc-85"/>
      </symbol>
      <symbol id="sm-6d4">
         <name>__TI_ISR_TRAP</name>
         <value>0xf804</value>
         <object_component_ref idref="oc-2bd"/>
      </symbol>
      <symbol id="sm-6e4">
         <name>__mspabi_slll_9</name>
         <value>0xf2a0</value>
         <object_component_ref idref="oc-526"/>
      </symbol>
      <symbol id="sm-6e5">
         <name>__mspabi_slll_8</name>
         <value>0xf2a4</value>
         <object_component_ref idref="oc-526"/>
      </symbol>
      <symbol id="sm-6e6">
         <name>__mspabi_slll_7</name>
         <value>0xf2a8</value>
         <object_component_ref idref="oc-526"/>
      </symbol>
      <symbol id="sm-6e7">
         <name>__mspabi_slll_6</name>
         <value>0xf2ac</value>
         <object_component_ref idref="oc-526"/>
      </symbol>
      <symbol id="sm-6e8">
         <name>__mspabi_slll_5</name>
         <value>0xf2b0</value>
         <object_component_ref idref="oc-526"/>
      </symbol>
      <symbol id="sm-6e9">
         <name>__mspabi_slll_4</name>
         <value>0xf2b4</value>
         <object_component_ref idref="oc-526"/>
      </symbol>
      <symbol id="sm-6ea">
         <name>__mspabi_slll_3</name>
         <value>0xf2b8</value>
         <object_component_ref idref="oc-526"/>
      </symbol>
      <symbol id="sm-6eb">
         <name>__mspabi_slll_2</name>
         <value>0xf2bc</value>
         <object_component_ref idref="oc-526"/>
      </symbol>
      <symbol id="sm-6ec">
         <name>__mspabi_slll_1</name>
         <value>0xf2c0</value>
         <object_component_ref idref="oc-526"/>
      </symbol>
      <symbol id="sm-6ed">
         <name>__mspabi_slll</name>
         <value>0xf794</value>
         <object_component_ref idref="oc-5f6"/>
      </symbol>
      <symbol id="sm-6ee">
         <name>__mspabi_slll_15</name>
         <value>0xf288</value>
         <object_component_ref idref="oc-526"/>
      </symbol>
      <symbol id="sm-6ef">
         <name>__mspabi_slll_14</name>
         <value>0xf28c</value>
         <object_component_ref idref="oc-526"/>
      </symbol>
      <symbol id="sm-6f0">
         <name>__mspabi_slll_13</name>
         <value>0xf290</value>
         <object_component_ref idref="oc-526"/>
      </symbol>
      <symbol id="sm-6f1">
         <name>__mspabi_slll_12</name>
         <value>0xf294</value>
         <object_component_ref idref="oc-526"/>
      </symbol>
      <symbol id="sm-6f2">
         <name>__mspabi_slll_11</name>
         <value>0xf298</value>
         <object_component_ref idref="oc-526"/>
      </symbol>
      <symbol id="sm-6f3">
         <name>__mspabi_slll_10</name>
         <value>0xf29c</value>
         <object_component_ref idref="oc-526"/>
      </symbol>
      <symbol id="sm-703">
         <name>__mspabi_srll_8</name>
         <value>0xf2e2</value>
         <object_component_ref idref="oc-596"/>
      </symbol>
      <symbol id="sm-704">
         <name>__mspabi_srll_9</name>
         <value>0xf2de</value>
         <object_component_ref idref="oc-596"/>
      </symbol>
      <symbol id="sm-705">
         <name>__mspabi_srll_6</name>
         <value>0xf2ea</value>
         <object_component_ref idref="oc-596"/>
      </symbol>
      <symbol id="sm-706">
         <name>__mspabi_srll_7</name>
         <value>0xf2e6</value>
         <object_component_ref idref="oc-596"/>
      </symbol>
      <symbol id="sm-707">
         <name>__mspabi_srll_4</name>
         <value>0xf2f2</value>
         <object_component_ref idref="oc-596"/>
      </symbol>
      <symbol id="sm-708">
         <name>__mspabi_srll_5</name>
         <value>0xf2ee</value>
         <object_component_ref idref="oc-596"/>
      </symbol>
      <symbol id="sm-709">
         <name>__mspabi_srll_2</name>
         <value>0xf2fa</value>
         <object_component_ref idref="oc-596"/>
      </symbol>
      <symbol id="sm-70a">
         <name>__mspabi_srll_3</name>
         <value>0xf2f6</value>
         <object_component_ref idref="oc-596"/>
      </symbol>
      <symbol id="sm-70b">
         <name>__mspabi_srll_1</name>
         <value>0xf2fe</value>
         <object_component_ref idref="oc-596"/>
      </symbol>
      <symbol id="sm-70c">
         <name>__mspabi_srll_15</name>
         <value>0xf2c6</value>
         <object_component_ref idref="oc-596"/>
      </symbol>
      <symbol id="sm-70d">
         <name>__mspabi_srll_14</name>
         <value>0xf2ca</value>
         <object_component_ref idref="oc-596"/>
      </symbol>
      <symbol id="sm-70e">
         <name>__mspabi_srll_13</name>
         <value>0xf2ce</value>
         <object_component_ref idref="oc-596"/>
      </symbol>
      <symbol id="sm-70f">
         <name>__mspabi_srll_12</name>
         <value>0xf2d2</value>
         <object_component_ref idref="oc-596"/>
      </symbol>
      <symbol id="sm-710">
         <name>__mspabi_srll_11</name>
         <value>0xf2d6</value>
         <object_component_ref idref="oc-596"/>
      </symbol>
      <symbol id="sm-711">
         <name>__mspabi_srll_10</name>
         <value>0xf2da</value>
         <object_component_ref idref="oc-596"/>
      </symbol>
      <symbol id="sm-712">
         <name>__mspabi_srll</name>
         <value>0xf7a4</value>
         <object_component_ref idref="oc-5fb"/>
      </symbol>
      <symbol id="sm-726">
         <name>memcpy</name>
         <value>0xf760</value>
         <object_component_ref idref="oc-3d1"/>
      </symbol>
      <symbol id="sm-770">
         <name>_sys_memory</name>
         <value>0x20d8</value>
         <object_component_ref idref="oc-2a3"/>
      </symbol>
      <symbol id="sm-771">
         <name>calloc</name>
         <value>0xf542</value>
         <object_component_ref idref="oc-4a5"/>
      </symbol>
      <symbol id="sm-772">
         <name>malloc</name>
         <value>0xe8e8</value>
         <object_component_ref idref="oc-538"/>
      </symbol>
      <symbol id="sm-773">
         <name>minit</name>
         <value>0xf3ec</value>
         <object_component_ref idref="oc-5ae"/>
      </symbol>
      <symbol id="sm-781">
         <name>memset</name>
         <value>0xf726</value>
         <object_component_ref idref="oc-53f"/>
      </symbol>
      <symbol id="sm-7a2">
         <name>__mspabi_mpyd</name>
         <value>0xd5e4</value>
         <object_component_ref idref="oc-445"/>
      </symbol>
      <symbol id="sm-7ac">
         <name>__mspabi_mpyi_f5hw</name>
         <value>0xf6e2</value>
         <object_component_ref idref="oc-3cc"/>
      </symbol>
      <symbol id="sm-7b6">
         <name>__mspabi_mpyl_f5hw</name>
         <value>0xf5de</value>
         <object_component_ref idref="oc-59b"/>
      </symbol>
      <symbol id="sm-7c0">
         <name>_system_pre_init</name>
         <value>0xf826</value>
         <object_component_ref idref="oc-2d4"/>
      </symbol>
      <symbol id="sm-7d4">
         <name>__TI_renormd</name>
         <value>0xe784</value>
         <object_component_ref idref="oc-605"/>
      </symbol>
      <symbol id="sm-7dd">
         <name>__mspabi_subd</name>
         <value>0xf48c</value>
         <object_component_ref idref="oc-5c9"/>
      </symbol>
      <symbol id="sm-7f3">
         <name>_nop</name>
         <value>0xf82a</value>
         <object_component_ref idref="oc-3ef"/>
      </symbol>
      <symbol id="sm-7f4">
         <name>_lock</name>
         <value>0x20cc</value>
         <object_component_ref idref="oc-33f"/>
      </symbol>
      <symbol id="sm-7f5">
         <name>_unlock</name>
         <value>0x20d0</value>
         <object_component_ref idref="oc-348"/>
      </symbol>
      <symbol id="sm-806">
         <name>__mspabi_sral</name>
         <value>0xf784</value>
         <object_component_ref idref="oc-600"/>
      </symbol>
      <symbol id="sm-807">
         <name>__mspabi_sral_15</name>
         <value>0xf24a</value>
         <object_component_ref idref="oc-506"/>
      </symbol>
      <symbol id="sm-808">
         <name>__mspabi_sral_14</name>
         <value>0xf24e</value>
         <object_component_ref idref="oc-506"/>
      </symbol>
      <symbol id="sm-809">
         <name>__mspabi_sral_13</name>
         <value>0xf252</value>
         <object_component_ref idref="oc-506"/>
      </symbol>
      <symbol id="sm-80a">
         <name>__mspabi_sral_12</name>
         <value>0xf256</value>
         <object_component_ref idref="oc-506"/>
      </symbol>
      <symbol id="sm-80b">
         <name>__mspabi_sral_11</name>
         <value>0xf25a</value>
         <object_component_ref idref="oc-506"/>
      </symbol>
      <symbol id="sm-80c">
         <name>__mspabi_sral_10</name>
         <value>0xf25e</value>
         <object_component_ref idref="oc-506"/>
      </symbol>
      <symbol id="sm-80d">
         <name>__mspabi_sral_8</name>
         <value>0xf266</value>
         <object_component_ref idref="oc-506"/>
      </symbol>
      <symbol id="sm-80e">
         <name>__mspabi_sral_9</name>
         <value>0xf262</value>
         <object_component_ref idref="oc-506"/>
      </symbol>
      <symbol id="sm-80f">
         <name>__mspabi_sral_6</name>
         <value>0xf26e</value>
         <object_component_ref idref="oc-506"/>
      </symbol>
      <symbol id="sm-810">
         <name>__mspabi_sral_7</name>
         <value>0xf26a</value>
         <object_component_ref idref="oc-506"/>
      </symbol>
      <symbol id="sm-811">
         <name>__mspabi_sral_4</name>
         <value>0xf276</value>
         <object_component_ref idref="oc-506"/>
      </symbol>
      <symbol id="sm-812">
         <name>__mspabi_sral_5</name>
         <value>0xf272</value>
         <object_component_ref idref="oc-506"/>
      </symbol>
      <symbol id="sm-813">
         <name>__mspabi_sral_2</name>
         <value>0xf27e</value>
         <object_component_ref idref="oc-506"/>
      </symbol>
      <symbol id="sm-814">
         <name>__mspabi_sral_3</name>
         <value>0xf27a</value>
         <object_component_ref idref="oc-506"/>
      </symbol>
      <symbol id="sm-815">
         <name>__mspabi_sral_1</name>
         <value>0xf282</value>
         <object_component_ref idref="oc-506"/>
      </symbol>
      <symbol id="sm-836">
         <name>_auto_init_hold_wdt</name>
         <value>0xeadc</value>
         <object_component_ref idref="oc-2da"/>
      </symbol>
      <symbol id="sm-850">
         <name>__mspabi_cmpd</name>
         <value>0xe526</value>
         <object_component_ref idref="oc-5db"/>
      </symbol>
      <symbol id="sm-867">
         <name>copy_in</name>
         <value>0xe836</value>
         <object_component_ref idref="oc-327"/>
      </symbol>
      <symbol id="sm-878">
         <name>__TI_frcmpyd</name>
         <value>0xd35e</value>
         <object_component_ref idref="oc-51e"/>
      </symbol>
      <symbol id="sm-881">
         <name>_system_post_cinit</name>
         <value>0xf82c</value>
         <object_component_ref idref="oc-32d"/>
      </symbol>
      <symbol id="sm-885">
         <name>__TI_BINIT_Base</name>
         <value>0x0</value>
      </symbol>
      <symbol id="sm-886">
         <name>__TI_BINIT_Limit</name>
         <value>0x0</value>
      </symbol>
      <symbol id="sm-887">
         <name>__TI_INITARRAY_Base</name>
         <value>0x0</value>
      </symbol>
      <symbol id="sm-888">
         <name>__TI_INITARRAY_Limit</name>
         <value>0x0</value>
      </symbol>
   </symbol_table>
   <title>Link successful</title>
</link_info>
